<html>
<body>
<pre>
<h1>礦ision Build Log</h1>
<h2>Tool Versions:</h2>
IDE-Version: μVision V5.38.0.0
Copyright (C) 2022 ARM Ltd and ARM Germany GmbH. All rights reserved.
License Information: lj Administrator, JK, LIC=WHYH9-4ZW6G-TG17T-R739D-ZWPZ5-PK2TP
 
Tool Versions:
Toolchain:       MDK-ARM Plus  Version: 5.38.0.0
Toolchain Path:  C:\Keil_v5\ARM\ARMCC\Bin
C Compiler:      Armcc.exe V5.06 update 4 (build 422)
Assembler:       Armasm.exe V5.06 update 4 (build 422)
Linker/Locator:  ArmLink.exe V5.06 update 4 (build 422)
Library Manager: ArmAr.exe V5.06 update 4 (build 422)
Hex Converter:   FromElf.exe V5.06 update 4 (build 422)
CPU DLL:         SARMCM3.DLL V5.38.0.0
Dialog DLL:      DCM.DLL V1.17.5.0
Target DLL:      Segger\JL2CM3.dll V2.99.42.0
Dialog DLL:      TCM.DLL V1.56.4.0
 
<h2>Project:</h2>
H:\JK1222\Project\RVMDK（uv5）\BH-F429.uvprojx
Project File Date:  06/25/2023

<h2>Output:</h2>
*** Using Compiler 'V5.06 update 4 (build 422)', folder: 'C:\Keil_v5\ARM\ARMCC\Bin'
Build target '工程模板'
compiling stm32f4xx_cryp.c...
compiling misc.c...
compiling stm32f4xx_adc.c...
compiling stm32f4xx_crc.c...
compiling stm32f4xx_can.c...
compiling system_stm32f4xx.c...
compiling stm32f4xx_cec.c...
compiling stm32f4xx_cryp_aes.c...
compiling stm32f4xx_dbgmcu.c...
compiling stm32f4xx_dcmi.c...
compiling stm32f4xx_dma.c...
compiling stm32f4xx_cryp_tdes.c...
compiling stm32f4xx_exti.c...
compiling stm32f4xx_cryp_des.c...
compiling stm32f4xx_dma2d.c...
compiling stm32f4xx_dac.c...
compiling stm32f4xx_fmpi2c.c...
compiling stm32f4xx_hash_sha1.c...
compiling stm32f4xx_hash.c...
compiling stm32f4xx_gpio.c...
compiling stm32f4xx_flash_ramfunc.c...
compiling stm32f4xx_flash.c...
compiling stm32f4xx_hash_md5.c...
compiling stm32f4xx_fmc.c...
compiling stm32f4xx_i2c.c...
compiling stm32f4xx_qspi.c...
compiling stm32f4xx_ltdc.c...
compiling stm32f4xx_iwdg.c...
compiling stm32f4xx_rng.c...
compiling stm32f4xx_pwr.c...
compiling stm32f4xx_rcc.c...
compiling stm32f4xx_rtc.c...
compiling stm32f4xx_sai.c...
compiling stm32f4xx_spdifrx.c...
compiling stm32f4xx_syscfg.c...
compiling stm32f4xx_sdio.c...
compiling stm32f4xx_spi.c...
compiling stm32f4xx_usart.c...
compiling stm32f4xx_tim.c...
compiling stm32f4xx_wwdg.c...
compiling main.c...
compiling keyboard.c...
..\..\HARDWARE\keyboard.c(168): warning:  #111-D: statement is unreachable
  			}break;
..\..\HARDWARE\keyboard.c(209): warning:  #111-D: statement is unreachable
  			}break;
..\..\HARDWARE\keyboard.c(377): warning:  #111-D: statement is unreachable
  			}break;
..\..\HARDWARE\keyboard.c(430): warning:  #111-D: statement is unreachable
  			}break;
..\..\HARDWARE\keyboard.c(468): warning:  #940-D: missing return statement at end of non-void function "Encoder_Process" 
  }
..\..\HARDWARE\keyboard.c(9): warning:  #177-D: variable "ContinueKeyTicks"  was declared but never referenced
  static u8 ContinueKeyTicks;//持续按键节拍
..\..\HARDWARE\keyboard.c: 6 warnings, 0 errors
compiling GPIO.C...
compiling pbdata.c...
compiling stm32f4xx_it.c...
..\..\User\stm32f4xx_it.c(58): warning:  #177-D: function "MODS_03H"  was declared but never referenced
  static void MODS_03H(void);
..\..\User\stm32f4xx_it.c(59): warning:  #177-D: function "MODS_06H"  was declared but never referenced
  static void MODS_06H(void);
..\..\User\stm32f4xx_it.c(60): warning:  #177-D: function "RemTrig"  was declared but never referenced
  static void RemTrig(void);
..\..\User\stm32f4xx_it.c: 3 warnings, 0 errors
compiling bsp_lcd.c...
..\..\User\hzk.h(1100): warning:  #375-D: declaration requires a typedef name
  };
..\..\HARDWARE\lcd\bsp_lcd.c: 1 warning, 0 errors
compiling user.c...
..\..\User\user.c(1785): warning:  #177-D: variable "pt"  was declared but never referenced
      const u8 (*pt)[sizeof(Bat_Setitem[0])];
..\..\User\user.c(1832): warning:  #177-D: variable "pt"  was declared but never referenced
  	const u8 (*pt)[sizeof(List_Setitem[0])];
..\..\User\user.c(1915): warning:  #177-D: variable "ppt"  was declared but never referenced
      const u8 (*ppt)[11];
..\..\User\user.c(2147): warning:  #177-D: variable "ppt"  was declared but never referenced
      const u8 (*ppt)[11];
..\..\User\user.c(2148): warning:  #177-D: variable "pt"  was declared but never referenced
      const u8 (*pt)[7];
..\..\User\user.c(2220): warning:  #177-D: variable "ppt"  was declared but never referenced
      const u8 (*ppt)[11];
..\..\User\user.c(2509): warning:  #177-D: variable "ppt"  was declared but never referenced
      const u8 (*ppt)[11];
..\..\User\user.c(2710): warning:  #177-D: variable "ppt"  was declared but never referenced
  	const u8 (*ppt)[11];
..\..\User\user.c(2914): warning:  #177-D: variable "ppt"  was declared but never referenced
  	const u8 (*ppt)[11];
..\..\User\user.c(3605): warning:  #177-D: variable "pt1"  was declared but never referenced
  	const u8 (*pt1)[8];
..\..\User\user.c(3606): warning:  #177-D: variable "ppt"  was declared but never referenced
      const u8 (*ppt)[11];
..\..\User\user.c(3989): warning:  #177-D: variable "pt1"  was declared but never referenced
  	const u8 (*pt1)[8];
..\..\User\user.c(3990): warning:  #177-D: variable "ppt"  was declared but never referenced
      const u8 (*ppt)[11];
..\..\User\user.c(4404): warning:  #167-D: argument of type "char *" is incompatible with parameter of type "const uint8_t *"
  	WriteString_16(
IST2+90+40, 
IRSTLINE+
PACE1*8, snbuf,  0);
..\..\User\user.c(4850): warning:  #177-D: variable "key_count"  was declared but never referenced
      char key_count=0;
..\..\User\user.c(6404): warning:  #167-D: argument of type "u8 *" is incompatible with parameter of type "char *restrict"
  		sprintf(bmpname,"0:20%0.2d%0.2d%0.2d%0.2d%0.2d%0.2d.bmp", 
..\..\User\user.c: 16 warnings, 0 errors
compiling test.c...
..\..\User\test.c(1033): warning:  #177-D: variable "textbuf"  was declared but never referenced
  	u8 textbuf[50];
..\..\User\test.c(2480): warning:  #177-D: variable "oldskip"  was declared but never referenced
  	static u32 oldskip;
..\..\User\test.c(2481): warning:  #177-D: variable "sendbuf"  was declared but never referenced
  	char sendbuf[24];
..\..\User\test.c(2484): warning:  #177-D: variable "fnum"  was declared but never referenced
      UINT fnum;
..\..\User\test.c(2486): warning:  #177-D: variable "color"  was declared but never referenced
      u32 color;
..\..\User\test.c(3100): warning:  #177-D: variable "oldskip"  was declared but never referenced
  	static u32 oldskip;
..\..\User\test.c(3101): warning:  #177-D: variable "sendbuf"  was declared but never referenced
  	char sendbuf[24];
..\..\User\test.c(3105): warning:  #177-D: variable "fnum"  was declared but never referenced
      UINT fnum;
..\..\User\test.c(3106): warning:  #177-D: variable "color"  was declared but never referenced
      u32 color;
..\..\User\test.c(3419): warning:  #177-D: variable "oldskip"  was declared but never referenced
  	static u32 oldskip;
..\..\User\test.c(3420): warning:  #177-D: variable "sendbuf"  was declared but never referenced
  	char sendbuf[24];
..\..\User\test.c(3423): warning:  #177-D: variable "fnum"  was declared but never referenced
      UINT fnum;
..\..\User\test.c(3425): warning:  #177-D: variable "color"  was declared but never referenced
      u32 color;
..\..\User\test.c(4046): warning:  #177-D: variable "oldskip"  was declared but never referenced
  	static u32 oldskip;
..\..\User\test.c(4047): warning:  #177-D: variable "sendbuf"  was declared but never referenced
  	char sendbuf[24];
..\..\User\test.c(4050): warning:  #177-D: variable "fnum"  was declared but never referenced
      UINT fnum;
..\..\User\test.c(4052): warning:  #177-D: variable "color"  was declared but never referenced
      u32 color;
..\..\User\test.c(4531): warning:  #177-D: variable "oldskip"  was declared but never referenced
  	static u32 oldskip;
..\..\User\test.c(4532): warning:  #177-D: variable "sendbuf"  was declared but never referenced
  	char sendbuf[24];
..\..\User\test.c(4535): warning:  #177-D: variable "fnum"  was declared but never referenced
  	UINT fnum;
..\..\User\test.c(4537): warning:  #177-D: variable "color"  was declared but never referenced
  	u32 color;
..\..\User\test.c(5573): warning:  #177-D: variable "a"  was declared but never referenced
      float a,b;
..\..\User\test.c(5573): warning:  #177-D: variable "b"  was declared but never referenced
      float a,b;
..\..\User\test.c: 23 warnings, 0 errors
compiling fonts.c...
compiling bsp_basic_tim.c...
..\..\HARDWARE\tim\bsp_basic_tim.c(89): warning:  #177-D: variable "addr"  was declared but never referenced
  	uint16_t addr;
..\..\HARDWARE\tim\bsp_basic_tim.c(90): warning:  #177-D: variable "crc1"  was declared but never referenced
  	static uint16_t crc1;
..\..\HARDWARE\tim\bsp_basic_tim.c: 2 warnings, 0 errors
compiling bsp_general_tim.c...
compiling bsp_spi_flash.c...
compiling bsp_sdram.c...
compiling bsp_SysTick.c...
compiling bsp_debug_usart.c...
..\..\HARDWARE\usart\bsp_debug_usart.c(542): warning:  #940-D: missing return statement at end of non-void function "MODS_WriteRegValue" 
  }
..\..\HARDWARE\usart\bsp_debug_usart.c: 1 warning, 0 errors
compiling bsp_adc.c...
compiling flash_eerom.c...
compiling bsp_exti.c...
compiling bsp_rtc.c...
compiling usb_bsp.c...
compiling bsp_bmp.c...
compiling diskio.c...
compiling flash_if.c...
compiling usbh_usr.c...
compiling usbh_it.c...
compiling usb_hcd_int.c...
compiling usb_hcd.c...
compiling usbh_hcs.c...
compiling usb_core.c...
compiling usbh_core.c...
compiling usbh_ioreq.c...
compiling usbh_stdreq.c...
compiling usbh_msc_bot.c...
compiling usbh_msc_core.c...
compiling usbh_msc_scsi.c...
linking...
Program Size: Code=108192 RO-data=629960 RW-data=724 ZI-data=97500  
FromELF: creating hex file...
After Build - User command #1: C:\Keil_v5\ARM\ARMCC\bin\fromelf.exe --bin -o ..\..\Output\update.bin ..\..\Output\Template.axf
"..\..\Output\Template.axf" - 0 Error(s), 52 Warning(s).

<h2>Software Packages used:</h2>

Package Vendor: Keil
                https://www.keil.com/pack/Keil.STM32F4xx_DFP.2.17.0.pack
                Keil.STM32F4xx_DFP.2.17.0
                STMicroelectronics STM32F4 Series Device Support, Drivers and Examples

<h2>Collection of Component include folders:</h2>
  C:/Keil_v5/ARM/PACK/Keil/STM32F4xx_DFP/2.17.0/Drivers/CMSIS/Device/ST/STM32F4xx/Include

<h2>Collection of Component Files used:</h2>
Build Time Elapsed:  00:00:20
</pre>
</body>
</html>
