<html>
<body>
<pre>
<h1>µVision Build Log</h1>
<h2>Tool Versions:</h2>
IDE-Version: ¦ÌVision V5.38.0.0
Copyright (C) 2022 ARM Ltd and ARM Germany GmbH. All rights reserved.
License Information: lj Administrator, JK, LIC=WHYH9-4ZW6G-TG17T-R739D-ZWPZ5-PK2TP
 
Tool Versions:
Toolchain:       MDK-ARM Plus  Version: 5.38.0.0
Toolchain Path:  C:\Keil_v5\ARM\ARMCC\Bin
C Compiler:      Armcc.exe V5.06 update 4 (build 422)
Assembler:       Armasm.exe V5.06 update 4 (build 422)
Linker/Locator:  ArmLink.exe V5.06 update 4 (build 422)
Library Manager: ArmAr.exe V5.06 update 4 (build 422)
Hex Converter:   FromElf.exe V5.06 update 4 (build 422)
CPU DLL:         SARMCM3.DLL V5.38.0.0
Dialog DLL:      DCM.DLL V1.17.5.0
Target DLL:      Segger\JL2CM3.dll V2.99.42.0
Dialog DLL:      TCM.DLL V1.56.4.0
 
<h2>Project:</h2>
H:\JK1222\Project\RVMDK£¨uv5£©\BH-F429.uvprojx
Project File Date:  04/06/2024

<h2>Output:</h2>
*** Using Compiler 'V5.06 update 4 (build 422)', folder: 'C:\Keil_v5\ARM\ARMCC\Bin'
Build target '¹¤³ÌÄ£°å'
compiling test.c...
..\..\User\test.c(1128): warning:  #177-D: variable "textbuf"  was declared but never referenced
  	u8 textbuf[50];
..\..\User\test.c(2613): warning:  #177-D: variable "oldskip"  was declared but never referenced
  	static u32 oldskip;
..\..\User\test.c(2614): warning:  #177-D: variable "sendbuf"  was declared but never referenced
  	char sendbuf[24];
..\..\User\test.c(2617): warning:  #177-D: variable "fnum"  was declared but never referenced
      UINT fnum;
..\..\User\test.c(2619): warning:  #177-D: variable "color"  was declared but never referenced
      u32 color;
..\..\User\test.c(3244): warning:  #177-D: variable "oldskip"  was declared but never referenced
  	static u32 oldskip;
..\..\User\test.c(3245): warning:  #177-D: variable "sendbuf"  was declared but never referenced
  	char sendbuf[24];
..\..\User\test.c(3249): warning:  #177-D: variable "fnum"  was declared but never referenced
      UINT fnum;
..\..\User\test.c(3250): warning:  #177-D: variable "color"  was declared but never referenced
      u32 color;
..\..\User\test.c(3563): warning:  #177-D: variable "oldskip"  was declared but never referenced
  	static u32 oldskip;
..\..\User\test.c(3564): warning:  #177-D: variable "sendbuf"  was declared but never referenced
  	char sendbuf[24];
..\..\User\test.c(3567): warning:  #177-D: variable "fnum"  was declared but never referenced
      UINT fnum;
..\..\User\test.c(3569): warning:  #177-D: variable "color"  was declared but never referenced
      u32 color;
..\..\User\test.c(4193): warning:  #177-D: variable "oldskip"  was declared but never referenced
  	static u32 oldskip;
..\..\User\test.c(4194): warning:  #177-D: variable "sendbuf"  was declared but never referenced
  	char sendbuf[24];
..\..\User\test.c(4197): warning:  #177-D: variable "fnum"  was declared but never referenced
      UINT fnum;
..\..\User\test.c(4199): warning:  #177-D: variable "color"  was declared but never referenced
      u32 color;
..\..\User\test.c(4679): warning:  #177-D: variable "oldskip"  was declared but never referenced
  	static u32 oldskip;
..\..\User\test.c(4680): warning:  #177-D: variable "sendbuf"  was declared but never referenced
  	char sendbuf[24];
..\..\User\test.c(4683): warning:  #177-D: variable "fnum"  was declared but never referenced
  	UINT fnum;
..\..\User\test.c(4685): warning:  #177-D: variable "color"  was declared but never referenced
  	u32 color;
..\..\User\test.c(5722): warning:  #177-D: variable "a"  was declared but never referenced
      float a,b;
..\..\User\test.c(5722): warning:  #177-D: variable "b"  was declared but never referenced
      float a,b;
..\..\User\test.c: 23 warnings, 0 errors
linking...
Program Size: Code=128644 RO-data=633784 RW-data=940 ZI-data=98468  
FromELF: creating hex file...
After Build - User command #1: C:\Keil_v5\ARM\ARMCC\bin\fromelf.exe --bin -o ..\..\Output\update.bin ..\..\Output\Template.axf
"..\..\Output\Template.axf" - 0 Error(s), 23 Warning(s).

<h2>Software Packages used:</h2>

Package Vendor: Keil
                https://www.keil.com/pack/Keil.STM32F4xx_DFP.2.17.0.pack
                Keil.STM32F4xx_DFP.2.17.0
                STMicroelectronics STM32F4 Series Device Support, Drivers and Examples

<h2>Collection of Component include folders:</h2>
  C:/Keil_v5/ARM/PACK/Keil/STM32F4xx_DFP/2.17.0/Drivers/CMSIS/Device/ST/STM32F4xx/Include

<h2>Collection of Component Files used:</h2>
Build Time Elapsed:  00:00:04
</pre>
</body>
</html>
