<html>
<body>
<pre>
<h1>µVision Build Log</h1>
<h2>Tool Versions:</h2>
IDE-Version: ¦ÌVision V5.38.0.0
Copyright (C) 2022 ARM Ltd and ARM Germany GmbH. All rights reserved.
License Information: lj Administrator, JK, LIC=WHYH9-4ZW6G-TG17T-R739D-ZWPZ5-PK2TP
 
Tool Versions:
Toolchain:       MDK-ARM Plus  Version: 5.38.0.0
Toolchain Path:  C:\Keil_v5\ARM\ARMCC\Bin
C Compiler:      Armcc.exe V5.06 update 4 (build 422)
Assembler:       Armasm.exe V5.06 update 4 (build 422)
Linker/Locator:  ArmLink.exe V5.06 update 4 (build 422)
Library Manager: ArmAr.exe V5.06 update 4 (build 422)
Hex Converter:   FromElf.exe V5.06 update 4 (build 422)
CPU DLL:         SARMCM3.DLL V5.38.0.0
Dialog DLL:      DCM.DLL V1.17.5.0
Target DLL:      Segger\JL2CM3.dll V2.99.42.0
Dialog DLL:      TCM.DLL V1.56.4.0
 
<h2>Project:</h2>
H:\JK1222\Project\RVMDK£¨uv5£©\BH-F429.uvprojx
Project File Date:  04/15/2024

<h2>Output:</h2>
*** Using Compiler 'V5.06 update 4 (build 422)', folder: 'C:\Keil_v5\ARM\ARMCC\Bin'
Build target '¹¤³ÌÄ£°å'
compiling user.c...
..\..\User\user.c(1836): warning:  #177-D: variable "pt"  was declared but never referenced
      const u8 (*pt)[sizeof(Bat_Setitem[0])];
..\..\User\user.c(1883): warning:  #177-D: variable "pt"  was declared but never referenced
  	const u8 (*pt)[sizeof(List_Setitem[0])];
..\..\User\user.c(1966): warning:  #177-D: variable "ppt"  was declared but never referenced
      const u8 (*ppt)[11];
..\..\User\user.c(2192): warning:  #177-D: variable "ppt"  was declared but never referenced
      const u8 (*ppt)[11];
..\..\User\user.c(2193): warning:  #177-D: variable "pt"  was declared but never referenced
      const u8 (*pt)[7];
..\..\User\user.c(2265): warning:  #177-D: variable "ppt"  was declared but never referenced
      const u8 (*ppt)[11];
..\..\User\user.c(2554): warning:  #177-D: variable "ppt"  was declared but never referenced
      const u8 (*ppt)[11];
..\..\User\user.c(2755): warning:  #177-D: variable "ppt"  was declared but never referenced
  	const u8 (*ppt)[11];
..\..\User\user.c(2966): warning:  #177-D: variable "ppt"  was declared but never referenced
  	const u8 (*ppt)[11];
..\..\User\user.c(3663): warning:  #177-D: variable "pt1"  was declared but never referenced
  	const u8 (*pt1)[8];
..\..\User\user.c(3664): warning:  #177-D: variable "ppt"  was declared but never referenced
      const u8 (*ppt)[11];
..\..\User\user.c(4047): warning:  #177-D: variable "pt1"  was declared but never referenced
  	const u8 (*pt1)[8];
..\..\User\user.c(4048): warning:  #177-D: variable "ppt"  was declared but never referenced
      const u8 (*ppt)[11];
..\..\User\user.c(4477): warning:  #167-D: argument of type "char *" is incompatible with parameter of type "const uint8_t *"
  	WriteString_16(
IST2+90+40, 
IRSTLINE+
PACE1*8, snbuf,  0);
..\..\User\user.c(4960): warning:  #177-D: variable "key_count"  was declared but never referenced
      char key_count=0;
..\..\User\user.c(6555): warning:  #167-D: argument of type "u8 *" is incompatible with parameter of type "char *restrict"
  		sprintf(bmpname,"0:20%0.2d%0.2d%0.2d%0.2d%0.2d%0.2d.bmp", 
..\..\User\user.c: 16 warnings, 0 errors
compiling test.c...
..\..\User\test.c(1132): warning:  #177-D: variable "textbuf"  was declared but never referenced
  	u8 textbuf[50];
..\..\User\test.c(2617): warning:  #177-D: variable "oldskip"  was declared but never referenced
  	static u32 oldskip;
..\..\User\test.c(2618): warning:  #177-D: variable "sendbuf"  was declared but never referenced
  	char sendbuf[24];
..\..\User\test.c(2621): warning:  #177-D: variable "fnum"  was declared but never referenced
      UINT fnum;
..\..\User\test.c(2623): warning:  #177-D: variable "color"  was declared but never referenced
      u32 color;
..\..\User\test.c(3252): warning:  #177-D: variable "oldskip"  was declared but never referenced
  	static u32 oldskip;
..\..\User\test.c(3253): warning:  #177-D: variable "sendbuf"  was declared but never referenced
  	char sendbuf[24];
..\..\User\test.c(3257): warning:  #177-D: variable "fnum"  was declared but never referenced
      UINT fnum;
..\..\User\test.c(3258): warning:  #177-D: variable "color"  was declared but never referenced
      u32 color;
..\..\User\test.c(3571): warning:  #177-D: variable "oldskip"  was declared but never referenced
  	static u32 oldskip;
..\..\User\test.c(3572): warning:  #177-D: variable "sendbuf"  was declared but never referenced
  	char sendbuf[24];
..\..\User\test.c(3575): warning:  #177-D: variable "fnum"  was declared but never referenced
      UINT fnum;
..\..\User\test.c(3577): warning:  #177-D: variable "color"  was declared but never referenced
      u32 color;
..\..\User\test.c(4201): warning:  #177-D: variable "oldskip"  was declared but never referenced
  	static u32 oldskip;
..\..\User\test.c(4202): warning:  #177-D: variable "sendbuf"  was declared but never referenced
  	char sendbuf[24];
..\..\User\test.c(4205): warning:  #177-D: variable "fnum"  was declared but never referenced
      UINT fnum;
..\..\User\test.c(4207): warning:  #177-D: variable "color"  was declared but never referenced
      u32 color;
..\..\User\test.c(4687): warning:  #177-D: variable "oldskip"  was declared but never referenced
  	static u32 oldskip;
..\..\User\test.c(4688): warning:  #177-D: variable "sendbuf"  was declared but never referenced
  	char sendbuf[24];
..\..\User\test.c(4691): warning:  #177-D: variable "fnum"  was declared but never referenced
  	UINT fnum;
..\..\User\test.c(4693): warning:  #177-D: variable "color"  was declared but never referenced
  	u32 color;
..\..\User\test.c(5756): warning:  #177-D: variable "a"  was declared but never referenced
      float a,b;
..\..\User\test.c(5756): warning:  #177-D: variable "b"  was declared but never referenced
      float a,b;
..\..\User\test.c: 23 warnings, 0 errors
linking...
Program Size: Code=129852 RO-data=633864 RW-data=952 ZI-data=98504  
FromELF: creating hex file...
After Build - User command #1: C:\Keil_v5\ARM\ARMCC\bin\fromelf.exe --bin -o ..\..\Output\update.bin ..\..\Output\Template.axf
"..\..\Output\Template.axf" - 0 Error(s), 39 Warning(s).

<h2>Software Packages used:</h2>

Package Vendor: Keil
                https://www.keil.com/pack/Keil.STM32F4xx_DFP.2.17.0.pack
                Keil.STM32F4xx_DFP.2.17.0
                STMicroelectronics STM32F4 Series Device Support, Drivers and Examples

<h2>Collection of Component include folders:</h2>
  C:/Keil_v5/ARM/PACK/Keil/STM32F4xx_DFP/2.17.0/Drivers/CMSIS/Device/ST/STM32F4xx/Include

<h2>Collection of Component Files used:</h2>
Build Time Elapsed:  00:00:04
</pre>
</body>
</html>
