<!doctype html public "-//w3c//dtd html 4.0 transitional//en">
<html><head>
<title>Static Call Graph - [..\..\Output\Template.axf]</title></head>
<body><HR>
<H1>Static Call Graph for image ..\..\Output\Template.axf</H1><HR>
<BR><P>#&#060CALLGRAPH&#062# ARM Linker, 5060422: Last Updated: Sat Apr 27 12:54:45 2024
<BR><P>
<H3>Maximum Stack Usage =       1020 bytes + Unknown(Cycles, Untraceable Function Pointers)</H3><H3>
Call chain for Maximum Stack Depth:</H3>
main &rArr; UpdateProcess &rArr; f_open &rArr; dir_register &rArr; dir_find &rArr; dir_next &rArr; create_chain &rArr; put_fat &rArr; move_window &rArr; sync_window &rArr; disk_write &rArr; USBH_MSC_HandleBOTXfer &rArr; USBH_BulkSendData &rArr; HCD_SubmitRequest &rArr; USB_OTG_HC_StartXfer &rArr; USB_OTG_WritePacket
<P>
<H3>
Mutually Recursive functions
</H3> <LI><a href="#[37]">ADC_IRQHandler</a>&nbsp;&nbsp;&nbsp;&rArr;&nbsp;&nbsp;&nbsp;<a href="#[37]">ADC_IRQHandler</a><BR>
 <LI><a href="#[215]">SCPI_RegSetBits</a>&nbsp;&nbsp;&nbsp;&rArr;&nbsp;&nbsp;&nbsp;<a href="#[211]">SCPI_RegSet</a><BR>
 <LI><a href="#[220]">SCPI_RegClearBits</a>&nbsp;&nbsp;&nbsp;&rArr;&nbsp;&nbsp;&nbsp;<a href="#[211]">SCPI_RegSet</a><BR>
 <LI><a href="#[250]">regUpdateEvent</a>&nbsp;&nbsp;&nbsp;&rArr;&nbsp;&nbsp;&nbsp;<a href="#[211]">SCPI_RegSet</a><BR>
 <LI><a href="#[24e]">regUpdate</a>&nbsp;&nbsp;&nbsp;&rArr;&nbsp;&nbsp;&nbsp;<a href="#[211]">SCPI_RegSet</a><BR>
 <LI><a href="#[20b]">Test_Process</a>&nbsp;&nbsp;&nbsp;&rArr;&nbsp;&nbsp;&nbsp;<a href="#[11c]">Rec3_Handle</a><BR>
 <LI><a href="#[1cc]">List_Process</a>&nbsp;&nbsp;&nbsp;&rArr;&nbsp;&nbsp;&nbsp;<a href="#[1cc]">List_Process</a><BR>
</UL>
<P>
<H3>
Function Pointers
</H3><UL>
 <LI><a href="#[37]">ADC_IRQHandler</a> from startup_stm32f429_439xx.o(.text) referenced from startup_stm32f429_439xx.o(RESET)
 <LI><a href="#[1f]">BusFault_Handler</a> from stm32f4xx_it.o(i.BusFault_Handler) referenced from startup_stm32f429_439xx.o(RESET)
 <LI><a href="#[39]">CAN1_RX0_IRQHandler</a> from startup_stm32f429_439xx.o(.text) referenced from startup_stm32f429_439xx.o(RESET)
 <LI><a href="#[3a]">CAN1_RX1_IRQHandler</a> from startup_stm32f429_439xx.o(.text) referenced from startup_stm32f429_439xx.o(RESET)
 <LI><a href="#[3b]">CAN1_SCE_IRQHandler</a> from startup_stm32f429_439xx.o(.text) referenced from startup_stm32f429_439xx.o(RESET)
 <LI><a href="#[38]">CAN1_TX_IRQHandler</a> from startup_stm32f429_439xx.o(.text) referenced from startup_stm32f429_439xx.o(RESET)
 <LI><a href="#[65]">CAN2_RX0_IRQHandler</a> from startup_stm32f429_439xx.o(.text) referenced from startup_stm32f429_439xx.o(RESET)
 <LI><a href="#[66]">CAN2_RX1_IRQHandler</a> from startup_stm32f429_439xx.o(.text) referenced from startup_stm32f429_439xx.o(RESET)
 <LI><a href="#[67]">CAN2_SCE_IRQHandler</a> from startup_stm32f429_439xx.o(.text) referenced from startup_stm32f429_439xx.o(RESET)
 <LI><a href="#[64]">CAN2_TX_IRQHandler</a> from startup_stm32f429_439xx.o(.text) referenced from startup_stm32f429_439xx.o(RESET)
 <LI><a href="#[c1]">CCQ</a> from scpi-def.o(i.CCQ) referenced from scpi-def.o(.constdata)
 <LI><a href="#[c0]">CCSET</a> from scpi-def.o(i.CCSET) referenced from scpi-def.o(.constdata)
 <LI><a href="#[c5]">CPQ</a> from scpi-def.o(i.CPQ) referenced from scpi-def.o(.constdata)
 <LI><a href="#[b5]">CPROTECTQ</a> from scpi-def.o(i.CPROTECTQ) referenced from scpi-def.o(.constdata)
 <LI><a href="#[b4]">CPROTECTSET</a> from scpi-def.o(i.CPROTECTSET) referenced from scpi-def.o(.constdata)
 <LI><a href="#[c4]">CPSET</a> from scpi-def.o(i.CPSET) referenced from scpi-def.o(.constdata)
 <LI><a href="#[c7]">CRQ</a> from scpi-def.o(i.CRQ) referenced from scpi-def.o(.constdata)
 <LI><a href="#[c6]">CRSET</a> from scpi-def.o(i.CRSET) referenced from scpi-def.o(.constdata)
 <LI><a href="#[74]">CRYP_IRQHandler</a> from startup_stm32f429_439xx.o(.text) referenced from startup_stm32f429_439xx.o(RESET)
 <LI><a href="#[d9]">CURRENTQ</a> from scpi-def.o(i.CURRENTQ) referenced from scpi-def.o(.constdata)
 <LI><a href="#[c3]">CVQ</a> from scpi-def.o(i.CVQ) referenced from scpi-def.o(.constdata)
 <LI><a href="#[c2]">CVSET</a> from scpi-def.o(i.CVSET) referenced from scpi-def.o(.constdata)
 <LI><a href="#[73]">DCMI_IRQHandler</a> from startup_stm32f429_439xx.o(.text) referenced from startup_stm32f429_439xx.o(RESET)
 <LI><a href="#[30]">DMA1_Stream0_IRQHandler</a> from startup_stm32f429_439xx.o(.text) referenced from startup_stm32f429_439xx.o(RESET)
 <LI><a href="#[31]">DMA1_Stream1_IRQHandler</a> from startup_stm32f429_439xx.o(.text) referenced from startup_stm32f429_439xx.o(RESET)
 <LI><a href="#[32]">DMA1_Stream2_IRQHandler</a> from startup_stm32f429_439xx.o(.text) referenced from startup_stm32f429_439xx.o(RESET)
 <LI><a href="#[33]">DMA1_Stream3_IRQHandler</a> from startup_stm32f429_439xx.o(.text) referenced from startup_stm32f429_439xx.o(RESET)
 <LI><a href="#[34]">DMA1_Stream4_IRQHandler</a> from startup_stm32f429_439xx.o(.text) referenced from startup_stm32f429_439xx.o(RESET)
 <LI><a href="#[35]">DMA1_Stream5_IRQHandler</a> from startup_stm32f429_439xx.o(.text) referenced from startup_stm32f429_439xx.o(RESET)
 <LI><a href="#[36]">DMA1_Stream6_IRQHandler</a> from startup_stm32f429_439xx.o(.text) referenced from startup_stm32f429_439xx.o(RESET)
 <LI><a href="#[54]">DMA1_Stream7_IRQHandler</a> from startup_stm32f429_439xx.o(.text) referenced from startup_stm32f429_439xx.o(RESET)
 <LI><a href="#[7f]">DMA2D_IRQHandler</a> from startup_stm32f429_439xx.o(.text) referenced from startup_stm32f429_439xx.o(RESET)
 <LI><a href="#[5d]">DMA2_Stream0_IRQHandler</a> from startup_stm32f429_439xx.o(.text) referenced from startup_stm32f429_439xx.o(RESET)
 <LI><a href="#[5e]">DMA2_Stream1_IRQHandler</a> from startup_stm32f429_439xx.o(.text) referenced from startup_stm32f429_439xx.o(RESET)
 <LI><a href="#[5f]">DMA2_Stream2_IRQHandler</a> from startup_stm32f429_439xx.o(.text) referenced from startup_stm32f429_439xx.o(RESET)
 <LI><a href="#[60]">DMA2_Stream3_IRQHandler</a> from startup_stm32f429_439xx.o(.text) referenced from startup_stm32f429_439xx.o(RESET)
 <LI><a href="#[61]">DMA2_Stream4_IRQHandler</a> from startup_stm32f429_439xx.o(.text) referenced from startup_stm32f429_439xx.o(RESET)
 <LI><a href="#[69]">DMA2_Stream5_IRQHandler</a> from startup_stm32f429_439xx.o(.text) referenced from startup_stm32f429_439xx.o(RESET)
 <LI><a href="#[6a]">DMA2_Stream6_IRQHandler</a> from startup_stm32f429_439xx.o(.text) referenced from startup_stm32f429_439xx.o(RESET)
 <LI><a href="#[6b]">DMA2_Stream7_IRQHandler</a> from startup_stm32f429_439xx.o(.text) referenced from startup_stm32f429_439xx.o(RESET)
 <LI><a href="#[9d]">DMM_ConfigureVoltageDc</a> from scpi-def.o(i.DMM_ConfigureVoltageDc) referenced from scpi-def.o(.constdata)
 <LI><a href="#[9f]">DMM_MeasureVoltageAcQ</a> from scpi-def.o(i.DMM_MeasureVoltageAcQ) referenced from scpi-def.o(.constdata)
 <LI><a href="#[cb]">DYNHDQ</a> from scpi-def.o(i.DYNHDQ) referenced from scpi-def.o(.constdata)
 <LI><a href="#[ca]">DYNHDSET</a> from scpi-def.o(i.DYNHDSET) referenced from scpi-def.o(.constdata)
 <LI><a href="#[c9]">DYNHQ</a> from scpi-def.o(i.DYNHQ) referenced from scpi-def.o(.constdata)
 <LI><a href="#[c8]">DYNHSET</a> from scpi-def.o(i.DYNHSET) referenced from scpi-def.o(.constdata)
 <LI><a href="#[cf]">DYNLDQ</a> from scpi-def.o(i.DYNLDQ) referenced from scpi-def.o(.constdata)
 <LI><a href="#[ce]">DYNLDSET</a> from scpi-def.o(i.DYNLDSET) referenced from scpi-def.o(.constdata)
 <LI><a href="#[cd]">DYNLQ</a> from scpi-def.o(i.DYNLQ) referenced from scpi-def.o(.constdata)
 <LI><a href="#[cc]">DYNLSET</a> from scpi-def.o(i.DYNLSET) referenced from scpi-def.o(.constdata)
 <LI><a href="#[d7]">DYNMODEQ</a> from scpi-def.o(i.DYNMODEQ) referenced from scpi-def.o(.constdata)
 <LI><a href="#[d6]">DYNMODESET</a> from scpi-def.o(i.DYNMODESET) referenced from scpi-def.o(.constdata)
 <LI><a href="#[d5]">DYNSLEWFQ</a> from scpi-def.o(i.DYNSLEWFQ) referenced from scpi-def.o(.constdata)
 <LI><a href="#[d4]">DYNSLEWFSET</a> from scpi-def.o(i.DYNSLEWFSET) referenced from scpi-def.o(.constdata)
 <LI><a href="#[d1]">DYNSLEWQ</a> from scpi-def.o(i.DYNSLEWQ) referenced from scpi-def.o(.constdata)
 <LI><a href="#[d3]">DYNSLEWRQ</a> from scpi-def.o(i.DYNSLEWRQ) referenced from scpi-def.o(.constdata)
 <LI><a href="#[d2]">DYNSLEWRSET</a> from scpi-def.o(i.DYNSLEWRSET) referenced from scpi-def.o(.constdata)
 <LI><a href="#[d0]">DYNSLEWSET</a> from scpi-def.o(i.DYNSLEWSET) referenced from scpi-def.o(.constdata)
 <LI><a href="#[22]">DebugMon_Handler</a> from stm32f4xx_it.o(i.DebugMon_Handler) referenced from startup_stm32f429_439xx.o(RESET)
 <LI><a href="#[62]">ETH_IRQHandler</a> from startup_stm32f429_439xx.o(.text) referenced from startup_stm32f429_439xx.o(RESET)
 <LI><a href="#[63]">ETH_WKUP_IRQHandler</a> from startup_stm32f429_439xx.o(.text) referenced from startup_stm32f429_439xx.o(RESET)
 <LI><a href="#[2b]">EXTI0_IRQHandler</a> from startup_stm32f429_439xx.o(.text) referenced from startup_stm32f429_439xx.o(RESET)
 <LI><a href="#[4d]">EXTI15_10_IRQHandler</a> from stm32f4xx_it.o(i.EXTI15_10_IRQHandler) referenced from startup_stm32f429_439xx.o(RESET)
 <LI><a href="#[2c]">EXTI1_IRQHandler</a> from startup_stm32f429_439xx.o(.text) referenced from startup_stm32f429_439xx.o(RESET)
 <LI><a href="#[2d]">EXTI2_IRQHandler</a> from startup_stm32f429_439xx.o(.text) referenced from startup_stm32f429_439xx.o(RESET)
 <LI><a href="#[2e]">EXTI3_IRQHandler</a> from stm32f4xx_it.o(i.EXTI3_IRQHandler) referenced from startup_stm32f429_439xx.o(RESET)
 <LI><a href="#[2f]">EXTI4_IRQHandler</a> from startup_stm32f429_439xx.o(.text) referenced from startup_stm32f429_439xx.o(RESET)
 <LI><a href="#[3c]">EXTI9_5_IRQHandler</a> from startup_stm32f429_439xx.o(.text) referenced from startup_stm32f429_439xx.o(RESET)
 <LI><a href="#[29]">FLASH_IRQHandler</a> from startup_stm32f429_439xx.o(.text) referenced from startup_stm32f429_439xx.o(RESET)
 <LI><a href="#[55]">FMC_IRQHandler</a> from startup_stm32f429_439xx.o(.text) referenced from startup_stm32f429_439xx.o(RESET)
 <LI><a href="#[76]">FPU_IRQHandler</a> from startup_stm32f429_439xx.o(.text) referenced from startup_stm32f429_439xx.o(RESET)
 <LI><a href="#[75]">HASH_RNG_IRQHandler</a> from startup_stm32f429_439xx.o(.text) referenced from startup_stm32f429_439xx.o(RESET)
 <LI><a href="#[1d]">HardFault_Handler</a> from stm32f4xx_it.o(i.HardFault_Handler) referenced from startup_stm32f429_439xx.o(RESET)
 <LI><a href="#[45]">I2C1_ER_IRQHandler</a> from startup_stm32f429_439xx.o(.text) referenced from startup_stm32f429_439xx.o(RESET)
 <LI><a href="#[44]">I2C1_EV_IRQHandler</a> from startup_stm32f429_439xx.o(.text) referenced from startup_stm32f429_439xx.o(RESET)
 <LI><a href="#[47]">I2C2_ER_IRQHandler</a> from startup_stm32f429_439xx.o(.text) referenced from startup_stm32f429_439xx.o(RESET)
 <LI><a href="#[46]">I2C2_EV_IRQHandler</a> from startup_stm32f429_439xx.o(.text) referenced from startup_stm32f429_439xx.o(RESET)
 <LI><a href="#[6e]">I2C3_ER_IRQHandler</a> from startup_stm32f429_439xx.o(.text) referenced from startup_stm32f429_439xx.o(RESET)
 <LI><a href="#[6d]">I2C3_EV_IRQHandler</a> from startup_stm32f429_439xx.o(.text) referenced from startup_stm32f429_439xx.o(RESET)
 <LI><a href="#[a9]">INPUTQ</a> from scpi-def.o(i.INPUTQ) referenced from scpi-def.o(.constdata)
 <LI><a href="#[a8]">INPUTSET</a> from scpi-def.o(i.INPUTSET) referenced from scpi-def.o(.constdata)
 <LI><a href="#[ad]">IRANGEQ</a> from scpi-def.o(i.IRANGEQ) referenced from scpi-def.o(.constdata)
 <LI><a href="#[ac]">IRANGESET</a> from scpi-def.o(i.IRANGESET) referenced from scpi-def.o(.constdata)
 <LI><a href="#[b3]">ISLEWFQ</a> from scpi-def.o(i.ISLEWFQ) referenced from scpi-def.o(.constdata)
 <LI><a href="#[b2]">ISLEWFSET</a> from scpi-def.o(i.ISLEWFSET) referenced from scpi-def.o(.constdata)
 <LI><a href="#[af]">ISLEWQ</a> from scpi-def.o(i.ISLEWQ) referenced from scpi-def.o(.constdata)
 <LI><a href="#[b1]">ISLEWRQ</a> from scpi-def.o(i.ISLEWRQ) referenced from scpi-def.o(.constdata)
 <LI><a href="#[b0]">ISLEWRSET</a> from scpi-def.o(i.ISLEWRSET) referenced from scpi-def.o(.constdata)
 <LI><a href="#[ae]">ISLEWSET</a> from scpi-def.o(i.ISLEWSET) referenced from scpi-def.o(.constdata)
 <LI><a href="#[7e]">LTDC_ER_IRQHandler</a> from startup_stm32f429_439xx.o(.text) referenced from startup_stm32f429_439xx.o(RESET)
 <LI><a href="#[7d]">LTDC_IRQHandler</a> from startup_stm32f429_439xx.o(.text) referenced from startup_stm32f429_439xx.o(RESET)
 <LI><a href="#[bf]">MODEQ</a> from scpi-def.o(i.MODEQ) referenced 2 times from scpi-def.o(.constdata)
 <LI><a href="#[be]">MODESET</a> from scpi-def.o(i.MODESET) referenced 2 times from scpi-def.o(.constdata)
 <LI><a href="#[1e]">MemManage_Handler</a> from stm32f4xx_it.o(i.MemManage_Handler) referenced from startup_stm32f429_439xx.o(RESET)
 <LI><a href="#[94]">My_CoreTstQ</a> from scpi-def.o(i.My_CoreTstQ) referenced from scpi-def.o(.constdata)
 <LI><a href="#[1c]">NMI_Handler</a> from stm32f4xx_it.o(i.NMI_Handler) referenced from startup_stm32f429_439xx.o(RESET)
 <LI><a href="#[68]">OTG_FS_IRQHandler</a> from usbh_it.o(i.OTG_FS_IRQHandler) referenced from startup_stm32f429_439xx.o(RESET)
 <LI><a href="#[4f]">OTG_FS_WKUP_IRQHandler</a> from startup_stm32f429_439xx.o(.text) referenced from startup_stm32f429_439xx.o(RESET)
 <LI><a href="#[70]">OTG_HS_EP1_IN_IRQHandler</a> from startup_stm32f429_439xx.o(.text) referenced from startup_stm32f429_439xx.o(RESET)
 <LI><a href="#[6f]">OTG_HS_EP1_OUT_IRQHandler</a> from startup_stm32f429_439xx.o(.text) referenced from startup_stm32f429_439xx.o(RESET)
 <LI><a href="#[72]">OTG_HS_IRQHandler</a> from startup_stm32f429_439xx.o(.text) referenced from startup_stm32f429_439xx.o(RESET)
 <LI><a href="#[71]">OTG_HS_WKUP_IRQHandler</a> from startup_stm32f429_439xx.o(.text) referenced from startup_stm32f429_439xx.o(RESET)
 <LI><a href="#[da]">POWERQ</a> from scpi-def.o(i.POWERQ) referenced from scpi-def.o(.constdata)
 <LI><a href="#[b9]">PPROTECTQ</a> from scpi-def.o(i.PPROTECTQ) referenced from scpi-def.o(.constdata)
 <LI><a href="#[b8]">PPROTECTSET</a> from scpi-def.o(i.PPROTECTSET) referenced from scpi-def.o(.constdata)
 <LI><a href="#[26]">PVD_IRQHandler</a> from startup_stm32f429_439xx.o(.text) referenced from startup_stm32f429_439xx.o(RESET)
 <LI><a href="#[23]">PendSV_Handler</a> from stm32f4xx_it.o(i.PendSV_Handler) referenced from startup_stm32f429_439xx.o(RESET)
 <LI><a href="#[2a]">RCC_IRQHandler</a> from startup_stm32f429_439xx.o(.text) referenced from startup_stm32f429_439xx.o(RESET)
 <LI><a href="#[a7]">REMOTEQ</a> from scpi-def.o(i.REMOTEQ) referenced 3 times from scpi-def.o(.constdata)
 <LI><a href="#[a6]">REMOTESET</a> from scpi-def.o(i.REMOTESET) referenced 2 times from scpi-def.o(.constdata)
 <LI><a href="#[db]">RESQ</a> from scpi-def.o(i.RESQ) referenced from scpi-def.o(.constdata)
 <LI><a href="#[4e]">RTC_Alarm_IRQHandler</a> from startup_stm32f429_439xx.o(.text) referenced from startup_stm32f429_439xx.o(RESET)
 <LI><a href="#[28]">RTC_WKUP_IRQHandler</a> from bsp_rtc.o(i.RTC_WKUP_IRQHandler) referenced from startup_stm32f429_439xx.o(RESET)
 <LI><a href="#[1b]">Reset_Handler</a> from startup_stm32f429_439xx.o(.text) referenced from startup_stm32f429_439xx.o(RESET)
 <LI><a href="#[7c]">SAI1_IRQHandler</a> from startup_stm32f429_439xx.o(.text) referenced from startup_stm32f429_439xx.o(RESET)
 <LI><a href="#[89]">SCPI_CoreCls</a> from ieee488.o(i.SCPI_CoreCls) referenced from scpi-def.o(.constdata)
 <LI><a href="#[8a]">SCPI_CoreEse</a> from ieee488.o(i.SCPI_CoreEse) referenced from scpi-def.o(.constdata)
 <LI><a href="#[8b]">SCPI_CoreEseQ</a> from ieee488.o(i.SCPI_CoreEseQ) referenced from scpi-def.o(.constdata)
 <LI><a href="#[8c]">SCPI_CoreEsrQ</a> from ieee488.o(i.SCPI_CoreEsrQ) referenced from scpi-def.o(.constdata)
 <LI><a href="#[8d]">SCPI_CoreIdnQ</a> from ieee488.o(i.SCPI_CoreIdnQ) referenced from scpi-def.o(.constdata)
 <LI><a href="#[8e]">SCPI_CoreOpc</a> from ieee488.o(i.SCPI_CoreOpc) referenced from scpi-def.o(.constdata)
 <LI><a href="#[8f]">SCPI_CoreOpcQ</a> from ieee488.o(i.SCPI_CoreOpcQ) referenced from scpi-def.o(.constdata)
 <LI><a href="#[90]">SCPI_CoreRst</a> from ieee488.o(i.SCPI_CoreRst) referenced from scpi-def.o(.constdata)
 <LI><a href="#[91]">SCPI_CoreSre</a> from ieee488.o(i.SCPI_CoreSre) referenced from scpi-def.o(.constdata)
 <LI><a href="#[92]">SCPI_CoreSreQ</a> from ieee488.o(i.SCPI_CoreSreQ) referenced from scpi-def.o(.constdata)
 <LI><a href="#[93]">SCPI_CoreStbQ</a> from ieee488.o(i.SCPI_CoreStbQ) referenced from scpi-def.o(.constdata)
 <LI><a href="#[95]">SCPI_CoreWai</a> from ieee488.o(i.SCPI_CoreWai) referenced from scpi-def.o(.constdata)
 <LI><a href="#[9c]">SCPI_StatusPreset</a> from minimal.o(i.SCPI_StatusPreset) referenced from scpi-def.o(.constdata)
 <LI><a href="#[9a]">SCPI_StatusQuestionableEnable</a> from minimal.o(i.SCPI_StatusQuestionableEnable) referenced from scpi-def.o(.constdata)
 <LI><a href="#[9b]">SCPI_StatusQuestionableEnableQ</a> from minimal.o(i.SCPI_StatusQuestionableEnableQ) referenced from scpi-def.o(.constdata)
 <LI><a href="#[99]">SCPI_StatusQuestionableEventQ</a> from minimal.o(i.SCPI_StatusQuestionableEventQ) referenced from scpi-def.o(.constdata)
 <LI><a href="#[9e]">SCPI_StubQ</a> from minimal.o(i.SCPI_StubQ) referenced 7 times from scpi-def.o(.constdata)
 <LI><a href="#[97]">SCPI_SystemErrorCountQ</a> from minimal.o(i.SCPI_SystemErrorCountQ) referenced from scpi-def.o(.constdata)
 <LI><a href="#[96]">SCPI_SystemErrorNextQ</a> from minimal.o(i.SCPI_SystemErrorNextQ) referenced from scpi-def.o(.constdata)
 <LI><a href="#[98]">SCPI_SystemVersionQ</a> from minimal.o(i.SCPI_SystemVersionQ) referenced from scpi-def.o(.constdata)
 <LI><a href="#[1]">SCPI_Write</a> from test.o(i.SCPI_Write) referenced 2 times from scpi-def.o(.data)
 <LI><a href="#[56]">SDIO_IRQHandler</a> from startup_stm32f429_439xx.o(.text) referenced from startup_stm32f429_439xx.o(RESET)
 <LI><a href="#[48]">SPI1_IRQHandler</a> from startup_stm32f429_439xx.o(.text) referenced from startup_stm32f429_439xx.o(RESET)
 <LI><a href="#[49]">SPI2_IRQHandler</a> from startup_stm32f429_439xx.o(.text) referenced from startup_stm32f429_439xx.o(RESET)
 <LI><a href="#[58]">SPI3_IRQHandler</a> from startup_stm32f429_439xx.o(.text) referenced from startup_stm32f429_439xx.o(RESET)
 <LI><a href="#[79]">SPI4_IRQHandler</a> from startup_stm32f429_439xx.o(.text) referenced from startup_stm32f429_439xx.o(RESET)
 <LI><a href="#[7a]">SPI5_IRQHandler</a> from startup_stm32f429_439xx.o(.text) referenced from startup_stm32f429_439xx.o(RESET)
 <LI><a href="#[7b]">SPI6_IRQHandler</a> from startup_stm32f429_439xx.o(.text) referenced from startup_stm32f429_439xx.o(RESET)
 <LI><a href="#[21]">SVC_Handler</a> from stm32f4xx_it.o(i.SVC_Handler) referenced from startup_stm32f429_439xx.o(RESET)
 <LI><a href="#[24]">SysTick_Handler</a> from stm32f4xx_it.o(i.SysTick_Handler) referenced from startup_stm32f429_439xx.o(RESET)
 <LI><a href="#[81]">SystemInit</a> from system_stm32f4xx.o(i.SystemInit) referenced from startup_stm32f429_439xx.o(.text)
 <LI><a href="#[27]">TAMP_STAMP_IRQHandler</a> from startup_stm32f429_439xx.o(.text) referenced from startup_stm32f429_439xx.o(RESET)
 <LI><a href="#[a4]">TEST_ArbQ</a> from scpi-def.o(i.TEST_ArbQ) referenced from scpi-def.o(.constdata)
 <LI><a href="#[a0]">TEST_Bool</a> from scpi-def.o(i.TEST_Bool) referenced from scpi-def.o(.constdata)
 <LI><a href="#[a5]">TEST_Chanlst</a> from scpi-def.o(i.TEST_Chanlst) referenced from scpi-def.o(.constdata)
 <LI><a href="#[a1]">TEST_ChoiceQ</a> from scpi-def.o(i.TEST_ChoiceQ) referenced from scpi-def.o(.constdata)
 <LI><a href="#[a2]">TEST_Numbers</a> from scpi-def.o(i.TEST_Numbers) referenced from scpi-def.o(.constdata)
 <LI><a href="#[a3]">TEST_Text</a> from scpi-def.o(i.TEST_Text) referenced from scpi-def.o(.constdata)
 <LI><a href="#[3d]">TIM1_BRK_TIM9_IRQHandler</a> from startup_stm32f429_439xx.o(.text) referenced from startup_stm32f429_439xx.o(RESET)
 <LI><a href="#[40]">TIM1_CC_IRQHandler</a> from startup_stm32f429_439xx.o(.text) referenced from startup_stm32f429_439xx.o(RESET)
 <LI><a href="#[3f]">TIM1_TRG_COM_TIM11_IRQHandler</a> from startup_stm32f429_439xx.o(.text) referenced from startup_stm32f429_439xx.o(RESET)
 <LI><a href="#[3e]">TIM1_UP_TIM10_IRQHandler</a> from startup_stm32f429_439xx.o(.text) referenced from startup_stm32f429_439xx.o(RESET)
 <LI><a href="#[41]">TIM2_IRQHandler</a> from usbh_it.o(i.TIM2_IRQHandler) referenced from startup_stm32f429_439xx.o(RESET)
 <LI><a href="#[42]">TIM3_IRQHandler</a> from startup_stm32f429_439xx.o(.text) referenced from startup_stm32f429_439xx.o(RESET)
 <LI><a href="#[43]">TIM4_IRQHandler</a> from startup_stm32f429_439xx.o(.text) referenced from startup_stm32f429_439xx.o(RESET)
 <LI><a href="#[57]">TIM5_IRQHandler</a> from startup_stm32f429_439xx.o(.text) referenced from startup_stm32f429_439xx.o(RESET)
 <LI><a href="#[5b]">TIM6_DAC_IRQHandler</a> from stm32f4xx_it.o(i.TIM6_DAC_IRQHandler) referenced from startup_stm32f429_439xx.o(RESET)
 <LI><a href="#[5c]">TIM7_IRQHandler</a> from startup_stm32f429_439xx.o(.text) referenced from startup_stm32f429_439xx.o(RESET)
 <LI><a href="#[50]">TIM8_BRK_TIM12_IRQHandler</a> from startup_stm32f429_439xx.o(.text) referenced from startup_stm32f429_439xx.o(RESET)
 <LI><a href="#[53]">TIM8_CC_IRQHandler</a> from startup_stm32f429_439xx.o(.text) referenced from startup_stm32f429_439xx.o(RESET)
 <LI><a href="#[52]">TIM8_TRG_COM_TIM14_IRQHandler</a> from startup_stm32f429_439xx.o(.text) referenced from startup_stm32f429_439xx.o(RESET)
 <LI><a href="#[51]">TIM8_UP_TIM13_IRQHandler</a> from startup_stm32f429_439xx.o(.text) referenced from startup_stm32f429_439xx.o(RESET)
 <LI><a href="#[59]">UART4_IRQHandler</a> from startup_stm32f429_439xx.o(.text) referenced from startup_stm32f429_439xx.o(RESET)
 <LI><a href="#[5a]">UART5_IRQHandler</a> from startup_stm32f429_439xx.o(.text) referenced from startup_stm32f429_439xx.o(RESET)
 <LI><a href="#[77]">UART7_IRQHandler</a> from startup_stm32f429_439xx.o(.text) referenced from startup_stm32f429_439xx.o(RESET)
 <LI><a href="#[78]">UART8_IRQHandler</a> from startup_stm32f429_439xx.o(.text) referenced from startup_stm32f429_439xx.o(RESET)
 <LI><a href="#[4a]">USART1_IRQHandler</a> from stm32f4xx_it.o(i.USART1_IRQHandler) referenced from startup_stm32f429_439xx.o(RESET)
 <LI><a href="#[4b]">USART2_IRQHandler</a> from startup_stm32f429_439xx.o(.text) referenced from startup_stm32f429_439xx.o(RESET)
 <LI><a href="#[4c]">USART3_IRQHandler</a> from stm32f4xx_it.o(i.USART3_IRQHandler) referenced from startup_stm32f429_439xx.o(RESET)
 <LI><a href="#[6c]">USART6_IRQHandler</a> from startup_stm32f429_439xx.o(.text) referenced from startup_stm32f429_439xx.o(RESET)
 <LI><a href="#[15]">USBH_Connected</a> from usbh_core.o(i.USBH_Connected) referenced 2 times from usbh_core.o(.data)
 <LI><a href="#[16]">USBH_Disconnected</a> from usbh_core.o(i.USBH_Disconnected) referenced 2 times from usbh_core.o(.data)
 <LI><a href="#[19]">USBH_MSC_ClassRequest</a> from usbh_msc_core.o(i.USBH_MSC_ClassRequest) referenced 2 times from usbh_msc_core.o(.data)
 <LI><a href="#[1a]">USBH_MSC_Handle</a> from usbh_msc_core.o(i.USBH_MSC_Handle) referenced 2 times from usbh_msc_core.o(.data)
 <LI><a href="#[18]">USBH_MSC_InterfaceDeInit</a> from usbh_msc_core.o(i.USBH_MSC_InterfaceDeInit) referenced 2 times from usbh_msc_core.o(.data)
 <LI><a href="#[17]">USBH_MSC_InterfaceInit</a> from usbh_msc_core.o(i.USBH_MSC_InterfaceInit) referenced 2 times from usbh_msc_core.o(.data)
 <LI><a href="#[14]">USBH_SOF</a> from usbh_core.o(i.USBH_SOF) referenced 2 times from usbh_core.o(.data)
 <LI><a href="#[b]">USBH_USR_Configuration_DescAvailable</a> from usbh_usr.o(i.USBH_USR_Configuration_DescAvailable) referenced 2 times from usbh_usr.o(.data)
 <LI><a href="#[3]">USBH_USR_DeInit</a> from usbh_usr.o(i.USBH_USR_DeInit) referenced 2 times from usbh_usr.o(.data)
 <LI><a href="#[a]">USBH_USR_DeviceAddressAssigned</a> from usbh_usr.o(i.USBH_USR_DeviceAddressAssigned) referenced 2 times from usbh_usr.o(.data)
 <LI><a href="#[4]">USBH_USR_DeviceAttached</a> from usbh_usr.o(i.USBH_USR_DeviceAttached) referenced 2 times from usbh_usr.o(.data)
 <LI><a href="#[6]">USBH_USR_DeviceDisconnected</a> from usbh_usr.o(i.USBH_USR_DeviceDisconnected) referenced 2 times from usbh_usr.o(.data)
 <LI><a href="#[12]">USBH_USR_DeviceNotSupported</a> from usbh_usr.o(i.USBH_USR_DeviceNotSupported) referenced 2 times from usbh_usr.o(.data)
 <LI><a href="#[8]">USBH_USR_DeviceSpeedDetected</a> from usbh_usr.o(i.USBH_USR_DeviceSpeedDetected) referenced 2 times from usbh_usr.o(.data)
 <LI><a href="#[9]">USBH_USR_Device_DescAvailable</a> from usbh_usr.o(i.USBH_USR_Device_DescAvailable) referenced 2 times from usbh_usr.o(.data)
 <LI><a href="#[f]">USBH_USR_EnumerationDone</a> from usbh_usr.o(i.USBH_USR_EnumerationDone) referenced 2 times from usbh_usr.o(.data)
 <LI><a href="#[2]">USBH_USR_Init</a> from usbh_usr.o(i.USBH_USR_Init) referenced 2 times from usbh_usr.o(.data)
 <LI><a href="#[11]">USBH_USR_MSC_Application</a> from usbh_usr.o(i.USBH_USR_MSC_Application) referenced 2 times from usbh_usr.o(.data)
 <LI><a href="#[c]">USBH_USR_Manufacturer_String</a> from usbh_usr.o(i.USBH_USR_Manufacturer_String) referenced 2 times from usbh_usr.o(.data)
 <LI><a href="#[7]">USBH_USR_OverCurrentDetected</a> from usbh_usr.o(i.USBH_USR_OverCurrentDetected) referenced 2 times from usbh_usr.o(.data)
 <LI><a href="#[d]">USBH_USR_Product_String</a> from usbh_usr.o(i.USBH_USR_Product_String) referenced 2 times from usbh_usr.o(.data)
 <LI><a href="#[5]">USBH_USR_ResetDevice</a> from usbh_usr.o(i.USBH_USR_ResetDevice) referenced 2 times from usbh_usr.o(.data)
 <LI><a href="#[e]">USBH_USR_SerialNum_String</a> from usbh_usr.o(i.USBH_USR_SerialNum_String) referenced 2 times from usbh_usr.o(.data)
 <LI><a href="#[13]">USBH_USR_UnrecoveredError</a> from usbh_usr.o(i.USBH_USR_UnrecoveredError) referenced 2 times from usbh_usr.o(.data)
 <LI><a href="#[10]">USBH_USR_UserInput</a> from usbh_usr.o(i.USBH_USR_UserInput) referenced 2 times from usbh_usr.o(.data)
 <LI><a href="#[20]">UsageFault_Handler</a> from stm32f4xx_it.o(i.UsageFault_Handler) referenced from startup_stm32f429_439xx.o(RESET)
 <LI><a href="#[bd]">VOFFQ</a> from scpi-def.o(i.VOFFQ) referenced 2 times from scpi-def.o(.constdata)
 <LI><a href="#[bc]">VOFFSET</a> from scpi-def.o(i.VOFFSET) referenced 2 times from scpi-def.o(.constdata)
 <LI><a href="#[d8]">VOLTAGEQ</a> from scpi-def.o(i.VOLTAGEQ) referenced from scpi-def.o(.constdata)
 <LI><a href="#[bb]">VONQ</a> from scpi-def.o(i.VONQ) referenced from scpi-def.o(.constdata)
 <LI><a href="#[ba]">VONSET</a> from scpi-def.o(i.VONSET) referenced from scpi-def.o(.constdata)
 <LI><a href="#[b7]">VPROTECTQ</a> from scpi-def.o(i.VPROTECTQ) referenced from scpi-def.o(.constdata)
 <LI><a href="#[b6]">VPROTECTSET</a> from scpi-def.o(i.VPROTECTSET) referenced from scpi-def.o(.constdata)
 <LI><a href="#[ab]">VRANGEQ</a> from scpi-def.o(i.VRANGEQ) referenced from scpi-def.o(.constdata)
 <LI><a href="#[aa]">VRANGESET</a> from scpi-def.o(i.VRANGESET) referenced from scpi-def.o(.constdata)
 <LI><a href="#[25]">WWDG_IRQHandler</a> from startup_stm32f429_439xx.o(.text) referenced from startup_stm32f429_439xx.o(RESET)
 <LI><a href="#[82]">__main</a> from entry.o(.ARM.Collect$$$$00000000) referenced from startup_stm32f429_439xx.o(.text)
 <LI><a href="#[84]">_sbackspace</a> from _sgetc.o(.text) referenced from strtod.o(.text)
 <LI><a href="#[83]">_sgetc</a> from _sgetc.o(.text) referenced from strtod.o(.text)
 <LI><a href="#[87]">_snputc</a> from printfa.o(i._snputc) referenced from printfa.o(i.__0snprintf)
 <LI><a href="#[88]">_sputc</a> from printfa.o(i._sputc) referenced from printfa.o(i.__0sprintf)
 <LI><a href="#[86]">fputc</a> from bsp_debug_usart.o(i.fputc) referenced from printfa.o(i.__0printf)
 <LI><a href="#[85]">isspace</a> from isspace_o.o(.text) referenced from strtod.o(.text)
 <LI><a href="#[80]">main</a> from main.o(i.main) referenced from entry9a.o(.ARM.Collect$$$$0000000B)
</UL>
<P>
<H3>
Global Symbols
</H3>
<P><STRONG><a name="[82]"></a>__main</STRONG> (Thumb, 0 bytes, Stack size unknown bytes, entry.o(.ARM.Collect$$$$00000000))
<BR>[Address Reference Count : 1]<UL><LI> startup_stm32f429_439xx.o(.text)
</UL>
<P><STRONG><a name="[379]"></a>_main_stk</STRONG> (Thumb, 0 bytes, Stack size unknown bytes, entry2.o(.ARM.Collect$$$$00000001))

<P><STRONG><a name="[dc]"></a>_main_scatterload</STRONG> (Thumb, 0 bytes, Stack size unknown bytes, entry5.o(.ARM.Collect$$$$00000004))
<BR><BR>[Calls]<UL><LI><a href="#[dd]">&gt;&gt;</a>&nbsp;&nbsp;&nbsp;__scatterload
</UL>

<P><STRONG><a name="[103]"></a>__main_after_scatterload</STRONG> (Thumb, 0 bytes, Stack size unknown bytes, entry5.o(.ARM.Collect$$$$00000004))
<BR><BR>[Called By]<UL><LI><a href="#[dd]">&gt;&gt;</a>&nbsp;&nbsp;&nbsp;__scatterload
</UL>

<P><STRONG><a name="[37a]"></a>_main_clock</STRONG> (Thumb, 0 bytes, Stack size unknown bytes, entry7b.o(.ARM.Collect$$$$00000008))

<P><STRONG><a name="[37b]"></a>_main_cpp_init</STRONG> (Thumb, 0 bytes, Stack size unknown bytes, entry8b.o(.ARM.Collect$$$$0000000A))

<P><STRONG><a name="[37c]"></a>_main_init</STRONG> (Thumb, 0 bytes, Stack size unknown bytes, entry9a.o(.ARM.Collect$$$$0000000B))

<P><STRONG><a name="[37d]"></a>__rt_final_cpp</STRONG> (Thumb, 0 bytes, Stack size unknown bytes, entry10a.o(.ARM.Collect$$$$0000000D))

<P><STRONG><a name="[37e]"></a>__rt_final_exit</STRONG> (Thumb, 0 bytes, Stack size unknown bytes, entry11a.o(.ARM.Collect$$$$0000000F))

<P><STRONG><a name="[1b]"></a>Reset_Handler</STRONG> (Thumb, 8 bytes, Stack size 0 bytes, startup_stm32f429_439xx.o(.text))
<BR>[Address Reference Count : 1]<UL><LI> startup_stm32f429_439xx.o(RESET)
</UL>
<P><STRONG><a name="[37]"></a>ADC_IRQHandler</STRONG> (Thumb, 0 bytes, Stack size 0 bytes, startup_stm32f429_439xx.o(.text))
<BR><BR>[Calls]<UL><LI><a href="#[37]">&gt;&gt;</a>&nbsp;&nbsp;&nbsp;ADC_IRQHandler
</UL>
<BR>[Called By]<UL><LI><a href="#[37]">&gt;&gt;</a>&nbsp;&nbsp;&nbsp;ADC_IRQHandler
</UL>
<BR>[Address Reference Count : 1]<UL><LI> startup_stm32f429_439xx.o(RESET)
</UL>
<P><STRONG><a name="[39]"></a>CAN1_RX0_IRQHandler</STRONG> (Thumb, 0 bytes, Stack size 0 bytes, startup_stm32f429_439xx.o(.text))
<BR>[Address Reference Count : 1]<UL><LI> startup_stm32f429_439xx.o(RESET)
</UL>
<P><STRONG><a name="[3a]"></a>CAN1_RX1_IRQHandler</STRONG> (Thumb, 0 bytes, Stack size 0 bytes, startup_stm32f429_439xx.o(.text))
<BR>[Address Reference Count : 1]<UL><LI> startup_stm32f429_439xx.o(RESET)
</UL>
<P><STRONG><a name="[3b]"></a>CAN1_SCE_IRQHandler</STRONG> (Thumb, 0 bytes, Stack size 0 bytes, startup_stm32f429_439xx.o(.text))
<BR>[Address Reference Count : 1]<UL><LI> startup_stm32f429_439xx.o(RESET)
</UL>
<P><STRONG><a name="[38]"></a>CAN1_TX_IRQHandler</STRONG> (Thumb, 0 bytes, Stack size 0 bytes, startup_stm32f429_439xx.o(.text))
<BR>[Address Reference Count : 1]<UL><LI> startup_stm32f429_439xx.o(RESET)
</UL>
<P><STRONG><a name="[65]"></a>CAN2_RX0_IRQHandler</STRONG> (Thumb, 0 bytes, Stack size 0 bytes, startup_stm32f429_439xx.o(.text))
<BR>[Address Reference Count : 1]<UL><LI> startup_stm32f429_439xx.o(RESET)
</UL>
<P><STRONG><a name="[66]"></a>CAN2_RX1_IRQHandler</STRONG> (Thumb, 0 bytes, Stack size 0 bytes, startup_stm32f429_439xx.o(.text))
<BR>[Address Reference Count : 1]<UL><LI> startup_stm32f429_439xx.o(RESET)
</UL>
<P><STRONG><a name="[67]"></a>CAN2_SCE_IRQHandler</STRONG> (Thumb, 0 bytes, Stack size 0 bytes, startup_stm32f429_439xx.o(.text))
<BR>[Address Reference Count : 1]<UL><LI> startup_stm32f429_439xx.o(RESET)
</UL>
<P><STRONG><a name="[64]"></a>CAN2_TX_IRQHandler</STRONG> (Thumb, 0 bytes, Stack size 0 bytes, startup_stm32f429_439xx.o(.text))
<BR>[Address Reference Count : 1]<UL><LI> startup_stm32f429_439xx.o(RESET)
</UL>
<P><STRONG><a name="[74]"></a>CRYP_IRQHandler</STRONG> (Thumb, 0 bytes, Stack size 0 bytes, startup_stm32f429_439xx.o(.text))
<BR>[Address Reference Count : 1]<UL><LI> startup_stm32f429_439xx.o(RESET)
</UL>
<P><STRONG><a name="[73]"></a>DCMI_IRQHandler</STRONG> (Thumb, 0 bytes, Stack size 0 bytes, startup_stm32f429_439xx.o(.text))
<BR>[Address Reference Count : 1]<UL><LI> startup_stm32f429_439xx.o(RESET)
</UL>
<P><STRONG><a name="[30]"></a>DMA1_Stream0_IRQHandler</STRONG> (Thumb, 0 bytes, Stack size 0 bytes, startup_stm32f429_439xx.o(.text))
<BR>[Address Reference Count : 1]<UL><LI> startup_stm32f429_439xx.o(RESET)
</UL>
<P><STRONG><a name="[31]"></a>DMA1_Stream1_IRQHandler</STRONG> (Thumb, 0 bytes, Stack size 0 bytes, startup_stm32f429_439xx.o(.text))
<BR>[Address Reference Count : 1]<UL><LI> startup_stm32f429_439xx.o(RESET)
</UL>
<P><STRONG><a name="[32]"></a>DMA1_Stream2_IRQHandler</STRONG> (Thumb, 0 bytes, Stack size 0 bytes, startup_stm32f429_439xx.o(.text))
<BR>[Address Reference Count : 1]<UL><LI> startup_stm32f429_439xx.o(RESET)
</UL>
<P><STRONG><a name="[33]"></a>DMA1_Stream3_IRQHandler</STRONG> (Thumb, 0 bytes, Stack size 0 bytes, startup_stm32f429_439xx.o(.text))
<BR>[Address Reference Count : 1]<UL><LI> startup_stm32f429_439xx.o(RESET)
</UL>
<P><STRONG><a name="[34]"></a>DMA1_Stream4_IRQHandler</STRONG> (Thumb, 0 bytes, Stack size 0 bytes, startup_stm32f429_439xx.o(.text))
<BR>[Address Reference Count : 1]<UL><LI> startup_stm32f429_439xx.o(RESET)
</UL>
<P><STRONG><a name="[35]"></a>DMA1_Stream5_IRQHandler</STRONG> (Thumb, 0 bytes, Stack size 0 bytes, startup_stm32f429_439xx.o(.text))
<BR>[Address Reference Count : 1]<UL><LI> startup_stm32f429_439xx.o(RESET)
</UL>
<P><STRONG><a name="[36]"></a>DMA1_Stream6_IRQHandler</STRONG> (Thumb, 0 bytes, Stack size 0 bytes, startup_stm32f429_439xx.o(.text))
<BR>[Address Reference Count : 1]<UL><LI> startup_stm32f429_439xx.o(RESET)
</UL>
<P><STRONG><a name="[54]"></a>DMA1_Stream7_IRQHandler</STRONG> (Thumb, 0 bytes, Stack size 0 bytes, startup_stm32f429_439xx.o(.text))
<BR>[Address Reference Count : 1]<UL><LI> startup_stm32f429_439xx.o(RESET)
</UL>
<P><STRONG><a name="[7f]"></a>DMA2D_IRQHandler</STRONG> (Thumb, 0 bytes, Stack size 0 bytes, startup_stm32f429_439xx.o(.text))
<BR>[Address Reference Count : 1]<UL><LI> startup_stm32f429_439xx.o(RESET)
</UL>
<P><STRONG><a name="[5d]"></a>DMA2_Stream0_IRQHandler</STRONG> (Thumb, 0 bytes, Stack size 0 bytes, startup_stm32f429_439xx.o(.text))
<BR>[Address Reference Count : 1]<UL><LI> startup_stm32f429_439xx.o(RESET)
</UL>
<P><STRONG><a name="[5e]"></a>DMA2_Stream1_IRQHandler</STRONG> (Thumb, 0 bytes, Stack size 0 bytes, startup_stm32f429_439xx.o(.text))
<BR>[Address Reference Count : 1]<UL><LI> startup_stm32f429_439xx.o(RESET)
</UL>
<P><STRONG><a name="[5f]"></a>DMA2_Stream2_IRQHandler</STRONG> (Thumb, 0 bytes, Stack size 0 bytes, startup_stm32f429_439xx.o(.text))
<BR>[Address Reference Count : 1]<UL><LI> startup_stm32f429_439xx.o(RESET)
</UL>
<P><STRONG><a name="[60]"></a>DMA2_Stream3_IRQHandler</STRONG> (Thumb, 0 bytes, Stack size 0 bytes, startup_stm32f429_439xx.o(.text))
<BR>[Address Reference Count : 1]<UL><LI> startup_stm32f429_439xx.o(RESET)
</UL>
<P><STRONG><a name="[61]"></a>DMA2_Stream4_IRQHandler</STRONG> (Thumb, 0 bytes, Stack size 0 bytes, startup_stm32f429_439xx.o(.text))
<BR>[Address Reference Count : 1]<UL><LI> startup_stm32f429_439xx.o(RESET)
</UL>
<P><STRONG><a name="[69]"></a>DMA2_Stream5_IRQHandler</STRONG> (Thumb, 0 bytes, Stack size 0 bytes, startup_stm32f429_439xx.o(.text))
<BR>[Address Reference Count : 1]<UL><LI> startup_stm32f429_439xx.o(RESET)
</UL>
<P><STRONG><a name="[6a]"></a>DMA2_Stream6_IRQHandler</STRONG> (Thumb, 0 bytes, Stack size 0 bytes, startup_stm32f429_439xx.o(.text))
<BR>[Address Reference Count : 1]<UL><LI> startup_stm32f429_439xx.o(RESET)
</UL>
<P><STRONG><a name="[6b]"></a>DMA2_Stream7_IRQHandler</STRONG> (Thumb, 0 bytes, Stack size 0 bytes, startup_stm32f429_439xx.o(.text))
<BR>[Address Reference Count : 1]<UL><LI> startup_stm32f429_439xx.o(RESET)
</UL>
<P><STRONG><a name="[62]"></a>ETH_IRQHandler</STRONG> (Thumb, 0 bytes, Stack size 0 bytes, startup_stm32f429_439xx.o(.text))
<BR>[Address Reference Count : 1]<UL><LI> startup_stm32f429_439xx.o(RESET)
</UL>
<P><STRONG><a name="[63]"></a>ETH_WKUP_IRQHandler</STRONG> (Thumb, 0 bytes, Stack size 0 bytes, startup_stm32f429_439xx.o(.text))
<BR>[Address Reference Count : 1]<UL><LI> startup_stm32f429_439xx.o(RESET)
</UL>
<P><STRONG><a name="[2b]"></a>EXTI0_IRQHandler</STRONG> (Thumb, 0 bytes, Stack size 0 bytes, startup_stm32f429_439xx.o(.text))
<BR>[Address Reference Count : 1]<UL><LI> startup_stm32f429_439xx.o(RESET)
</UL>
<P><STRONG><a name="[2c]"></a>EXTI1_IRQHandler</STRONG> (Thumb, 0 bytes, Stack size 0 bytes, startup_stm32f429_439xx.o(.text))
<BR>[Address Reference Count : 1]<UL><LI> startup_stm32f429_439xx.o(RESET)
</UL>
<P><STRONG><a name="[2d]"></a>EXTI2_IRQHandler</STRONG> (Thumb, 0 bytes, Stack size 0 bytes, startup_stm32f429_439xx.o(.text))
<BR>[Address Reference Count : 1]<UL><LI> startup_stm32f429_439xx.o(RESET)
</UL>
<P><STRONG><a name="[2f]"></a>EXTI4_IRQHandler</STRONG> (Thumb, 0 bytes, Stack size 0 bytes, startup_stm32f429_439xx.o(.text))
<BR>[Address Reference Count : 1]<UL><LI> startup_stm32f429_439xx.o(RESET)
</UL>
<P><STRONG><a name="[3c]"></a>EXTI9_5_IRQHandler</STRONG> (Thumb, 0 bytes, Stack size 0 bytes, startup_stm32f429_439xx.o(.text))
<BR>[Address Reference Count : 1]<UL><LI> startup_stm32f429_439xx.o(RESET)
</UL>
<P><STRONG><a name="[29]"></a>FLASH_IRQHandler</STRONG> (Thumb, 0 bytes, Stack size 0 bytes, startup_stm32f429_439xx.o(.text))
<BR>[Address Reference Count : 1]<UL><LI> startup_stm32f429_439xx.o(RESET)
</UL>
<P><STRONG><a name="[55]"></a>FMC_IRQHandler</STRONG> (Thumb, 0 bytes, Stack size 0 bytes, startup_stm32f429_439xx.o(.text))
<BR>[Address Reference Count : 1]<UL><LI> startup_stm32f429_439xx.o(RESET)
</UL>
<P><STRONG><a name="[76]"></a>FPU_IRQHandler</STRONG> (Thumb, 0 bytes, Stack size 0 bytes, startup_stm32f429_439xx.o(.text))
<BR>[Address Reference Count : 1]<UL><LI> startup_stm32f429_439xx.o(RESET)
</UL>
<P><STRONG><a name="[75]"></a>HASH_RNG_IRQHandler</STRONG> (Thumb, 0 bytes, Stack size 0 bytes, startup_stm32f429_439xx.o(.text))
<BR>[Address Reference Count : 1]<UL><LI> startup_stm32f429_439xx.o(RESET)
</UL>
<P><STRONG><a name="[45]"></a>I2C1_ER_IRQHandler</STRONG> (Thumb, 0 bytes, Stack size 0 bytes, startup_stm32f429_439xx.o(.text))
<BR>[Address Reference Count : 1]<UL><LI> startup_stm32f429_439xx.o(RESET)
</UL>
<P><STRONG><a name="[44]"></a>I2C1_EV_IRQHandler</STRONG> (Thumb, 0 bytes, Stack size 0 bytes, startup_stm32f429_439xx.o(.text))
<BR>[Address Reference Count : 1]<UL><LI> startup_stm32f429_439xx.o(RESET)
</UL>
<P><STRONG><a name="[47]"></a>I2C2_ER_IRQHandler</STRONG> (Thumb, 0 bytes, Stack size 0 bytes, startup_stm32f429_439xx.o(.text))
<BR>[Address Reference Count : 1]<UL><LI> startup_stm32f429_439xx.o(RESET)
</UL>
<P><STRONG><a name="[46]"></a>I2C2_EV_IRQHandler</STRONG> (Thumb, 0 bytes, Stack size 0 bytes, startup_stm32f429_439xx.o(.text))
<BR>[Address Reference Count : 1]<UL><LI> startup_stm32f429_439xx.o(RESET)
</UL>
<P><STRONG><a name="[6e]"></a>I2C3_ER_IRQHandler</STRONG> (Thumb, 0 bytes, Stack size 0 bytes, startup_stm32f429_439xx.o(.text))
<BR>[Address Reference Count : 1]<UL><LI> startup_stm32f429_439xx.o(RESET)
</UL>
<P><STRONG><a name="[6d]"></a>I2C3_EV_IRQHandler</STRONG> (Thumb, 0 bytes, Stack size 0 bytes, startup_stm32f429_439xx.o(.text))
<BR>[Address Reference Count : 1]<UL><LI> startup_stm32f429_439xx.o(RESET)
</UL>
<P><STRONG><a name="[7e]"></a>LTDC_ER_IRQHandler</STRONG> (Thumb, 0 bytes, Stack size 0 bytes, startup_stm32f429_439xx.o(.text))
<BR>[Address Reference Count : 1]<UL><LI> startup_stm32f429_439xx.o(RESET)
</UL>
<P><STRONG><a name="[7d]"></a>LTDC_IRQHandler</STRONG> (Thumb, 0 bytes, Stack size 0 bytes, startup_stm32f429_439xx.o(.text))
<BR>[Address Reference Count : 1]<UL><LI> startup_stm32f429_439xx.o(RESET)
</UL>
<P><STRONG><a name="[4f]"></a>OTG_FS_WKUP_IRQHandler</STRONG> (Thumb, 0 bytes, Stack size 0 bytes, startup_stm32f429_439xx.o(.text))
<BR>[Address Reference Count : 1]<UL><LI> startup_stm32f429_439xx.o(RESET)
</UL>
<P><STRONG><a name="[70]"></a>OTG_HS_EP1_IN_IRQHandler</STRONG> (Thumb, 0 bytes, Stack size 0 bytes, startup_stm32f429_439xx.o(.text))
<BR>[Address Reference Count : 1]<UL><LI> startup_stm32f429_439xx.o(RESET)
</UL>
<P><STRONG><a name="[6f]"></a>OTG_HS_EP1_OUT_IRQHandler</STRONG> (Thumb, 0 bytes, Stack size 0 bytes, startup_stm32f429_439xx.o(.text))
<BR>[Address Reference Count : 1]<UL><LI> startup_stm32f429_439xx.o(RESET)
</UL>
<P><STRONG><a name="[72]"></a>OTG_HS_IRQHandler</STRONG> (Thumb, 0 bytes, Stack size 0 bytes, startup_stm32f429_439xx.o(.text))
<BR>[Address Reference Count : 1]<UL><LI> startup_stm32f429_439xx.o(RESET)
</UL>
<P><STRONG><a name="[71]"></a>OTG_HS_WKUP_IRQHandler</STRONG> (Thumb, 0 bytes, Stack size 0 bytes, startup_stm32f429_439xx.o(.text))
<BR>[Address Reference Count : 1]<UL><LI> startup_stm32f429_439xx.o(RESET)
</UL>
<P><STRONG><a name="[26]"></a>PVD_IRQHandler</STRONG> (Thumb, 0 bytes, Stack size 0 bytes, startup_stm32f429_439xx.o(.text))
<BR>[Address Reference Count : 1]<UL><LI> startup_stm32f429_439xx.o(RESET)
</UL>
<P><STRONG><a name="[2a]"></a>RCC_IRQHandler</STRONG> (Thumb, 0 bytes, Stack size 0 bytes, startup_stm32f429_439xx.o(.text))
<BR>[Address Reference Count : 1]<UL><LI> startup_stm32f429_439xx.o(RESET)
</UL>
<P><STRONG><a name="[4e]"></a>RTC_Alarm_IRQHandler</STRONG> (Thumb, 0 bytes, Stack size 0 bytes, startup_stm32f429_439xx.o(.text))
<BR>[Address Reference Count : 1]<UL><LI> startup_stm32f429_439xx.o(RESET)
</UL>
<P><STRONG><a name="[7c]"></a>SAI1_IRQHandler</STRONG> (Thumb, 0 bytes, Stack size 0 bytes, startup_stm32f429_439xx.o(.text))
<BR>[Address Reference Count : 1]<UL><LI> startup_stm32f429_439xx.o(RESET)
</UL>
<P><STRONG><a name="[56]"></a>SDIO_IRQHandler</STRONG> (Thumb, 0 bytes, Stack size 0 bytes, startup_stm32f429_439xx.o(.text))
<BR>[Address Reference Count : 1]<UL><LI> startup_stm32f429_439xx.o(RESET)
</UL>
<P><STRONG><a name="[48]"></a>SPI1_IRQHandler</STRONG> (Thumb, 0 bytes, Stack size 0 bytes, startup_stm32f429_439xx.o(.text))
<BR>[Address Reference Count : 1]<UL><LI> startup_stm32f429_439xx.o(RESET)
</UL>
<P><STRONG><a name="[49]"></a>SPI2_IRQHandler</STRONG> (Thumb, 0 bytes, Stack size 0 bytes, startup_stm32f429_439xx.o(.text))
<BR>[Address Reference Count : 1]<UL><LI> startup_stm32f429_439xx.o(RESET)
</UL>
<P><STRONG><a name="[58]"></a>SPI3_IRQHandler</STRONG> (Thumb, 0 bytes, Stack size 0 bytes, startup_stm32f429_439xx.o(.text))
<BR>[Address Reference Count : 1]<UL><LI> startup_stm32f429_439xx.o(RESET)
</UL>
<P><STRONG><a name="[79]"></a>SPI4_IRQHandler</STRONG> (Thumb, 0 bytes, Stack size 0 bytes, startup_stm32f429_439xx.o(.text))
<BR>[Address Reference Count : 1]<UL><LI> startup_stm32f429_439xx.o(RESET)
</UL>
<P><STRONG><a name="[7a]"></a>SPI5_IRQHandler</STRONG> (Thumb, 0 bytes, Stack size 0 bytes, startup_stm32f429_439xx.o(.text))
<BR>[Address Reference Count : 1]<UL><LI> startup_stm32f429_439xx.o(RESET)
</UL>
<P><STRONG><a name="[7b]"></a>SPI6_IRQHandler</STRONG> (Thumb, 0 bytes, Stack size 0 bytes, startup_stm32f429_439xx.o(.text))
<BR>[Address Reference Count : 1]<UL><LI> startup_stm32f429_439xx.o(RESET)
</UL>
<P><STRONG><a name="[27]"></a>TAMP_STAMP_IRQHandler</STRONG> (Thumb, 0 bytes, Stack size 0 bytes, startup_stm32f429_439xx.o(.text))
<BR>[Address Reference Count : 1]<UL><LI> startup_stm32f429_439xx.o(RESET)
</UL>
<P><STRONG><a name="[3d]"></a>TIM1_BRK_TIM9_IRQHandler</STRONG> (Thumb, 0 bytes, Stack size 0 bytes, startup_stm32f429_439xx.o(.text))
<BR>[Address Reference Count : 1]<UL><LI> startup_stm32f429_439xx.o(RESET)
</UL>
<P><STRONG><a name="[40]"></a>TIM1_CC_IRQHandler</STRONG> (Thumb, 0 bytes, Stack size 0 bytes, startup_stm32f429_439xx.o(.text))
<BR>[Address Reference Count : 1]<UL><LI> startup_stm32f429_439xx.o(RESET)
</UL>
<P><STRONG><a name="[3f]"></a>TIM1_TRG_COM_TIM11_IRQHandler</STRONG> (Thumb, 0 bytes, Stack size 0 bytes, startup_stm32f429_439xx.o(.text))
<BR>[Address Reference Count : 1]<UL><LI> startup_stm32f429_439xx.o(RESET)
</UL>
<P><STRONG><a name="[3e]"></a>TIM1_UP_TIM10_IRQHandler</STRONG> (Thumb, 0 bytes, Stack size 0 bytes, startup_stm32f429_439xx.o(.text))
<BR>[Address Reference Count : 1]<UL><LI> startup_stm32f429_439xx.o(RESET)
</UL>
<P><STRONG><a name="[42]"></a>TIM3_IRQHandler</STRONG> (Thumb, 0 bytes, Stack size 0 bytes, startup_stm32f429_439xx.o(.text))
<BR>[Address Reference Count : 1]<UL><LI> startup_stm32f429_439xx.o(RESET)
</UL>
<P><STRONG><a name="[43]"></a>TIM4_IRQHandler</STRONG> (Thumb, 0 bytes, Stack size 0 bytes, startup_stm32f429_439xx.o(.text))
<BR>[Address Reference Count : 1]<UL><LI> startup_stm32f429_439xx.o(RESET)
</UL>
<P><STRONG><a name="[57]"></a>TIM5_IRQHandler</STRONG> (Thumb, 0 bytes, Stack size 0 bytes, startup_stm32f429_439xx.o(.text))
<BR>[Address Reference Count : 1]<UL><LI> startup_stm32f429_439xx.o(RESET)
</UL>
<P><STRONG><a name="[5c]"></a>TIM7_IRQHandler</STRONG> (Thumb, 0 bytes, Stack size 0 bytes, startup_stm32f429_439xx.o(.text))
<BR>[Address Reference Count : 1]<UL><LI> startup_stm32f429_439xx.o(RESET)
</UL>
<P><STRONG><a name="[50]"></a>TIM8_BRK_TIM12_IRQHandler</STRONG> (Thumb, 0 bytes, Stack size 0 bytes, startup_stm32f429_439xx.o(.text))
<BR>[Address Reference Count : 1]<UL><LI> startup_stm32f429_439xx.o(RESET)
</UL>
<P><STRONG><a name="[53]"></a>TIM8_CC_IRQHandler</STRONG> (Thumb, 0 bytes, Stack size 0 bytes, startup_stm32f429_439xx.o(.text))
<BR>[Address Reference Count : 1]<UL><LI> startup_stm32f429_439xx.o(RESET)
</UL>
<P><STRONG><a name="[52]"></a>TIM8_TRG_COM_TIM14_IRQHandler</STRONG> (Thumb, 0 bytes, Stack size 0 bytes, startup_stm32f429_439xx.o(.text))
<BR>[Address Reference Count : 1]<UL><LI> startup_stm32f429_439xx.o(RESET)
</UL>
<P><STRONG><a name="[51]"></a>TIM8_UP_TIM13_IRQHandler</STRONG> (Thumb, 0 bytes, Stack size 0 bytes, startup_stm32f429_439xx.o(.text))
<BR>[Address Reference Count : 1]<UL><LI> startup_stm32f429_439xx.o(RESET)
</UL>
<P><STRONG><a name="[59]"></a>UART4_IRQHandler</STRONG> (Thumb, 0 bytes, Stack size 0 bytes, startup_stm32f429_439xx.o(.text))
<BR>[Address Reference Count : 1]<UL><LI> startup_stm32f429_439xx.o(RESET)
</UL>
<P><STRONG><a name="[5a]"></a>UART5_IRQHandler</STRONG> (Thumb, 0 bytes, Stack size 0 bytes, startup_stm32f429_439xx.o(.text))
<BR>[Address Reference Count : 1]<UL><LI> startup_stm32f429_439xx.o(RESET)
</UL>
<P><STRONG><a name="[77]"></a>UART7_IRQHandler</STRONG> (Thumb, 0 bytes, Stack size 0 bytes, startup_stm32f429_439xx.o(.text))
<BR>[Address Reference Count : 1]<UL><LI> startup_stm32f429_439xx.o(RESET)
</UL>
<P><STRONG><a name="[78]"></a>UART8_IRQHandler</STRONG> (Thumb, 0 bytes, Stack size 0 bytes, startup_stm32f429_439xx.o(.text))
<BR>[Address Reference Count : 1]<UL><LI> startup_stm32f429_439xx.o(RESET)
</UL>
<P><STRONG><a name="[4b]"></a>USART2_IRQHandler</STRONG> (Thumb, 0 bytes, Stack size 0 bytes, startup_stm32f429_439xx.o(.text))
<BR>[Address Reference Count : 1]<UL><LI> startup_stm32f429_439xx.o(RESET)
</UL>
<P><STRONG><a name="[6c]"></a>USART6_IRQHandler</STRONG> (Thumb, 0 bytes, Stack size 0 bytes, startup_stm32f429_439xx.o(.text))
<BR>[Address Reference Count : 1]<UL><LI> startup_stm32f429_439xx.o(RESET)
</UL>
<P><STRONG><a name="[25]"></a>WWDG_IRQHandler</STRONG> (Thumb, 0 bytes, Stack size 0 bytes, startup_stm32f429_439xx.o(.text))
<BR>[Address Reference Count : 1]<UL><LI> startup_stm32f429_439xx.o(RESET)
</UL>
<P><STRONG><a name="[de]"></a>__aeabi_uldivmod</STRONG> (Thumb, 98 bytes, Stack size 40 bytes, uldiv.o(.text), UNUSED)
<BR><BR>[Calls]<UL><LI><a href="#[df]">&gt;&gt;</a>&nbsp;&nbsp;&nbsp;__aeabi_llsr
<LI><a href="#[e0]">&gt;&gt;</a>&nbsp;&nbsp;&nbsp;__aeabi_llsl
</UL>
<BR>[Called By]<UL><LI><a href="#[304]">&gt;&gt;</a>&nbsp;&nbsp;&nbsp;_printf_core
<LI><a href="#[314]">&gt;&gt;</a>&nbsp;&nbsp;&nbsp;_fp_digits
</UL>

<P><STRONG><a name="[e1]"></a>__rt_ctype_table</STRONG> (Thumb, 4 bytes, Stack size 0 bytes, ctype_o.o(.text))
<BR><BR>[Called By]<UL><LI><a href="#[374]">&gt;&gt;</a>&nbsp;&nbsp;&nbsp;skipWhitespace
<LI><a href="#[242]">&gt;&gt;</a>&nbsp;&nbsp;&nbsp;scpiLex_CharacterProgramData
<LI><a href="#[34c]">&gt;&gt;</a>&nbsp;&nbsp;&nbsp;scpiLex_ArbitraryBlockProgramData
<LI><a href="#[36b]">&gt;&gt;</a>&nbsp;&nbsp;&nbsp;skipProgramMnemonic
<LI><a href="#[36f]">&gt;&gt;</a>&nbsp;&nbsp;&nbsp;skipNumbers
<LI><a href="#[356]">&gt;&gt;</a>&nbsp;&nbsp;&nbsp;skipHexNum
<LI><a href="#[365]">&gt;&gt;</a>&nbsp;&nbsp;&nbsp;skipDigit
<LI><a href="#[364]">&gt;&gt;</a>&nbsp;&nbsp;&nbsp;skipAlpha
<LI><a href="#[347]">&gt;&gt;</a>&nbsp;&nbsp;&nbsp;isNonzeroDigit
<LI><a href="#[85]">&gt;&gt;</a>&nbsp;&nbsp;&nbsp;isspace
<LI><a href="#[320]">&gt;&gt;</a>&nbsp;&nbsp;&nbsp;compareStrAndNum
<LI><a href="#[34a]">&gt;&gt;</a>&nbsp;&nbsp;&nbsp;patternSeparatorShortPos
<LI><a href="#[ee]">&gt;&gt;</a>&nbsp;&nbsp;&nbsp;__strtoull
<LI><a href="#[ec]">&gt;&gt;</a>&nbsp;&nbsp;&nbsp;__strtoll
<LI><a href="#[ea]">&gt;&gt;</a>&nbsp;&nbsp;&nbsp;strtoul
<LI><a href="#[e7]">&gt;&gt;</a>&nbsp;&nbsp;&nbsp;strtol
</UL>

<P><STRONG><a name="[85]"></a>isspace</STRONG> (Thumb, 18 bytes, Stack size 8 bytes, isspace_o.o(.text))
<BR><BR>[Stack]<UL><LI>Max Depth = 8<LI>Call Chain = isspace
</UL>
<BR>[Calls]<UL><LI><a href="#[e1]">&gt;&gt;</a>&nbsp;&nbsp;&nbsp;__rt_ctype_table
</UL>
<BR>[Address Reference Count : 1]<UL><LI> strtod.o(.text)
</UL>
<P><STRONG><a name="[37f]"></a>___aeabi_memcpy8$move</STRONG> (Thumb, 0 bytes, Stack size 8 bytes, memmovea.o(.text), UNUSED)

<P><STRONG><a name="[130]"></a>__aeabi_memcpy</STRONG> (Thumb, 64 bytes, Stack size 8 bytes, memmovea.o(.text))
<BR><BR>[Stack]<UL><LI>Max Depth = 8<LI>Call Chain = __aeabi_memcpy
</UL>
<BR>[Called By]<UL><LI><a href="#[22f]">&gt;&gt;</a>&nbsp;&nbsp;&nbsp;SCPI_Input
<LI><a href="#[1d3]">&gt;&gt;</a>&nbsp;&nbsp;&nbsp;Uart3SendBuff
<LI><a href="#[111]">&gt;&gt;</a>&nbsp;&nbsp;&nbsp;Uart1SendBuff
<LI><a href="#[11b]">&gt;&gt;</a>&nbsp;&nbsp;&nbsp;Rec_Handle
<LI><a href="#[12f]">&gt;&gt;</a>&nbsp;&nbsp;&nbsp;Bin_Send
<LI><a href="#[11c]">&gt;&gt;</a>&nbsp;&nbsp;&nbsp;Rec3_Handle
<LI><a href="#[191]">&gt;&gt;</a>&nbsp;&nbsp;&nbsp;GetASCIICode
</UL>

<P><STRONG><a name="[29a]"></a>__aeabi_memcpy4</STRONG> (Thumb, 0 bytes, Stack size 8 bytes, memmovea.o(.text))
<BR><BR>[Stack]<UL><LI>Max Depth = 8<LI>Call Chain = __aeabi_memcpy4
</UL>
<BR>[Called By]<UL><LI><a href="#[25d]">&gt;&gt;</a>&nbsp;&nbsp;&nbsp;UInt32ToStrBaseSign
</UL>

<P><STRONG><a name="[232]"></a>__aeabi_memmove</STRONG> (Thumb, 0 bytes, Stack size 8 bytes, memmovea.o(.text))
<BR><BR>[Stack]<UL><LI>Max Depth = 8<LI>Call Chain = __aeabi_memmove
</UL>
<BR>[Called By]<UL><LI><a href="#[22f]">&gt;&gt;</a>&nbsp;&nbsp;&nbsp;SCPI_Input
<LI><a href="#[24a]">&gt;&gt;</a>&nbsp;&nbsp;&nbsp;composeCompoundCommand
</UL>

<P><STRONG><a name="[380]"></a>__aeabi_memmove4</STRONG> (Thumb, 0 bytes, Stack size 8 bytes, memmovea.o(.text), UNUSED)

<P><STRONG><a name="[381]"></a>__aeabi_memmove8</STRONG> (Thumb, 0 bytes, Stack size 8 bytes, memmovea.o(.text), UNUSED)

<P><STRONG><a name="[e3]"></a>__aeabi_memset</STRONG> (Thumb, 14 bytes, Stack size 0 bytes, memseta.o(.text))
<BR><BR>[Called By]<UL><LI><a href="#[e4]">&gt;&gt;</a>&nbsp;&nbsp;&nbsp;_memset$wrapper
<LI><a href="#[e2]">&gt;&gt;</a>&nbsp;&nbsp;&nbsp;__aeabi_memclr
</UL>

<P><STRONG><a name="[382]"></a>__aeabi_memset4</STRONG> (Thumb, 0 bytes, Stack size 0 bytes, memseta.o(.text), UNUSED)

<P><STRONG><a name="[383]"></a>__aeabi_memset8</STRONG> (Thumb, 0 bytes, Stack size 0 bytes, memseta.o(.text), UNUSED)

<P><STRONG><a name="[e2]"></a>__aeabi_memclr</STRONG> (Thumb, 4 bytes, Stack size 0 bytes, memseta.o(.text))
<BR><BR>[Calls]<UL><LI><a href="#[e3]">&gt;&gt;</a>&nbsp;&nbsp;&nbsp;__aeabi_memset
</UL>
<BR>[Called By]<UL><LI><a href="#[118]">&gt;&gt;</a>&nbsp;&nbsp;&nbsp;Set_Para
<LI><a href="#[1da]">&gt;&gt;</a>&nbsp;&nbsp;&nbsp;OnOff_SW
<LI><a href="#[27a]">&gt;&gt;</a>&nbsp;&nbsp;&nbsp;V_Gear_SW
<LI><a href="#[29b]">&gt;&gt;</a>&nbsp;&nbsp;&nbsp;UP_FILESIZE
<LI><a href="#[27b]">&gt;&gt;</a>&nbsp;&nbsp;&nbsp;SlaveOnOff
<LI><a href="#[18e]">&gt;&gt;</a>&nbsp;&nbsp;&nbsp;Set_Dac
<LI><a href="#[275]">&gt;&gt;</a>&nbsp;&nbsp;&nbsp;Set_Boot
<LI><a href="#[274]">&gt;&gt;</a>&nbsp;&nbsp;&nbsp;SetSlavePara
<LI><a href="#[272]">&gt;&gt;</a>&nbsp;&nbsp;&nbsp;Sence_SW
<LI><a href="#[11e]">&gt;&gt;</a>&nbsp;&nbsp;&nbsp;ReadData
<LI><a href="#[1d7]">&gt;&gt;</a>&nbsp;&nbsp;&nbsp;Mode_SW
<LI><a href="#[1a4]">&gt;&gt;</a>&nbsp;&nbsp;&nbsp;I_Gear_SW
<LI><a href="#[134]">&gt;&gt;</a>&nbsp;&nbsp;&nbsp;CalHandle
<LI><a href="#[10f]">&gt;&gt;</a>&nbsp;&nbsp;&nbsp;BatMode_SW
<LI><a href="#[278]">&gt;&gt;</a>&nbsp;&nbsp;&nbsp;Set_Test_Mode
<LI><a href="#[277]">&gt;&gt;</a>&nbsp;&nbsp;&nbsp;Set_Tcp
<LI><a href="#[276]">&gt;&gt;</a>&nbsp;&nbsp;&nbsp;Set_Comm
<LI><a href="#[11c]">&gt;&gt;</a>&nbsp;&nbsp;&nbsp;Rec3_Handle
</UL>

<P><STRONG><a name="[22e]"></a>__aeabi_memclr4</STRONG> (Thumb, 0 bytes, Stack size 0 bytes, memseta.o(.text))
<BR><BR>[Called By]<UL><LI><a href="#[1f3]">&gt;&gt;</a>&nbsp;&nbsp;&nbsp;SCPI_Init
</UL>

<P><STRONG><a name="[384]"></a>__aeabi_memclr8</STRONG> (Thumb, 0 bytes, Stack size 0 bytes, memseta.o(.text), UNUSED)

<P><STRONG><a name="[e4]"></a>_memset$wrapper</STRONG> (Thumb, 18 bytes, Stack size 8 bytes, memseta.o(.text), UNUSED)
<BR><BR>[Calls]<UL><LI><a href="#[e3]">&gt;&gt;</a>&nbsp;&nbsp;&nbsp;__aeabi_memset
</UL>

<P><STRONG><a name="[234]"></a>strncpy</STRONG> (Thumb, 24 bytes, Stack size 8 bytes, strncpy.o(.text))
<BR><BR>[Stack]<UL><LI>Max Depth = 8<LI>Call Chain = strncpy
</UL>
<BR>[Called By]<UL><LI><a href="#[139]">&gt;&gt;</a>&nbsp;&nbsp;&nbsp;SCPI_NumberToStr
</UL>

<P><STRONG><a name="[214]"></a>strlen</STRONG> (Thumb, 14 bytes, Stack size 0 bytes, strlen.o(.text))
<BR><BR>[Called By]<UL><LI><a href="#[139]">&gt;&gt;</a>&nbsp;&nbsp;&nbsp;SCPI_NumberToStr
<LI><a href="#[8d]">&gt;&gt;</a>&nbsp;&nbsp;&nbsp;SCPI_CoreIdnQ
<LI><a href="#[23a]">&gt;&gt;</a>&nbsp;&nbsp;&nbsp;SCPI_ParamToChoice
<LI><a href="#[216]">&gt;&gt;</a>&nbsp;&nbsp;&nbsp;SCPI_DoubleToStr
<LI><a href="#[376]">&gt;&gt;</a>&nbsp;&nbsp;&nbsp;translateUnit
<LI><a href="#[258]">&gt;&gt;</a>&nbsp;&nbsp;&nbsp;SCPI_ResultError
<LI><a href="#[20e]">&gt;&gt;</a>&nbsp;&nbsp;&nbsp;matchCommand
<LI><a href="#[22c]">&gt;&gt;</a>&nbsp;&nbsp;&nbsp;SCPI_FloatToStr
<LI><a href="#[253]">&gt;&gt;</a>&nbsp;&nbsp;&nbsp;SCPI_ResultArbitraryBlockHeader
</UL>

<P><STRONG><a name="[346]"></a>strcmp</STRONG> (Thumb, 28 bytes, Stack size 8 bytes, strcmp.o(.text))
<BR><BR>[Stack]<UL><LI>Max Depth = 8<LI>Call Chain = strcmp
</UL>
<BR>[Called By]<UL><LI><a href="#[1f4]">&gt;&gt;</a>&nbsp;&nbsp;&nbsp;input_password
</UL>

<P><STRONG><a name="[236]"></a>strncat</STRONG> (Thumb, 40 bytes, Stack size 8 bytes, strncat.o(.text))
<BR><BR>[Stack]<UL><LI>Max Depth = 8<LI>Call Chain = strncat
</UL>
<BR>[Called By]<UL><LI><a href="#[139]">&gt;&gt;</a>&nbsp;&nbsp;&nbsp;SCPI_NumberToStr
</UL>

<P><STRONG><a name="[e5]"></a>strncasecmp</STRONG> (Thumb, 50 bytes, Stack size 24 bytes, strncasecmp.o(.text))
<BR><BR>[Stack]<UL><LI>Max Depth = 24<LI>Call Chain = strncasecmp
</UL>
<BR>[Calls]<UL><LI><a href="#[e6]">&gt;&gt;</a>&nbsp;&nbsp;&nbsp;tolower
</UL>
<BR>[Called By]<UL><LI><a href="#[31f]">&gt;&gt;</a>&nbsp;&nbsp;&nbsp;compareStr
<LI><a href="#[320]">&gt;&gt;</a>&nbsp;&nbsp;&nbsp;compareStrAndNum
</UL>

<P><STRONG><a name="[e7]"></a>strtol</STRONG> (Thumb, 112 bytes, Stack size 32 bytes, strtol.o(.text))
<BR><BR>[Stack]<UL><LI>Max Depth = 72<LI>Call Chain = strtol &rArr; _strtoul
</UL>
<BR>[Calls]<UL><LI><a href="#[e1]">&gt;&gt;</a>&nbsp;&nbsp;&nbsp;__rt_ctype_table
<LI><a href="#[e8]">&gt;&gt;</a>&nbsp;&nbsp;&nbsp;_strtoul
<LI><a href="#[e9]">&gt;&gt;</a>&nbsp;&nbsp;&nbsp;__aeabi_errno_addr
</UL>
<BR>[Called By]<UL><LI><a href="#[1de]">&gt;&gt;</a>&nbsp;&nbsp;&nbsp;strBaseToInt32
</UL>

<P><STRONG><a name="[ea]"></a>strtoul</STRONG> (Thumb, 114 bytes, Stack size 40 bytes, strtoul.o(.text))
<BR><BR>[Stack]<UL><LI>Max Depth = 80<LI>Call Chain = strtoul &rArr; _strtoul
</UL>
<BR>[Calls]<UL><LI><a href="#[e1]">&gt;&gt;</a>&nbsp;&nbsp;&nbsp;__rt_ctype_table
<LI><a href="#[e8]">&gt;&gt;</a>&nbsp;&nbsp;&nbsp;_strtoul
<LI><a href="#[e9]">&gt;&gt;</a>&nbsp;&nbsp;&nbsp;__aeabi_errno_addr
</UL>
<BR>[Called By]<UL><LI><a href="#[1dd]">&gt;&gt;</a>&nbsp;&nbsp;&nbsp;strBaseToUInt32
</UL>

<P><STRONG><a name="[eb]"></a>strtoll</STRONG> (Thumb, 4 bytes, Stack size 0 bytes, strtoll.o(.text))
<BR><BR>[Stack]<UL><LI>Max Depth = 80<LI>Call Chain = strtoll &rArr; __strtoll &rArr; _strtoull
</UL>
<BR>[Calls]<UL><LI><a href="#[ec]">&gt;&gt;</a>&nbsp;&nbsp;&nbsp;__strtoll
</UL>
<BR>[Called By]<UL><LI><a href="#[1e1]">&gt;&gt;</a>&nbsp;&nbsp;&nbsp;strBaseToInt64
</UL>

<P><STRONG><a name="[ed]"></a>strtoull</STRONG> (Thumb, 4 bytes, Stack size 0 bytes, strtoull.o(.text))
<BR><BR>[Stack]<UL><LI>Max Depth = 88<LI>Call Chain = strtoull &rArr; __strtoull &rArr; _strtoull
</UL>
<BR>[Calls]<UL><LI><a href="#[ee]">&gt;&gt;</a>&nbsp;&nbsp;&nbsp;__strtoull
</UL>
<BR>[Called By]<UL><LI><a href="#[1e0]">&gt;&gt;</a>&nbsp;&nbsp;&nbsp;strBaseToUInt64
</UL>

<P><STRONG><a name="[ef]"></a>__aeabi_dadd</STRONG> (Thumb, 322 bytes, Stack size 48 bytes, dadd.o(.text))
<BR><BR>[Stack]<UL><LI>Max Depth = 88<LI>Call Chain = __aeabi_dadd &rArr; _double_epilogue &rArr; _double_round
</UL>
<BR>[Calls]<UL><LI><a href="#[f0]">&gt;&gt;</a>&nbsp;&nbsp;&nbsp;__aeabi_lasr
<LI><a href="#[e0]">&gt;&gt;</a>&nbsp;&nbsp;&nbsp;__aeabi_llsl
<LI><a href="#[f2]">&gt;&gt;</a>&nbsp;&nbsp;&nbsp;_double_round
<LI><a href="#[f1]">&gt;&gt;</a>&nbsp;&nbsp;&nbsp;_double_epilogue
</UL>
<BR>[Called By]<UL><LI><a href="#[f3]">&gt;&gt;</a>&nbsp;&nbsp;&nbsp;__aeabi_dsub
<LI><a href="#[119]">&gt;&gt;</a>&nbsp;&nbsp;&nbsp;Encoder_Process
<LI><a href="#[1a2]">&gt;&gt;</a>&nbsp;&nbsp;&nbsp;HostParaProc
<LI><a href="#[f4]">&gt;&gt;</a>&nbsp;&nbsp;&nbsp;__aeabi_drsub
<LI><a href="#[18d]">&gt;&gt;</a>&nbsp;&nbsp;&nbsp;__hardfp_pow
<LI><a href="#[30f]">&gt;&gt;</a>&nbsp;&nbsp;&nbsp;__kernel_poly
<LI><a href="#[307]">&gt;&gt;</a>&nbsp;&nbsp;&nbsp;__mathlib_dbl_infnan2
<LI><a href="#[314]">&gt;&gt;</a>&nbsp;&nbsp;&nbsp;_fp_digits
</UL>

<P><STRONG><a name="[f3]"></a>__aeabi_dsub</STRONG> (Thumb, 6 bytes, Stack size 0 bytes, dadd.o(.text))
<BR><BR>[Stack]<UL><LI>Max Depth = 88<LI>Call Chain = __aeabi_dsub &rArr; __aeabi_dadd &rArr; _double_epilogue &rArr; _double_round
</UL>
<BR>[Calls]<UL><LI><a href="#[ef]">&gt;&gt;</a>&nbsp;&nbsp;&nbsp;__aeabi_dadd
</UL>
<BR>[Called By]<UL><LI><a href="#[119]">&gt;&gt;</a>&nbsp;&nbsp;&nbsp;Encoder_Process
<LI><a href="#[18d]">&gt;&gt;</a>&nbsp;&nbsp;&nbsp;__hardfp_pow
</UL>

<P><STRONG><a name="[f4]"></a>__aeabi_drsub</STRONG> (Thumb, 6 bytes, Stack size 0 bytes, dadd.o(.text))
<BR><BR>[Stack]<UL><LI>Max Depth = 88<LI>Call Chain = __aeabi_drsub &rArr; __aeabi_dadd &rArr; _double_epilogue &rArr; _double_round
</UL>
<BR>[Calls]<UL><LI><a href="#[ef]">&gt;&gt;</a>&nbsp;&nbsp;&nbsp;__aeabi_dadd
</UL>
<BR>[Called By]<UL><LI><a href="#[18d]">&gt;&gt;</a>&nbsp;&nbsp;&nbsp;__hardfp_pow
</UL>

<P><STRONG><a name="[f5]"></a>__aeabi_dmul</STRONG> (Thumb, 228 bytes, Stack size 48 bytes, dmul.o(.text))
<BR><BR>[Stack]<UL><LI>Max Depth = 88<LI>Call Chain = __aeabi_dmul &rArr; _double_epilogue &rArr; _double_round
</UL>
<BR>[Calls]<UL><LI><a href="#[f1]">&gt;&gt;</a>&nbsp;&nbsp;&nbsp;_double_epilogue
</UL>
<BR>[Called By]<UL><LI><a href="#[122]">&gt;&gt;</a>&nbsp;&nbsp;&nbsp;SetCurrentLimit
<LI><a href="#[297]">&gt;&gt;</a>&nbsp;&nbsp;&nbsp;Test_Disp
<LI><a href="#[1a2]">&gt;&gt;</a>&nbsp;&nbsp;&nbsp;HostParaProc
<LI><a href="#[241]">&gt;&gt;</a>&nbsp;&nbsp;&nbsp;transformNumber
<LI><a href="#[18d]">&gt;&gt;</a>&nbsp;&nbsp;&nbsp;__hardfp_pow
<LI><a href="#[104]">&gt;&gt;</a>&nbsp;&nbsp;&nbsp;_fp_value
<LI><a href="#[30f]">&gt;&gt;</a>&nbsp;&nbsp;&nbsp;__kernel_poly
<LI><a href="#[30e]">&gt;&gt;</a>&nbsp;&nbsp;&nbsp;__mathlib_dbl_underflow
<LI><a href="#[30a]">&gt;&gt;</a>&nbsp;&nbsp;&nbsp;__mathlib_dbl_overflow
<LI><a href="#[314]">&gt;&gt;</a>&nbsp;&nbsp;&nbsp;_fp_digits
</UL>

<P><STRONG><a name="[f6]"></a>__aeabi_ddiv</STRONG> (Thumb, 222 bytes, Stack size 32 bytes, ddiv.o(.text))
<BR><BR>[Stack]<UL><LI>Max Depth = 40<LI>Call Chain = __aeabi_ddiv &rArr; _double_round
</UL>
<BR>[Calls]<UL><LI><a href="#[f2]">&gt;&gt;</a>&nbsp;&nbsp;&nbsp;_double_round
</UL>
<BR>[Called By]<UL><LI><a href="#[122]">&gt;&gt;</a>&nbsp;&nbsp;&nbsp;SetCurrentLimit
<LI><a href="#[1a2]">&gt;&gt;</a>&nbsp;&nbsp;&nbsp;HostParaProc
<LI><a href="#[18d]">&gt;&gt;</a>&nbsp;&nbsp;&nbsp;__hardfp_pow
<LI><a href="#[104]">&gt;&gt;</a>&nbsp;&nbsp;&nbsp;_fp_value
<LI><a href="#[30d]">&gt;&gt;</a>&nbsp;&nbsp;&nbsp;__mathlib_dbl_invalid
<LI><a href="#[309]">&gt;&gt;</a>&nbsp;&nbsp;&nbsp;__mathlib_dbl_divzero
<LI><a href="#[314]">&gt;&gt;</a>&nbsp;&nbsp;&nbsp;_fp_digits
</UL>

<P><STRONG><a name="[f7]"></a>__aeabi_i2d</STRONG> (Thumb, 34 bytes, Stack size 16 bytes, dflti.o(.text))
<BR><BR>[Stack]<UL><LI>Max Depth = 56<LI>Call Chain = __aeabi_i2d &rArr; _double_epilogue &rArr; _double_round
</UL>
<BR>[Calls]<UL><LI><a href="#[f1]">&gt;&gt;</a>&nbsp;&nbsp;&nbsp;_double_epilogue
</UL>
<BR>[Called By]<UL><LI><a href="#[119]">&gt;&gt;</a>&nbsp;&nbsp;&nbsp;Encoder_Process
<LI><a href="#[18d]">&gt;&gt;</a>&nbsp;&nbsp;&nbsp;__hardfp_pow
</UL>

<P><STRONG><a name="[f8]"></a>__aeabi_ui2d</STRONG> (Thumb, 26 bytes, Stack size 16 bytes, dfltui.o(.text))
<BR><BR>[Stack]<UL><LI>Max Depth = 56<LI>Call Chain = __aeabi_ui2d &rArr; _double_epilogue &rArr; _double_round
</UL>
<BR>[Calls]<UL><LI><a href="#[f1]">&gt;&gt;</a>&nbsp;&nbsp;&nbsp;_double_epilogue
</UL>
<BR>[Called By]<UL><LI><a href="#[122]">&gt;&gt;</a>&nbsp;&nbsp;&nbsp;SetCurrentLimit
<LI><a href="#[119]">&gt;&gt;</a>&nbsp;&nbsp;&nbsp;Encoder_Process
<LI><a href="#[297]">&gt;&gt;</a>&nbsp;&nbsp;&nbsp;Test_Disp
<LI><a href="#[1a2]">&gt;&gt;</a>&nbsp;&nbsp;&nbsp;HostParaProc
</UL>

<P><STRONG><a name="[f9]"></a>__aeabi_ul2d</STRONG> (Thumb, 24 bytes, Stack size 16 bytes, dfltul.o(.text))
<BR><BR>[Stack]<UL><LI>Max Depth = 56<LI>Call Chain = __aeabi_ul2d &rArr; _double_epilogue &rArr; _double_round
</UL>
<BR>[Calls]<UL><LI><a href="#[f1]">&gt;&gt;</a>&nbsp;&nbsp;&nbsp;_double_epilogue
</UL>
<BR>[Called By]<UL><LI><a href="#[23c]">&gt;&gt;</a>&nbsp;&nbsp;&nbsp;SCPI_ParamToDouble
<LI><a href="#[104]">&gt;&gt;</a>&nbsp;&nbsp;&nbsp;_fp_value
</UL>

<P><STRONG><a name="[fa]"></a>__aeabi_d2uiz</STRONG> (Thumb, 50 bytes, Stack size 8 bytes, dfixui.o(.text))
<BR><BR>[Stack]<UL><LI>Max Depth = 8<LI>Call Chain = __aeabi_d2uiz
</UL>
<BR>[Calls]<UL><LI><a href="#[df]">&gt;&gt;</a>&nbsp;&nbsp;&nbsp;__aeabi_llsr
</UL>
<BR>[Called By]<UL><LI><a href="#[119]">&gt;&gt;</a>&nbsp;&nbsp;&nbsp;Encoder_Process
<LI><a href="#[1a2]">&gt;&gt;</a>&nbsp;&nbsp;&nbsp;HostParaProc
</UL>

<P><STRONG><a name="[22d]"></a>__aeabi_f2d</STRONG> (Thumb, 38 bytes, Stack size 0 bytes, f2d.o(.text))
<BR><BR>[Called By]<UL><LI><a href="#[22c]">&gt;&gt;</a>&nbsp;&nbsp;&nbsp;SCPI_FloatToStr
</UL>

<P><STRONG><a name="[377]"></a>__aeabi_cdcmpeq</STRONG> (Thumb, 0 bytes, Stack size 0 bytes, cdcmple.o(.text))
<BR><BR>[Called By]<UL><LI><a href="#[235]">&gt;&gt;</a>&nbsp;&nbsp;&nbsp;translateUnitInverse
</UL>

<P><STRONG><a name="[18f]"></a>__aeabi_cdcmple</STRONG> (Thumb, 48 bytes, Stack size 0 bytes, cdcmple.o(.text))
<BR><BR>[Called By]<UL><LI><a href="#[119]">&gt;&gt;</a>&nbsp;&nbsp;&nbsp;Encoder_Process
</UL>

<P><STRONG><a name="[273]"></a>__aeabi_cdrcmple</STRONG> (Thumb, 48 bytes, Stack size 0 bytes, cdrcmple.o(.text))
<BR><BR>[Called By]<UL><LI><a href="#[122]">&gt;&gt;</a>&nbsp;&nbsp;&nbsp;SetCurrentLimit
<LI><a href="#[297]">&gt;&gt;</a>&nbsp;&nbsp;&nbsp;Test_Disp
<LI><a href="#[18d]">&gt;&gt;</a>&nbsp;&nbsp;&nbsp;__hardfp_pow
<LI><a href="#[314]">&gt;&gt;</a>&nbsp;&nbsp;&nbsp;_fp_digits
</UL>

<P><STRONG><a name="[fb]"></a>__aeabi_d2f</STRONG> (Thumb, 56 bytes, Stack size 8 bytes, d2f.o(.text))
<BR><BR>[Stack]<UL><LI>Max Depth = 8<LI>Call Chain = __aeabi_d2f
</UL>
<BR>[Calls]<UL><LI><a href="#[fc]">&gt;&gt;</a>&nbsp;&nbsp;&nbsp;_float_round
</UL>
<BR>[Called By]<UL><LI><a href="#[313]">&gt;&gt;</a>&nbsp;&nbsp;&nbsp;__hardfp_strtof
<LI><a href="#[105]">&gt;&gt;</a>&nbsp;&nbsp;&nbsp;_scanf_really_real
</UL>

<P><STRONG><a name="[385]"></a>__aeabi_uidiv</STRONG> (Thumb, 0 bytes, Stack size 12 bytes, uidiv.o(.text), UNUSED)

<P><STRONG><a name="[317]"></a>__aeabi_uidivmod</STRONG> (Thumb, 44 bytes, Stack size 12 bytes, uidiv.o(.text), UNUSED)
<BR><BR>[Called By]<UL><LI><a href="#[304]">&gt;&gt;</a>&nbsp;&nbsp;&nbsp;_printf_core
</UL>

<P><STRONG><a name="[e0]"></a>__aeabi_llsl</STRONG> (Thumb, 30 bytes, Stack size 0 bytes, llshl.o(.text))
<BR><BR>[Called By]<UL><LI><a href="#[ef]">&gt;&gt;</a>&nbsp;&nbsp;&nbsp;__aeabi_dadd
<LI><a href="#[de]">&gt;&gt;</a>&nbsp;&nbsp;&nbsp;__aeabi_uldivmod
<LI><a href="#[f1]">&gt;&gt;</a>&nbsp;&nbsp;&nbsp;_double_epilogue
<LI><a href="#[102]">&gt;&gt;</a>&nbsp;&nbsp;&nbsp;__aeabi_d2ulz
</UL>

<P><STRONG><a name="[386]"></a>_ll_shift_l</STRONG> (Thumb, 0 bytes, Stack size 0 bytes, llshl.o(.text), UNUSED)

<P><STRONG><a name="[df]"></a>__aeabi_llsr</STRONG> (Thumb, 32 bytes, Stack size 0 bytes, llushr.o(.text))
<BR><BR>[Called By]<UL><LI><a href="#[fa]">&gt;&gt;</a>&nbsp;&nbsp;&nbsp;__aeabi_d2uiz
<LI><a href="#[de]">&gt;&gt;</a>&nbsp;&nbsp;&nbsp;__aeabi_uldivmod
<LI><a href="#[107]">&gt;&gt;</a>&nbsp;&nbsp;&nbsp;_dsqrt
<LI><a href="#[f1]">&gt;&gt;</a>&nbsp;&nbsp;&nbsp;_double_epilogue
<LI><a href="#[102]">&gt;&gt;</a>&nbsp;&nbsp;&nbsp;__aeabi_d2ulz
</UL>

<P><STRONG><a name="[387]"></a>_ll_ushift_r</STRONG> (Thumb, 0 bytes, Stack size 0 bytes, llushr.o(.text), UNUSED)

<P><STRONG><a name="[f0]"></a>__aeabi_lasr</STRONG> (Thumb, 36 bytes, Stack size 0 bytes, llsshr.o(.text))
<BR><BR>[Called By]<UL><LI><a href="#[ef]">&gt;&gt;</a>&nbsp;&nbsp;&nbsp;__aeabi_dadd
</UL>

<P><STRONG><a name="[388]"></a>_ll_sshift_r</STRONG> (Thumb, 0 bytes, Stack size 0 bytes, llsshr.o(.text), UNUSED)

<P><STRONG><a name="[e6]"></a>tolower</STRONG> (Thumb, 12 bytes, Stack size 0 bytes, tolower.o(.text))
<BR><BR>[Called By]<UL><LI><a href="#[e5]">&gt;&gt;</a>&nbsp;&nbsp;&nbsp;strncasecmp
</UL>

<P><STRONG><a name="[e8]"></a>_strtoul</STRONG> (Thumb, 158 bytes, Stack size 40 bytes, _strtoul.o(.text))
<BR><BR>[Stack]<UL><LI>Max Depth = 40<LI>Call Chain = _strtoul
</UL>
<BR>[Calls]<UL><LI><a href="#[fd]">&gt;&gt;</a>&nbsp;&nbsp;&nbsp;_chval
<LI><a href="#[e9]">&gt;&gt;</a>&nbsp;&nbsp;&nbsp;__aeabi_errno_addr
</UL>
<BR>[Called By]<UL><LI><a href="#[ea]">&gt;&gt;</a>&nbsp;&nbsp;&nbsp;strtoul
<LI><a href="#[e7]">&gt;&gt;</a>&nbsp;&nbsp;&nbsp;strtol
</UL>

<P><STRONG><a name="[100]"></a>__strtod_int</STRONG> (Thumb, 90 bytes, Stack size 40 bytes, strtod.o(.text))
<BR><BR>[Stack]<UL><LI>Max Depth = 200<LI>Call Chain = __strtod_int &rArr; _local_sscanf &rArr; _scanf_real
</UL>
<BR>[Calls]<UL><LI><a href="#[fe]">&gt;&gt;</a>&nbsp;&nbsp;&nbsp;_local_sscanf
</UL>
<BR>[Called By]<UL><LI><a href="#[313]">&gt;&gt;</a>&nbsp;&nbsp;&nbsp;__hardfp_strtof
<LI><a href="#[312]">&gt;&gt;</a>&nbsp;&nbsp;&nbsp;__hardfp_strtod
</UL>

<P><STRONG><a name="[ec]"></a>__strtoll</STRONG> (Thumb, 144 bytes, Stack size 32 bytes, __strtoll.o(.text))
<BR><BR>[Stack]<UL><LI>Max Depth = 80<LI>Call Chain = __strtoll &rArr; _strtoull
</UL>
<BR>[Calls]<UL><LI><a href="#[e1]">&gt;&gt;</a>&nbsp;&nbsp;&nbsp;__rt_ctype_table
<LI><a href="#[101]">&gt;&gt;</a>&nbsp;&nbsp;&nbsp;_strtoull
<LI><a href="#[e9]">&gt;&gt;</a>&nbsp;&nbsp;&nbsp;__aeabi_errno_addr
</UL>
<BR>[Called By]<UL><LI><a href="#[eb]">&gt;&gt;</a>&nbsp;&nbsp;&nbsp;strtoll
</UL>

<P><STRONG><a name="[ee]"></a>__strtoull</STRONG> (Thumb, 124 bytes, Stack size 40 bytes, __strtoull.o(.text))
<BR><BR>[Stack]<UL><LI>Max Depth = 88<LI>Call Chain = __strtoull &rArr; _strtoull
</UL>
<BR>[Calls]<UL><LI><a href="#[e1]">&gt;&gt;</a>&nbsp;&nbsp;&nbsp;__rt_ctype_table
<LI><a href="#[101]">&gt;&gt;</a>&nbsp;&nbsp;&nbsp;_strtoull
<LI><a href="#[e9]">&gt;&gt;</a>&nbsp;&nbsp;&nbsp;__aeabi_errno_addr
</UL>
<BR>[Called By]<UL><LI><a href="#[ed]">&gt;&gt;</a>&nbsp;&nbsp;&nbsp;strtoull
</UL>

<P><STRONG><a name="[389]"></a>__I$use$fp</STRONG> (Thumb, 0 bytes, Stack size 0 bytes, iusefp.o(.text), UNUSED)

<P><STRONG><a name="[fc]"></a>_float_round</STRONG> (Thumb, 18 bytes, Stack size 0 bytes, fepilogue.o(.text))
<BR><BR>[Called By]<UL><LI><a href="#[fb]">&gt;&gt;</a>&nbsp;&nbsp;&nbsp;__aeabi_d2f
</UL>

<P><STRONG><a name="[38a]"></a>_float_epilogue</STRONG> (Thumb, 92 bytes, Stack size 4 bytes, fepilogue.o(.text), UNUSED)

<P><STRONG><a name="[f2]"></a>_double_round</STRONG> (Thumb, 30 bytes, Stack size 8 bytes, depilogue.o(.text))
<BR><BR>[Stack]<UL><LI>Max Depth = 8<LI>Call Chain = _double_round
</UL>
<BR>[Called By]<UL><LI><a href="#[ef]">&gt;&gt;</a>&nbsp;&nbsp;&nbsp;__aeabi_dadd
<LI><a href="#[f6]">&gt;&gt;</a>&nbsp;&nbsp;&nbsp;__aeabi_ddiv
<LI><a href="#[107]">&gt;&gt;</a>&nbsp;&nbsp;&nbsp;_dsqrt
<LI><a href="#[f1]">&gt;&gt;</a>&nbsp;&nbsp;&nbsp;_double_epilogue
</UL>

<P><STRONG><a name="[f1]"></a>_double_epilogue</STRONG> (Thumb, 156 bytes, Stack size 32 bytes, depilogue.o(.text))
<BR><BR>[Stack]<UL><LI>Max Depth = 40<LI>Call Chain = _double_epilogue &rArr; _double_round
</UL>
<BR>[Calls]<UL><LI><a href="#[df]">&gt;&gt;</a>&nbsp;&nbsp;&nbsp;__aeabi_llsr
<LI><a href="#[e0]">&gt;&gt;</a>&nbsp;&nbsp;&nbsp;__aeabi_llsl
<LI><a href="#[f2]">&gt;&gt;</a>&nbsp;&nbsp;&nbsp;_double_round
</UL>
<BR>[Called By]<UL><LI><a href="#[f7]">&gt;&gt;</a>&nbsp;&nbsp;&nbsp;__aeabi_i2d
<LI><a href="#[ef]">&gt;&gt;</a>&nbsp;&nbsp;&nbsp;__aeabi_dadd
<LI><a href="#[f8]">&gt;&gt;</a>&nbsp;&nbsp;&nbsp;__aeabi_ui2d
<LI><a href="#[f5]">&gt;&gt;</a>&nbsp;&nbsp;&nbsp;__aeabi_dmul
<LI><a href="#[f9]">&gt;&gt;</a>&nbsp;&nbsp;&nbsp;__aeabi_ul2d
</UL>

<P><STRONG><a name="[310]"></a>__ARM_scalbn</STRONG> (Thumb, 46 bytes, Stack size 16 bytes, dscalb.o(.text))
<BR><BR>[Stack]<UL><LI>Max Depth = 16<LI>Call Chain = __ARM_scalbn
</UL>
<BR>[Called By]<UL><LI><a href="#[18d]">&gt;&gt;</a>&nbsp;&nbsp;&nbsp;__hardfp_pow
</UL>

<P><STRONG><a name="[38b]"></a>scalbn</STRONG> (Thumb, 0 bytes, Stack size 16 bytes, dscalb.o(.text), UNUSED)

<P><STRONG><a name="[102]"></a>__aeabi_d2ulz</STRONG> (Thumb, 48 bytes, Stack size 0 bytes, dfixul.o(.text), UNUSED)
<BR><BR>[Calls]<UL><LI><a href="#[df]">&gt;&gt;</a>&nbsp;&nbsp;&nbsp;__aeabi_llsr
<LI><a href="#[e0]">&gt;&gt;</a>&nbsp;&nbsp;&nbsp;__aeabi_llsl
</UL>
<BR>[Called By]<UL><LI><a href="#[314]">&gt;&gt;</a>&nbsp;&nbsp;&nbsp;_fp_digits
</UL>

<P><STRONG><a name="[dd]"></a>__scatterload</STRONG> (Thumb, 28 bytes, Stack size 0 bytes, init.o(.text))
<BR><BR>[Calls]<UL><LI><a href="#[103]">&gt;&gt;</a>&nbsp;&nbsp;&nbsp;__main_after_scatterload
</UL>
<BR>[Called By]<UL><LI><a href="#[dc]">&gt;&gt;</a>&nbsp;&nbsp;&nbsp;_main_scatterload
</UL>

<P><STRONG><a name="[38c]"></a>__scatterload_rt2</STRONG> (Thumb, 0 bytes, Stack size 0 bytes, init.o(.text), UNUSED)

<P><STRONG><a name="[fd]"></a>_chval</STRONG> (Thumb, 28 bytes, Stack size 0 bytes, _chval.o(.text))
<BR><BR>[Called By]<UL><LI><a href="#[101]">&gt;&gt;</a>&nbsp;&nbsp;&nbsp;_strtoull
<LI><a href="#[e8]">&gt;&gt;</a>&nbsp;&nbsp;&nbsp;_strtoul
</UL>

<P><STRONG><a name="[ff]"></a>_scanf_real</STRONG> (Thumb, 0 bytes, Stack size 104 bytes, scanf_fp.o(.text))
<BR><BR>[Stack]<UL><LI>Max Depth = 104<LI>Call Chain = _scanf_real
</UL>
<BR>[Called By]<UL><LI><a href="#[fe]">&gt;&gt;</a>&nbsp;&nbsp;&nbsp;_local_sscanf
</UL>

<P><STRONG><a name="[105]"></a>_scanf_really_real</STRONG> (Thumb, 556 bytes, Stack size 104 bytes, scanf_fp.o(.text), UNUSED)
<BR><BR>[Calls]<UL><LI><a href="#[fb]">&gt;&gt;</a>&nbsp;&nbsp;&nbsp;__aeabi_d2f
<LI><a href="#[106]">&gt;&gt;</a>&nbsp;&nbsp;&nbsp;_is_digit
<LI><a href="#[104]">&gt;&gt;</a>&nbsp;&nbsp;&nbsp;_fp_value
</UL>

<P><STRONG><a name="[83]"></a>_sgetc</STRONG> (Thumb, 30 bytes, Stack size 0 bytes, _sgetc.o(.text))
<BR>[Address Reference Count : 1]<UL><LI> strtod.o(.text)
</UL>
<P><STRONG><a name="[84]"></a>_sbackspace</STRONG> (Thumb, 34 bytes, Stack size 0 bytes, _sgetc.o(.text))
<BR>[Address Reference Count : 1]<UL><LI> strtod.o(.text)
</UL>
<P><STRONG><a name="[101]"></a>_strtoull</STRONG> (Thumb, 194 bytes, Stack size 48 bytes, _strtoull.o(.text))
<BR><BR>[Stack]<UL><LI>Max Depth = 48<LI>Call Chain = _strtoull
</UL>
<BR>[Calls]<UL><LI><a href="#[fd]">&gt;&gt;</a>&nbsp;&nbsp;&nbsp;_chval
<LI><a href="#[e9]">&gt;&gt;</a>&nbsp;&nbsp;&nbsp;__aeabi_errno_addr
</UL>
<BR>[Called By]<UL><LI><a href="#[ee]">&gt;&gt;</a>&nbsp;&nbsp;&nbsp;__strtoull
<LI><a href="#[ec]">&gt;&gt;</a>&nbsp;&nbsp;&nbsp;__strtoll
</UL>

<P><STRONG><a name="[107]"></a>_dsqrt</STRONG> (Thumb, 162 bytes, Stack size 32 bytes, dsqrt.o(.text))
<BR><BR>[Stack]<UL><LI>Max Depth = 40<LI>Call Chain = _dsqrt &rArr; _double_round
</UL>
<BR>[Calls]<UL><LI><a href="#[df]">&gt;&gt;</a>&nbsp;&nbsp;&nbsp;__aeabi_llsr
<LI><a href="#[f2]">&gt;&gt;</a>&nbsp;&nbsp;&nbsp;_double_round
</UL>
<BR>[Called By]<UL><LI><a href="#[30b]">&gt;&gt;</a>&nbsp;&nbsp;&nbsp;sqrt
</UL>

<P><STRONG><a name="[38d]"></a>__decompress</STRONG> (Thumb, 0 bytes, Stack size unknown bytes, __dczerorl2.o(.text), UNUSED)

<P><STRONG><a name="[38e]"></a>__decompress1</STRONG> (Thumb, 86 bytes, Stack size unknown bytes, __dczerorl2.o(.text), UNUSED)

<P><STRONG><a name="[1d1]"></a>BEBufToUint16</STRONG> (Thumb, 12 bytes, Stack size 0 bytes, bsp_debug_usart.o(i.BEBufToUint16))
<BR><BR>[Called By]<UL><LI><a href="#[1d6]">&gt;&gt;</a>&nbsp;&nbsp;&nbsp;MODS_10H
<LI><a href="#[1d4]">&gt;&gt;</a>&nbsp;&nbsp;&nbsp;MODS_06H
<LI><a href="#[1d0]">&gt;&gt;</a>&nbsp;&nbsp;&nbsp;MODS_03H
</UL>

<P><STRONG><a name="[226]"></a>BSD_strnlen</STRONG> (Thumb, 24 bytes, Stack size 0 bytes, utils.o(i.BSD_strnlen))
<BR><BR>[Called By]<UL><LI><a href="#[139]">&gt;&gt;</a>&nbsp;&nbsp;&nbsp;SCPI_NumberToStr
<LI><a href="#[225]">&gt;&gt;</a>&nbsp;&nbsp;&nbsp;SCPI_ErrorPushEx
<LI><a href="#[20e]">&gt;&gt;</a>&nbsp;&nbsp;&nbsp;matchCommand
</UL>

<P><STRONG><a name="[10f]"></a>BatMode_SW</STRONG> (Thumb, 88 bytes, Stack size 8 bytes, bsp_debug_usart.o(i.BatMode_SW))
<BR><BR>[Stack]<UL><LI>Max Depth = 32<LI>Call Chain = BatMode_SW &rArr; Uart1SendBuff &rArr; delay_us
</UL>
<BR>[Calls]<UL><LI><a href="#[111]">&gt;&gt;</a>&nbsp;&nbsp;&nbsp;Uart1SendBuff
<LI><a href="#[110]">&gt;&gt;</a>&nbsp;&nbsp;&nbsp;Hardware_CRC
<LI><a href="#[e2]">&gt;&gt;</a>&nbsp;&nbsp;&nbsp;__aeabi_memclr
</UL>
<BR>[Called By]<UL><LI><a href="#[1cc]">&gt;&gt;</a>&nbsp;&nbsp;&nbsp;List_Process
</UL>

<P><STRONG><a name="[112]"></a>Bat_Disp</STRONG> (Thumb, 362 bytes, Stack size 16 bytes, user.o(i.Bat_Disp))
<BR><BR>[Stack]<UL><LI>Max Depth = 128<LI>Call Chain = Bat_Disp &rArr; WriteString_16 &rArr; PutChar &rArr; GetASCIICode &rArr; __aeabi_memcpy
</UL>
<BR>[Calls]<UL><LI><a href="#[114]">&gt;&gt;</a>&nbsp;&nbsp;&nbsp;WriteString_16
<LI><a href="#[113]">&gt;&gt;</a>&nbsp;&nbsp;&nbsp;Hex_Format
</UL>
<BR>[Called By]<UL><LI><a href="#[115]">&gt;&gt;</a>&nbsp;&nbsp;&nbsp;Battery_Process
</UL>

<P><STRONG><a name="[115]"></a>Battery_Process</STRONG> (Thumb, 2190 bytes, Stack size 40 bytes, test.o(i.Battery_Process))
<BR><BR>[Stack]<UL><LI>Max Depth = 448<LI>Call Chain = Battery_Process &rArr; Rec3_Handle &rArr; Test_Process &rArr;  Rec3_Handle (Cycle)
</UL>
<BR>[Calls]<UL><LI><a href="#[129]">&gt;&gt;</a>&nbsp;&nbsp;&nbsp;SwitchLedOff
<LI><a href="#[118]">&gt;&gt;</a>&nbsp;&nbsp;&nbsp;Set_Para
<LI><a href="#[12a]">&gt;&gt;</a>&nbsp;&nbsp;&nbsp;DrawLock
<LI><a href="#[128]">&gt;&gt;</a>&nbsp;&nbsp;&nbsp;SwitchLedOn
<LI><a href="#[11b]">&gt;&gt;</a>&nbsp;&nbsp;&nbsp;Rec_Handle
<LI><a href="#[11e]">&gt;&gt;</a>&nbsp;&nbsp;&nbsp;ReadData
<LI><a href="#[122]">&gt;&gt;</a>&nbsp;&nbsp;&nbsp;SetCurrentLimit
<LI><a href="#[126]">&gt;&gt;</a>&nbsp;&nbsp;&nbsp;Para_Set_Comp
<LI><a href="#[114]">&gt;&gt;</a>&nbsp;&nbsp;&nbsp;WriteString_16
<LI><a href="#[121]">&gt;&gt;</a>&nbsp;&nbsp;&nbsp;Store_set_flash
<LI><a href="#[11c]">&gt;&gt;</a>&nbsp;&nbsp;&nbsp;Rec3_Handle
<LI><a href="#[116]">&gt;&gt;</a>&nbsp;&nbsp;&nbsp;LCD_Clear
<LI><a href="#[123]">&gt;&gt;</a>&nbsp;&nbsp;&nbsp;Key_Read
<LI><a href="#[119]">&gt;&gt;</a>&nbsp;&nbsp;&nbsp;Encoder_Process
<LI><a href="#[11f]">&gt;&gt;</a>&nbsp;&nbsp;&nbsp;MissConDisp
<LI><a href="#[11a]">&gt;&gt;</a>&nbsp;&nbsp;&nbsp;Disp_dateandtime
<LI><a href="#[127]">&gt;&gt;</a>&nbsp;&nbsp;&nbsp;Disp_Set_VNum
<LI><a href="#[125]">&gt;&gt;</a>&nbsp;&nbsp;&nbsp;Disp_Set_RNum
<LI><a href="#[124]">&gt;&gt;</a>&nbsp;&nbsp;&nbsp;Disp_Set_CNum
<LI><a href="#[120]">&gt;&gt;</a>&nbsp;&nbsp;&nbsp;Disp_Fastbutton
<LI><a href="#[117]">&gt;&gt;</a>&nbsp;&nbsp;&nbsp;Disp_Battery_Item
<LI><a href="#[11d]">&gt;&gt;</a>&nbsp;&nbsp;&nbsp;Disp_Bat_value
<LI><a href="#[112]">&gt;&gt;</a>&nbsp;&nbsp;&nbsp;Bat_Disp
</UL>
<BR>[Called By]<UL><LI><a href="#[80]">&gt;&gt;</a>&nbsp;&nbsp;&nbsp;main
</UL>

<P><STRONG><a name="[12b]"></a>Beep_Off</STRONG> (Thumb, 14 bytes, Stack size 8 bytes, gpio.o(i.Beep_Off))
<BR><BR>[Stack]<UL><LI>Max Depth = 8<LI>Call Chain = Beep_Off
</UL>
<BR>[Calls]<UL><LI><a href="#[12c]">&gt;&gt;</a>&nbsp;&nbsp;&nbsp;GPIO_ResetBits
</UL>
<BR>[Called By]<UL><LI><a href="#[1e5]">&gt;&gt;</a>&nbsp;&nbsp;&nbsp;Power_Process
<LI><a href="#[18c]">&gt;&gt;</a>&nbsp;&nbsp;&nbsp;Key_beep
<LI><a href="#[1cb]">&gt;&gt;</a>&nbsp;&nbsp;&nbsp;ListCompBeep
<LI><a href="#[296]">&gt;&gt;</a>&nbsp;&nbsp;&nbsp;Test_Beep
</UL>

<P><STRONG><a name="[12d]"></a>Beep_On</STRONG> (Thumb, 14 bytes, Stack size 8 bytes, gpio.o(i.Beep_On))
<BR><BR>[Stack]<UL><LI>Max Depth = 8<LI>Call Chain = Beep_On
</UL>
<BR>[Calls]<UL><LI><a href="#[12e]">&gt;&gt;</a>&nbsp;&nbsp;&nbsp;GPIO_SetBits
</UL>
<BR>[Called By]<UL><LI><a href="#[18c]">&gt;&gt;</a>&nbsp;&nbsp;&nbsp;Key_beep
<LI><a href="#[1cb]">&gt;&gt;</a>&nbsp;&nbsp;&nbsp;ListCompBeep
<LI><a href="#[296]">&gt;&gt;</a>&nbsp;&nbsp;&nbsp;Test_Beep
</UL>

<P><STRONG><a name="[12f]"></a>Bin_Send</STRONG> (Thumb, 64 bytes, Stack size 8 bytes, test.o(i.Bin_Send))
<BR><BR>[Stack]<UL><LI>Max Depth = 32<LI>Call Chain = Bin_Send &rArr; Uart1SendBuff &rArr; delay_us
</UL>
<BR>[Calls]<UL><LI><a href="#[111]">&gt;&gt;</a>&nbsp;&nbsp;&nbsp;Uart1SendBuff
<LI><a href="#[110]">&gt;&gt;</a>&nbsp;&nbsp;&nbsp;Hardware_CRC
<LI><a href="#[130]">&gt;&gt;</a>&nbsp;&nbsp;&nbsp;__aeabi_memcpy
</UL>
<BR>[Called By]<UL><LI><a href="#[2fa]">&gt;&gt;</a>&nbsp;&nbsp;&nbsp;UpdateProcess
</UL>

<P><STRONG><a name="[1f]"></a>BusFault_Handler</STRONG> (Thumb, 4 bytes, Stack size 0 bytes, stm32f4xx_it.o(i.BusFault_Handler))
<BR>[Address Reference Count : 1]<UL><LI> startup_stm32f429_439xx.o(RESET)
</UL>
<P><STRONG><a name="[134]"></a>CalHandle</STRONG> (Thumb, 424 bytes, Stack size 8 bytes, bsp_debug_usart.o(i.CalHandle))
<BR><BR>[Stack]<UL><LI>Max Depth = 32<LI>Call Chain = CalHandle &rArr; Uart1SendBuff &rArr; delay_us
</UL>
<BR>[Calls]<UL><LI><a href="#[111]">&gt;&gt;</a>&nbsp;&nbsp;&nbsp;Uart1SendBuff
<LI><a href="#[110]">&gt;&gt;</a>&nbsp;&nbsp;&nbsp;Hardware_CRC
<LI><a href="#[e2]">&gt;&gt;</a>&nbsp;&nbsp;&nbsp;__aeabi_memclr
</UL>
<BR>[Called By]<UL><LI><a href="#[2fe]">&gt;&gt;</a>&nbsp;&nbsp;&nbsp;Use_DebugProcess
</UL>

<P><STRONG><a name="[135]"></a>DMA2D_DeInit</STRONG> (Thumb, 22 bytes, Stack size 8 bytes, stm32f4xx_dma2d.o(i.DMA2D_DeInit))
<BR><BR>[Stack]<UL><LI>Max Depth = 8<LI>Call Chain = DMA2D_DeInit
</UL>
<BR>[Calls]<UL><LI><a href="#[136]">&gt;&gt;</a>&nbsp;&nbsp;&nbsp;RCC_AHB1PeriphResetCmd
</UL>
<BR>[Called By]<UL><LI><a href="#[1b2]">&gt;&gt;</a>&nbsp;&nbsp;&nbsp;LCD_DrawLine
<LI><a href="#[14e]">&gt;&gt;</a>&nbsp;&nbsp;&nbsp;LCD_DrawFullRect
<LI><a href="#[116]">&gt;&gt;</a>&nbsp;&nbsp;&nbsp;LCD_Clear
</UL>

<P><STRONG><a name="[1b0]"></a>DMA2D_GetFlagStatus</STRONG> (Thumb, 20 bytes, Stack size 0 bytes, stm32f4xx_dma2d.o(i.DMA2D_GetFlagStatus))
<BR><BR>[Called By]<UL><LI><a href="#[1b2]">&gt;&gt;</a>&nbsp;&nbsp;&nbsp;LCD_DrawLine
<LI><a href="#[14e]">&gt;&gt;</a>&nbsp;&nbsp;&nbsp;LCD_DrawFullRect
[...]
<LI><a href="#[e1]">&gt;&gt;</a>&nbsp;&nbsp;&nbsp;__rt_ctype_table
</UL>
<BR>[Called By]<UL><LI><a href="#[240]">&gt;&gt;</a>&nbsp;&nbsp;&nbsp;scpiLex_SuffixProgramData
</UL>

<P><STRONG><a name="[362]"></a>skipDoubleQuoteProgramData</STRONG> (Thumb, 14 bytes, Stack size 8 bytes, lexer.o(i.skipDoubleQuoteProgramData))
<BR><BR>[Stack]<UL><LI>Max Depth = 24<LI>Call Chain = skipDoubleQuoteProgramData &rArr; skipQuoteProgramData
</UL>
<BR>[Calls]<UL><LI><a href="#[36c]">&gt;&gt;</a>&nbsp;&nbsp;&nbsp;skipQuoteProgramData
</UL>
<BR>[Called By]<UL><LI><a href="#[361]">&gt;&gt;</a>&nbsp;&nbsp;&nbsp;scpiLex_StringProgramData
</UL>

<P><STRONG><a name="[352]"></a>skipExponent</STRONG> (Thumb, 54 bytes, Stack size 16 bytes, lexer.o(i.skipExponent))
<BR><BR>[Stack]<UL><LI>Max Depth = 32<LI>Call Chain = skipExponent &rArr; skipWs
</UL>
<BR>[Calls]<UL><LI><a href="#[351]">&gt;&gt;</a>&nbsp;&nbsp;&nbsp;skipWs
<LI><a href="#[36e]">&gt;&gt;</a>&nbsp;&nbsp;&nbsp;skipPlusmn
<LI><a href="#[36f]">&gt;&gt;</a>&nbsp;&nbsp;&nbsp;skipNumbers
<LI><a href="#[34e]">&gt;&gt;</a>&nbsp;&nbsp;&nbsp;iseos
<LI><a href="#[36d]">&gt;&gt;</a>&nbsp;&nbsp;&nbsp;isE
</UL>
<BR>[Called By]<UL><LI><a href="#[23e]">&gt;&gt;</a>&nbsp;&nbsp;&nbsp;scpiLex_DecimalNumericProgramData
</UL>

<P><STRONG><a name="[356]"></a>skipHexNum</STRONG> (Thumb, 52 bytes, Stack size 16 bytes, lexer.o(i.skipHexNum))
<BR><BR>[Stack]<UL><LI>Max Depth = 16<LI>Call Chain = skipHexNum
</UL>
<BR>[Calls]<UL><LI><a href="#[34e]">&gt;&gt;</a>&nbsp;&nbsp;&nbsp;iseos
<LI><a href="#[e1]">&gt;&gt;</a>&nbsp;&nbsp;&nbsp;__rt_ctype_table
</UL>
<BR>[Called By]<UL><LI><a href="#[354]">&gt;&gt;</a>&nbsp;&nbsp;&nbsp;scpiLex_NondecimalNumericData
</UL>

<P><STRONG><a name="[350]"></a>skipMantisa</STRONG> (Thumb, 42 bytes, Stack size 16 bytes, lexer.o(i.skipMantisa))
<BR><BR>[Stack]<UL><LI>Max Depth = 32<LI>Call Chain = skipMantisa &rArr; skipNumbers
</UL>
<BR>[Calls]<UL><LI><a href="#[36e]">&gt;&gt;</a>&nbsp;&nbsp;&nbsp;skipPlusmn
<LI><a href="#[36f]">&gt;&gt;</a>&nbsp;&nbsp;&nbsp;skipNumbers
<LI><a href="#[34d]">&gt;&gt;</a>&nbsp;&nbsp;&nbsp;skipChr
</UL>
<BR>[Called By]<UL><LI><a href="#[23e]">&gt;&gt;</a>&nbsp;&nbsp;&nbsp;scpiLex_DecimalNumericProgramData
</UL>

<P><STRONG><a name="[36f]"></a>skipNumbers</STRONG> (Thumb, 44 bytes, Stack size 16 bytes, lexer.o(i.skipNumbers))
<BR><BR>[Stack]<UL><LI>Max Depth = 16<LI>Call Chain = skipNumbers
</UL>
<BR>[Calls]<UL><LI><a href="#[34e]">&gt;&gt;</a>&nbsp;&nbsp;&nbsp;iseos
<LI><a href="#[e1]">&gt;&gt;</a>&nbsp;&nbsp;&nbsp;__rt_ctype_table
</UL>
<BR>[Called By]<UL><LI><a href="#[350]">&gt;&gt;</a>&nbsp;&nbsp;&nbsp;skipMantisa
<LI><a href="#[352]">&gt;&gt;</a>&nbsp;&nbsp;&nbsp;skipExponent
</UL>

<P><STRONG><a name="[358]"></a>skipOctNum</STRONG> (Thumb, 40 bytes, Stack size 16 bytes, lexer.o(i.skipOctNum))
<BR><BR>[Stack]<UL><LI>Max Depth = 16<LI>Call Chain = skipOctNum
</UL>
<BR>[Calls]<UL><LI><a href="#[370]">&gt;&gt;</a>&nbsp;&nbsp;&nbsp;isqdigit
<LI><a href="#[34e]">&gt;&gt;</a>&nbsp;&nbsp;&nbsp;iseos
</UL>
<BR>[Called By]<UL><LI><a href="#[354]">&gt;&gt;</a>&nbsp;&nbsp;&nbsp;scpiLex_NondecimalNumericData
</UL>

<P><STRONG><a name="[36e]"></a>skipPlusmn</STRONG> (Thumb, 36 bytes, Stack size 8 bytes, lexer.o(i.skipPlusmn))
<BR><BR>[Stack]<UL><LI>Max Depth = 8<LI>Call Chain = skipPlusmn
</UL>
<BR>[Calls]<UL><LI><a href="#[371]">&gt;&gt;</a>&nbsp;&nbsp;&nbsp;isplusmn
<LI><a href="#[34e]">&gt;&gt;</a>&nbsp;&nbsp;&nbsp;iseos
</UL>
<BR>[Called By]<UL><LI><a href="#[350]">&gt;&gt;</a>&nbsp;&nbsp;&nbsp;skipMantisa
<LI><a href="#[352]">&gt;&gt;</a>&nbsp;&nbsp;&nbsp;skipExponent
</UL>

<P><STRONG><a name="[35c]"></a>skipProgramExpression</STRONG> (Thumb, 34 bytes, Stack size 8 bytes, lexer.o(i.skipProgramExpression))
<BR><BR>[Stack]<UL><LI>Max Depth = 8<LI>Call Chain = skipProgramExpression
</UL>
<BR>[Calls]<UL><LI><a href="#[34e]">&gt;&gt;</a>&nbsp;&nbsp;&nbsp;iseos
<LI><a href="#[372]">&gt;&gt;</a>&nbsp;&nbsp;&nbsp;isProgramExpression
</UL>
<BR>[Called By]<UL><LI><a href="#[35b]">&gt;&gt;</a>&nbsp;&nbsp;&nbsp;scpiLex_ProgramExpression
</UL>

<P><STRONG><a name="[36b]"></a>skipProgramMnemonic</STRONG> (Thumb, 108 bytes, Stack size 16 bytes, lexer.o(i.skipProgramMnemonic))
<BR><BR>[Stack]<UL><LI>Max Depth = 16<LI>Call Chain = skipProgramMnemonic
</UL>
<BR>[Calls]<UL><LI><a href="#[34e]">&gt;&gt;</a>&nbsp;&nbsp;&nbsp;iseos
<LI><a href="#[34f]">&gt;&gt;</a>&nbsp;&nbsp;&nbsp;ischr
<LI><a href="#[e1]">&gt;&gt;</a>&nbsp;&nbsp;&nbsp;__rt_ctype_table
</UL>
<BR>[Called By]<UL><LI><a href="#[35f]">&gt;&gt;</a>&nbsp;&nbsp;&nbsp;skipCompoundProgramHeader
<LI><a href="#[35e]">&gt;&gt;</a>&nbsp;&nbsp;&nbsp;skipCommonProgramHeader
</UL>

<P><STRONG><a name="[36c]"></a>skipQuoteProgramData</STRONG> (Thumb, 102 bytes, Stack size 16 bytes, lexer.o(i.skipQuoteProgramData))
<BR><BR>[Stack]<UL><LI>Max Depth = 16<LI>Call Chain = skipQuoteProgramData
</UL>
<BR>[Calls]<UL><LI><a href="#[34e]">&gt;&gt;</a>&nbsp;&nbsp;&nbsp;iseos
<LI><a href="#[34f]">&gt;&gt;</a>&nbsp;&nbsp;&nbsp;ischr
<LI><a href="#[373]">&gt;&gt;</a>&nbsp;&nbsp;&nbsp;isascii7bit
</UL>
<BR>[Called By]<UL><LI><a href="#[363]">&gt;&gt;</a>&nbsp;&nbsp;&nbsp;skipSingleQuoteProgramData
<LI><a href="#[362]">&gt;&gt;</a>&nbsp;&nbsp;&nbsp;skipDoubleQuoteProgramData
</UL>

<P><STRONG><a name="[363]"></a>skipSingleQuoteProgramData</STRONG> (Thumb, 14 bytes, Stack size 8 bytes, lexer.o(i.skipSingleQuoteProgramData))
<BR><BR>[Stack]<UL><LI>Max Depth = 24<LI>Call Chain = skipSingleQuoteProgramData &rArr; skipQuoteProgramData
</UL>
<BR>[Calls]<UL><LI><a href="#[36c]">&gt;&gt;</a>&nbsp;&nbsp;&nbsp;skipQuoteProgramData
</UL>
<BR>[Called By]<UL><LI><a href="#[361]">&gt;&gt;</a>&nbsp;&nbsp;&nbsp;scpiLex_StringProgramData
</UL>

<P><STRONG><a name="[366]"></a>skipSlashDot</STRONG> (Thumb, 48 bytes, Stack size 16 bytes, lexer.o(i.skipSlashDot))
<BR><BR>[Stack]<UL><LI>Max Depth = 16<LI>Call Chain = skipSlashDot
</UL>
<BR>[Calls]<UL><LI><a href="#[34e]">&gt;&gt;</a>&nbsp;&nbsp;&nbsp;iseos
<LI><a href="#[34f]">&gt;&gt;</a>&nbsp;&nbsp;&nbsp;ischr
</UL>
<BR>[Called By]<UL><LI><a href="#[240]">&gt;&gt;</a>&nbsp;&nbsp;&nbsp;scpiLex_SuffixProgramData
</UL>

<P><STRONG><a name="[36a]"></a>skipStar</STRONG> (Thumb, 36 bytes, Stack size 8 bytes, lexer.o(i.skipStar))
<BR><BR>[Stack]<UL><LI>Max Depth = 8<LI>Call Chain = skipStar
</UL>
<BR>[Calls]<UL><LI><a href="#[34e]">&gt;&gt;</a>&nbsp;&nbsp;&nbsp;iseos
<LI><a href="#[34f]">&gt;&gt;</a>&nbsp;&nbsp;&nbsp;ischr
</UL>
<BR>[Called By]<UL><LI><a href="#[35e]">&gt;&gt;</a>&nbsp;&nbsp;&nbsp;skipCommonProgramHeader
</UL>

<P><STRONG><a name="[351]"></a>skipWs</STRONG> (Thumb, 40 bytes, Stack size 16 bytes, lexer.o(i.skipWs))
<BR><BR>[Stack]<UL><LI>Max Depth = 16<LI>Call Chain = skipWs
</UL>
<BR>[Calls]<UL><LI><a href="#[375]">&gt;&gt;</a>&nbsp;&nbsp;&nbsp;isws
<LI><a href="#[34e]">&gt;&gt;</a>&nbsp;&nbsp;&nbsp;iseos
</UL>
<BR>[Called By]<UL><LI><a href="#[23e]">&gt;&gt;</a>&nbsp;&nbsp;&nbsp;scpiLex_DecimalNumericProgramData
<LI><a href="#[23f]">&gt;&gt;</a>&nbsp;&nbsp;&nbsp;scpiLex_WhiteSpace
<LI><a href="#[352]">&gt;&gt;</a>&nbsp;&nbsp;&nbsp;skipExponent
</UL>

<P><STRONG><a name="[241]"></a>transformNumber</STRONG> (Thumb, 118 bytes, Stack size 32 bytes, units.o(i.transformNumber))
<BR><BR>[Stack]<UL><LI>Max Depth = 120<LI>Call Chain = transformNumber &rArr; __aeabi_dmul &rArr; _double_epilogue &rArr; _double_round
</UL>
<BR>[Calls]<UL><LI><a href="#[f5]">&gt;&gt;</a>&nbsp;&nbsp;&nbsp;__aeabi_dmul
<LI><a href="#[1dc]">&gt;&gt;</a>&nbsp;&nbsp;&nbsp;SCPI_ErrorPush
<LI><a href="#[374]">&gt;&gt;</a>&nbsp;&nbsp;&nbsp;skipWhitespace
<LI><a href="#[376]">&gt;&gt;</a>&nbsp;&nbsp;&nbsp;translateUnit
</UL>
<BR>[Called By]<UL><LI><a href="#[138]">&gt;&gt;</a>&nbsp;&nbsp;&nbsp;SCPI_ParamNumber
</UL>

<P><STRONG><a name="[376]"></a>translateUnit</STRONG> (Thumb, 74 bytes, Stack size 24 bytes, units.o(i.translateUnit))
<BR><BR>[Stack]<UL><LI>Max Depth = 72<LI>Call Chain = translateUnit &rArr; compareStr &rArr; strncasecmp
</UL>
<BR>[Calls]<UL><LI><a href="#[31f]">&gt;&gt;</a>&nbsp;&nbsp;&nbsp;compareStr
<LI><a href="#[214]">&gt;&gt;</a>&nbsp;&nbsp;&nbsp;strlen
</UL>
<BR>[Called By]<UL><LI><a href="#[241]">&gt;&gt;</a>&nbsp;&nbsp;&nbsp;transformNumber
</UL>

<P><STRONG><a name="[235]"></a>translateUnitInverse</STRONG> (Thumb, 84 bytes, Stack size 16 bytes, units.o(i.translateUnitInverse))
<BR><BR>[Stack]<UL><LI>Max Depth = 16<LI>Call Chain = translateUnitInverse
</UL>
<BR>[Calls]<UL><LI><a href="#[377]">&gt;&gt;</a>&nbsp;&nbsp;&nbsp;__aeabi_cdcmpeq
</UL>
<BR>[Called By]<UL><LI><a href="#[139]">&gt;&gt;</a>&nbsp;&nbsp;&nbsp;SCPI_NumberToStr
</UL>

<P><STRONG><a name="[1db]"></a>ParamSignToUInt32</STRONG> (Thumb, 154 bytes, Stack size 24 bytes, parser.o(i.ParamSignToUInt32))
<BR><BR>[Stack]<UL><LI>Max Depth = 128<LI>Call Chain = ParamSignToUInt32 &rArr; strBaseToUInt32 &rArr; strtoul &rArr; _strtoul
</UL>
<BR>[Calls]<UL><LI><a href="#[1dc]">&gt;&gt;</a>&nbsp;&nbsp;&nbsp;SCPI_ErrorPush
<LI><a href="#[1dd]">&gt;&gt;</a>&nbsp;&nbsp;&nbsp;strBaseToUInt32
<LI><a href="#[1de]">&gt;&gt;</a>&nbsp;&nbsp;&nbsp;strBaseToInt32
</UL>
<BR>[Called By]<UL><LI><a href="#[239]">&gt;&gt;</a>&nbsp;&nbsp;&nbsp;SCPI_ParamToInt32
<LI><a href="#[1e2]">&gt;&gt;</a>&nbsp;&nbsp;&nbsp;ParamSignUInt32
<LI><a href="#[246]">&gt;&gt;</a>&nbsp;&nbsp;&nbsp;SCPI_ParamToUInt32
</UL>

<P><STRONG><a name="[1df]"></a>ParamSignToUInt64</STRONG> (Thumb, 154 bytes, Stack size 24 bytes, parser.o(i.ParamSignToUInt64))
<BR><BR>[Stack]<UL><LI>Max Depth = 136<LI>Call Chain = ParamSignToUInt64 &rArr; strBaseToUInt64 &rArr; strtoull &rArr; __strtoull &rArr; _strtoull
</UL>
<BR>[Calls]<UL><LI><a href="#[1dc]">&gt;&gt;</a>&nbsp;&nbsp;&nbsp;SCPI_ErrorPush
<LI><a href="#[1e0]">&gt;&gt;</a>&nbsp;&nbsp;&nbsp;strBaseToUInt64
<LI><a href="#[1e1]">&gt;&gt;</a>&nbsp;&nbsp;&nbsp;strBaseToInt64
</UL>
<BR>[Called By]<UL><LI><a href="#[244]">&gt;&gt;</a>&nbsp;&nbsp;&nbsp;SCPI_ParamToUInt64
</UL>

<P><STRONG><a name="[1e2]"></a>ParamSignUInt32</STRONG> (Thumb, 108 bytes, Stack size 40 bytes, parser.o(i.ParamSignUInt32))
<BR><BR>[Stack]<UL><LI>Max Depth = 168<LI>Call Chain = ParamSignUInt32 &rArr; ParamSignToUInt32 &rArr; strBaseToUInt32 &rArr; strtoul &rArr; _strtoul
</UL>
<BR>[Calls]<UL><LI><a href="#[1e3]">&gt;&gt;</a>&nbsp;&nbsp;&nbsp;SCPI_Parameter
<LI><a href="#[1dc]">&gt;&gt;</a>&nbsp;&nbsp;&nbsp;SCPI_ErrorPush
<LI><a href="#[1db]">&gt;&gt;</a>&nbsp;&nbsp;&nbsp;ParamSignToUInt32
<LI><a href="#[1e4]">&gt;&gt;</a>&nbsp;&nbsp;&nbsp;SCPI_ParamIsNumber
</UL>
<BR>[Called By]<UL><LI><a href="#[1a3]">&gt;&gt;</a>&nbsp;&nbsp;&nbsp;SCPI_ParamUInt32
<LI><a href="#[212]">&gt;&gt;</a>&nbsp;&nbsp;&nbsp;SCPI_ParamInt32
</UL>

<P><STRONG><a name="[24b]"></a>findCommandHeader</STRONG> (Thumb, 72 bytes, Stack size 32 bytes, parser.o(i.findCommandHeader))
<BR><BR>[Stack]<UL><LI>Max Depth = 280<LI>Call Chain = findCommandHeader &rArr; matchCommand &rArr; matchPattern &rArr; compareStrAndNum &rArr; strBaseToInt32 &rArr; strtol &rArr; _strtoul
</UL>
<BR>[Calls]<UL><LI><a href="#[20e]">&gt;&gt;</a>&nbsp;&nbsp;&nbsp;matchCommand
</UL>
<BR>[Called By]<UL><LI><a href="#[230]">&gt;&gt;</a>&nbsp;&nbsp;&nbsp;SCPI_Parse
</UL>

<P><STRONG><a name="[378]"></a>flushData</STRONG> (Thumb, 30 bytes, Stack size 8 bytes, parser.o(i.flushData))
<BR><BR>[Stack]<UL><LI>Max Depth = 8<LI>Call Chain = flushData
</UL>
<BR>[Called By]<UL><LI><a href="#[24d]">&gt;&gt;</a>&nbsp;&nbsp;&nbsp;writeNewLine
</UL>

<P><STRONG><a name="[34b]"></a>getBasePrefix</STRONG> (Thumb, 32 bytes, Stack size 0 bytes, parser.o(i.getBasePrefix))
<BR><BR>[Called By]<UL><LI><a href="#[25c]">&gt;&gt;</a>&nbsp;&nbsp;&nbsp;resultUInt32BaseSign
</UL>

<P><STRONG><a name="[248]"></a>invalidateToken</STRONG> (Thumb, 12 bytes, Stack size 0 bytes, parser.o(i.invalidateToken))
<BR><BR>[Called By]<UL><LI><a href="#[1e3]">&gt;&gt;</a>&nbsp;&nbsp;&nbsp;SCPI_Parameter
<LI><a href="#[231]">&gt;&gt;</a>&nbsp;&nbsp;&nbsp;scpiParser_detectProgramMessageUnit
</UL>

<P><STRONG><a name="[24c]"></a>processCommand</STRONG> (Thumb, 112 bytes, Stack size 24 bytes, parser.o(i.processCommand))
<BR><BR>[Stack]<UL><LI>Max Depth = 112<LI>Call Chain = processCommand &rArr; SCPI_ErrorPush &rArr; SCPI_ErrorPushEx &rArr; SCPI_ErrorEmit &rArr; SCPI_RegSetBits &rArr;  SCPI_RegSet (Cycle)
</UL>
<BR>[Calls]<UL><LI><a href="#[1dc]">&gt;&gt;</a>&nbsp;&nbsp;&nbsp;SCPI_ErrorPush
<LI><a href="#[25a]">&gt;&gt;</a>&nbsp;&nbsp;&nbsp;writeSemicolon
</UL>
<BR>[Called By]<UL><LI><a href="#[230]">&gt;&gt;</a>&nbsp;&nbsp;&nbsp;SCPI_Parse
</UL>

<P><STRONG><a name="[25c]"></a>resultUInt32BaseSign</STRONG> (Thumb, 94 bytes, Stack size 72 bytes, parser.o(i.resultUInt32BaseSign))
<BR><BR>[Stack]<UL><LI>Max Depth = 136<LI>Call Chain = resultUInt32BaseSign &rArr; UInt32ToStrBaseSign &rArr; __aeabi_memcpy4
</UL>
<BR>[Calls]<UL><LI><a href="#[257]">&gt;&gt;</a>&nbsp;&nbsp;&nbsp;writeDelimiter
<LI><a href="#[255]">&gt;&gt;</a>&nbsp;&nbsp;&nbsp;writeData
<LI><a href="#[34b]">&gt;&gt;</a>&nbsp;&nbsp;&nbsp;getBasePrefix
<LI><a href="#[25d]">&gt;&gt;</a>&nbsp;&nbsp;&nbsp;UInt32ToStrBaseSign
</UL>
<BR>[Called By]<UL><LI><a href="#[1d8]">&gt;&gt;</a>&nbsp;&nbsp;&nbsp;SCPI_ResultInt32
</UL>

<P><STRONG><a name="[255]"></a>writeData</STRONG> (Thumb, 28 bytes, Stack size 16 bytes, parser.o(i.writeData))
<BR><BR>[Stack]<UL><LI>Max Depth = 16<LI>Call Chain = writeData
</UL>
<BR>[Called By]<UL><LI><a href="#[133]">&gt;&gt;</a>&nbsp;&nbsp;&nbsp;SCPI_ResultFloat
<LI><a href="#[13a]">&gt;&gt;</a>&nbsp;&nbsp;&nbsp;SCPI_ResultDouble
<LI><a href="#[132]">&gt;&gt;</a>&nbsp;&nbsp;&nbsp;SCPI_ResultCharacters
<LI><a href="#[25a]">&gt;&gt;</a>&nbsp;&nbsp;&nbsp;writeSemicolon
<LI><a href="#[24d]">&gt;&gt;</a>&nbsp;&nbsp;&nbsp;writeNewLine
<LI><a href="#[257]">&gt;&gt;</a>&nbsp;&nbsp;&nbsp;writeDelimiter
<LI><a href="#[25c]">&gt;&gt;</a>&nbsp;&nbsp;&nbsp;resultUInt32BaseSign
<LI><a href="#[258]">&gt;&gt;</a>&nbsp;&nbsp;&nbsp;SCPI_ResultError
<LI><a href="#[253]">&gt;&gt;</a>&nbsp;&nbsp;&nbsp;SCPI_ResultArbitraryBlockHeader
<LI><a href="#[254]">&gt;&gt;</a>&nbsp;&nbsp;&nbsp;SCPI_ResultArbitraryBlockData
</UL>

<P><STRONG><a name="[257]"></a>writeDelimiter</STRONG> (Thumb, 26 bytes, Stack size 8 bytes, parser.o(i.writeDelimiter))
<BR><BR>[Stack]<UL><LI>Max Depth = 24<LI>Call Chain = writeDelimiter &rArr; writeData
</UL>
<BR>[Calls]<UL><LI><a href="#[255]">&gt;&gt;</a>&nbsp;&nbsp;&nbsp;writeData
</UL>
<BR>[Called By]<UL><LI><a href="#[133]">&gt;&gt;</a>&nbsp;&nbsp;&nbsp;SCPI_ResultFloat
<LI><a href="#[13a]">&gt;&gt;</a>&nbsp;&nbsp;&nbsp;SCPI_ResultDouble
<LI><a href="#[132]">&gt;&gt;</a>&nbsp;&nbsp;&nbsp;SCPI_ResultCharacters
<LI><a href="#[25c]">&gt;&gt;</a>&nbsp;&nbsp;&nbsp;resultUInt32BaseSign
<LI><a href="#[258]">&gt;&gt;</a>&nbsp;&nbsp;&nbsp;SCPI_ResultError
</UL>

<P><STRONG><a name="[24d]"></a>writeNewLine</STRONG> (Thumb, 36 bytes, Stack size 16 bytes, parser.o(i.writeNewLine))
<BR><BR>[Stack]<UL><LI>Max Depth = 32<LI>Call Chain = writeNewLine &rArr; writeData
</UL>
<BR>[Calls]<UL><LI><a href="#[255]">&gt;&gt;</a>&nbsp;&nbsp;&nbsp;writeData
<LI><a href="#[378]">&gt;&gt;</a>&nbsp;&nbsp;&nbsp;flushData
</UL>
<BR>[Called By]<UL><LI><a href="#[230]">&gt;&gt;</a>&nbsp;&nbsp;&nbsp;SCPI_Parse
</UL>

<P><STRONG><a name="[25a]"></a>writeSemicolon</STRONG> (Thumb, 26 bytes, Stack size 8 bytes, parser.o(i.writeSemicolon))
<BR><BR>[Stack]<UL><LI>Max Depth = 24<LI>Call Chain = writeSemicolon &rArr; writeData
</UL>
<BR>[Calls]<UL><LI><a href="#[255]">&gt;&gt;</a>&nbsp;&nbsp;&nbsp;writeData
</UL>
<BR>[Called By]<UL><LI><a href="#[24c]">&gt;&gt;</a>&nbsp;&nbsp;&nbsp;processCommand
<LI><a href="#[258]">&gt;&gt;</a>&nbsp;&nbsp;&nbsp;SCPI_ResultError
</UL>

<P><STRONG><a name="[31c]"></a>cmdSeparatorPos</STRONG> (Thumb, 30 bytes, Stack size 20 bytes, utils.o(i.cmdSeparatorPos))
<BR><BR>[Stack]<UL><LI>Max Depth = 40<LI>Call Chain = cmdSeparatorPos &rArr; strnpbrk
</UL>
<BR>[Calls]<UL><LI><a href="#[25b]">&gt;&gt;</a>&nbsp;&nbsp;&nbsp;strnpbrk
</UL>
<BR>[Called By]<UL><LI><a href="#[20e]">&gt;&gt;</a>&nbsp;&nbsp;&nbsp;matchCommand
</UL>

<P><STRONG><a name="[349]"></a>patternSeparatorPos</STRONG> (Thumb, 28 bytes, Stack size 16 bytes, utils.o(i.patternSeparatorPos))
<BR><BR>[Stack]<UL><LI>Max Depth = 36<LI>Call Chain = patternSeparatorPos &rArr; strnpbrk
</UL>
<BR>[Calls]<UL><LI><a href="#[25b]">&gt;&gt;</a>&nbsp;&nbsp;&nbsp;strnpbrk
</UL>
<BR>[Called By]<UL><LI><a href="#[20e]">&gt;&gt;</a>&nbsp;&nbsp;&nbsp;matchCommand
</UL>

<P><STRONG><a name="[34a]"></a>patternSeparatorShortPos</STRONG> (Thumb, 46 bytes, Stack size 16 bytes, utils.o(i.patternSeparatorShortPos))
<BR><BR>[Stack]<UL><LI>Max Depth = 16<LI>Call Chain = patternSeparatorShortPos
</UL>
<BR>[Calls]<UL><LI><a href="#[e1]">&gt;&gt;</a>&nbsp;&nbsp;&nbsp;__rt_ctype_table
</UL>
<BR>[Called By]<UL><LI><a href="#[243]">&gt;&gt;</a>&nbsp;&nbsp;&nbsp;matchPattern
</UL>

<P><STRONG><a name="[314]"></a>_fp_digits</STRONG> (Thumb, 366 bytes, Stack size 64 bytes, printfa.o(i._fp_digits), UNUSED)
<BR><BR>[Calls]<UL><LI><a href="#[ef]">&gt;&gt;</a>&nbsp;&nbsp;&nbsp;__aeabi_dadd
<LI><a href="#[f5]">&gt;&gt;</a>&nbsp;&nbsp;&nbsp;__aeabi_dmul
<LI><a href="#[f6]">&gt;&gt;</a>&nbsp;&nbsp;&nbsp;__aeabi_ddiv
<LI><a href="#[273]">&gt;&gt;</a>&nbsp;&nbsp;&nbsp;__aeabi_cdrcmple
<LI><a href="#[de]">&gt;&gt;</a>&nbsp;&nbsp;&nbsp;__aeabi_uldivmod
<LI><a href="#[102]">&gt;&gt;</a>&nbsp;&nbsp;&nbsp;__aeabi_d2ulz
</UL>
<BR>[Called By]<UL><LI><a href="#[304]">&gt;&gt;</a>&nbsp;&nbsp;&nbsp;_printf_core
</UL>

<P><STRONG><a name="[304]"></a>_printf_core</STRONG> (Thumb, 1744 bytes, Stack size 136 bytes, printfa.o(i._printf_core), UNUSED)
<BR><BR>[Calls]<UL><LI><a href="#[de]">&gt;&gt;</a>&nbsp;&nbsp;&nbsp;__aeabi_uldivmod
<LI><a href="#[317]">&gt;&gt;</a>&nbsp;&nbsp;&nbsp;__aeabi_uidivmod
<LI><a href="#[315]">&gt;&gt;</a>&nbsp;&nbsp;&nbsp;_printf_pre_padding
<LI><a href="#[316]">&gt;&gt;</a>&nbsp;&nbsp;&nbsp;_printf_post_padding
<LI><a href="#[314]">&gt;&gt;</a>&nbsp;&nbsp;&nbsp;_fp_digits
</UL>
<BR>[Called By]<UL><LI><a href="#[306]">&gt;&gt;</a>&nbsp;&nbsp;&nbsp;__0sprintf
<LI><a href="#[305]">&gt;&gt;</a>&nbsp;&nbsp;&nbsp;__0snprintf
<LI><a href="#[303]">&gt;&gt;</a>&nbsp;&nbsp;&nbsp;__0printf
</UL>

<P><STRONG><a name="[316]"></a>_printf_post_padding</STRONG> (Thumb, 36 bytes, Stack size 24 bytes, printfa.o(i._printf_post_padding), UNUSED)
<BR><BR>[Called By]<UL><LI><a href="#[304]">&gt;&gt;</a>&nbsp;&nbsp;&nbsp;_printf_core
</UL>

<P><STRONG><a name="[315]"></a>_printf_pre_padding</STRONG> (Thumb, 46 bytes, Stack size 24 bytes, printfa.o(i._printf_pre_padding), UNUSED)
<BR><BR>[Called By]<UL><LI><a href="#[304]">&gt;&gt;</a>&nbsp;&nbsp;&nbsp;_printf_core
</UL>

<P><STRONG><a name="[87]"></a>_snputc</STRONG> (Thumb, 22 bytes, Stack size 0 bytes, printfa.o(i._snputc))
<BR>[Address Reference Count : 1]<UL><LI> printfa.o(i.__0snprintf)
</UL>
<P><STRONG><a name="[88]"></a>_sputc</STRONG> (Thumb, 10 bytes, Stack size 0 bytes, printfa.o(i._sputc))
<BR><BR>[Called By]<UL><LI><a href="#[306]">&gt;&gt;</a>&nbsp;&nbsp;&nbsp;__0sprintf
</UL>
<BR>[Address Reference Count : 1]<UL><LI> printfa.o(i.__0sprintf)
</UL>
<P><STRONG><a name="[fe]"></a>_local_sscanf</STRONG> (Thumb, 54 bytes, Stack size 56 bytes, strtod.o(.text))
<BR><BR>[Stack]<UL><LI>Max Depth = 160<LI>Call Chain = _local_sscanf &rArr; _scanf_real
</UL>
<BR>[Calls]<UL><LI><a href="#[ff]">&gt;&gt;</a>&nbsp;&nbsp;&nbsp;_scanf_real
</UL>
<BR>[Called By]<UL><LI><a href="#[100]">&gt;&gt;</a>&nbsp;&nbsp;&nbsp;__strtod_int
</UL>

<P><STRONG><a name="[104]"></a>_fp_value</STRONG> (Thumb, 256 bytes, Stack size 56 bytes, scanf_fp.o(.text), UNUSED)
<BR><BR>[Calls]<UL><LI><a href="#[f5]">&gt;&gt;</a>&nbsp;&nbsp;&nbsp;__aeabi_dmul
<LI><a href="#[f6]">&gt;&gt;</a>&nbsp;&nbsp;&nbsp;__aeabi_ddiv
<LI><a href="#[f9]">&gt;&gt;</a>&nbsp;&nbsp;&nbsp;__aeabi_ul2d
</UL>
<BR>[Called By]<UL><LI><a href="#[105]">&gt;&gt;</a>&nbsp;&nbsp;&nbsp;_scanf_really_real
</UL>
<P>
<H3>
Undefined Global Symbols
</H3><HR></body></html>
