<html>
<body>
<pre>
<h1>礦ision Build Log</h1>
<h2>Tool Versions:</h2>
IDE-Version: μVision V5.25.3.0
Copyright (C) 2018 ARM Ltd and ARM Germany GmbH. All rights reserved.
License Information: 1 Microsoft, Microsoft, LIC=03C6R-KIDXE-2Z1W4-FI5SL-E8BHU-R7F4D
 
Tool Versions:
Toolchain:       MDK-ARM Plus  Version: 5.25.2.0
Toolchain Path:  E:\Keil_v5\ARM\ARMCC\Bin
C Compiler:      Armcc.exe V5.06 update 6 (build 750)
Assembler:       Armasm.exe V5.06 update 6 (build 750)
Linker/Locator:  ArmLink.exe V5.06 update 6 (build 750)
Library Manager: ArmAr.exe V5.06 update 6 (build 750)
Hex Converter:   FromElf.exe V5.06 update 6 (build 750)
CPU DLL:         SARMCM3.DLL V5.25.2.0
Dialog DLL:      DCM.DLL V1.17.1.0
Target DLL:      Segger\JL2CM3.dll V2.99.29.0
Dialog DLL:      TCM.DLL V1.35.1.0
 
<h2>Project:</h2>
F:\JK1222\Project\RVMDK（uv5）\BH-F429.uvprojx
Project File Date:  02/19/2022

<h2>Output:</h2>
*** Using Compiler 'V5.06 update 6 (build 750)', folder: 'E:\Keil_v5\ARM\ARMCC\Bin'
Build target '工程模板'
compiling system_stm32f4xx.c...
compiling misc.c...
compiling stm32f4xx_adc.c...
compiling stm32f4xx_can.c...
compiling stm32f4xx_cec.c...
compiling stm32f4xx_crc.c...
compiling stm32f4xx_cryp.c...
compiling stm32f4xx_cryp_aes.c...
compiling stm32f4xx_cryp_des.c...
compiling stm32f4xx_cryp_tdes.c...
compiling stm32f4xx_dac.c...
compiling stm32f4xx_dbgmcu.c...
compiling stm32f4xx_dcmi.c...
compiling stm32f4xx_dma.c...
compiling stm32f4xx_dma2d.c...
compiling stm32f4xx_exti.c...
compiling stm32f4xx_flash.c...
compiling stm32f4xx_flash_ramfunc.c...
compiling stm32f4xx_fmc.c...
compiling stm32f4xx_fmpi2c.c...
compiling stm32f4xx_gpio.c...
compiling stm32f4xx_hash.c...
compiling stm32f4xx_hash_md5.c...
compiling stm32f4xx_hash_sha1.c...
compiling stm32f4xx_i2c.c...
compiling stm32f4xx_iwdg.c...
compiling stm32f4xx_ltdc.c...
compiling stm32f4xx_pwr.c...
compiling stm32f4xx_qspi.c...
compiling stm32f4xx_rcc.c...
compiling stm32f4xx_rng.c...
compiling stm32f4xx_rtc.c...
compiling stm32f4xx_sai.c...
compiling stm32f4xx_sdio.c...
compiling stm32f4xx_spdifrx.c...
compiling stm32f4xx_spi.c...
compiling stm32f4xx_syscfg.c...
compiling stm32f4xx_tim.c...
compiling stm32f4xx_usart.c...
compiling stm32f4xx_wwdg.c...
compiling main.c...
compiling stm32f4xx_it.c...
..\..\User\stm32f4xx_it.c(58): warning:  #177-D: function "MODS_03H"  was declared but never referenced
  static void MODS_03H(void);
..\..\User\stm32f4xx_it.c(59): warning:  #177-D: function "MODS_06H"  was declared but never referenced
  static void MODS_06H(void);
..\..\User\stm32f4xx_it.c(60): warning:  #177-D: function "RemTrig"  was declared but never referenced
  static void RemTrig(void);
..\..\User\stm32f4xx_it.c: 3 warnings, 0 errors
compiling pbdata.c...
compiling user.c...
..\..\User\user.c(1876): warning:  #177-D: variable "pt"  was declared but never referenced
        const u8 (*pt)[sizeof(List_Setitem[0])];
..\..\User\user.c(1956): warning:  #177-D: variable "ppt"  was declared but never referenced
      const u8 (*ppt)[11];
..\..\User\user.c(2152): warning:  #177-D: variable "ppt"  was declared but never referenced
      const u8 (*ppt)[11];
..\..\User\user.c(2259): warning:  #177-D: variable "ppt"  was declared but never referenced
      const u8 (*ppt)[11];
..\..\User\user.c(2542): warning:  #177-D: variable "ppt"  was declared but never referenced
      const u8 (*ppt)[11];
..\..\User\user.c(2736): warning:  #177-D: variable "ppt"  was declared but never referenced
        const u8 (*ppt)[11];
..\..\User\user.c(2937): warning:  #177-D: variable "ppt"  was declared but never referenced
        const u8 (*ppt)[11];
..\..\User\user.c(3562): warning:  #177-D: variable "pt1"  was declared but never referenced
        const u8 (*pt1)[8];
..\..\User\user.c(3563): warning:  #177-D: variable "ppt"  was declared but never referenced
      const u8 (*ppt)[11];
..\..\User\user.c(3941): warning:  #177-D: variable "pt1"  was declared but never referenced
        const u8 (*pt1)[8];
..\..\User\user.c(3942): warning:  #177-D: variable "ppt"  was declared but never referenced
      const u8 (*ppt)[11];
..\..\User\user.c(4730): warning:  #177-D: variable "key_count"  was declared but never referenced
      char key_count=0;
..\..\User\user.c: 12 warnings, 0 errors
compiling test.c...
..\..\User\test.c(1890): warning:  #177-D: variable "oldskip"  was declared but never referenced
        static u32 oldskip;
..\..\User\test.c(1891): warning:  #177-D: variable "sendbuf"  was declared but never referenced
        char sendbuf[24];
..\..\User\test.c(1894): warning:  #177-D: variable "fnum"  was declared but never referenced
      UINT fnum;
..\..\User\test.c(1896): warning:  #177-D: variable "color"  was declared but never referenced
      u32 color;
..\..\User\test.c(1904): warning:  #177-D: variable "initset"  was declared but never referenced
        u8 initset = 15;//每次进入界面后重新设置初始参数
..\..\User\test.c(2404): warning:  #177-D: variable "oldskip"  was declared but never referenced
        static u32 oldskip;
..\..\User\test.c(2405): warning:  #177-D: variable "sendbuf"  was declared but never referenced
        char sendbuf[24];
..\..\User\test.c(2408): warning:  #177-D: variable "fnum"  was declared but never referenced
      UINT fnum;
..\..\User\test.c(2410): warning:  #177-D: variable "color"  was declared but never referenced
      u32 color;
..\..\User\test.c(2661): warning:  #177-D: variable "oldskip"  was declared but never referenced
        static u32 oldskip;
..\..\User\test.c(2662): warning:  #177-D: variable "sendbuf"  was declared but never referenced
        char sendbuf[24];
..\..\User\test.c(2665): warning:  #177-D: variable "fnum"  was declared but never referenced
      UINT fnum;
..\..\User\test.c(2667): warning:  #177-D: variable "color"  was declared but never referenced
      u32 color;
..\..\User\test.c(3248): warning:  #177-D: variable "oldskip"  was declared but never referenced
        static u32 oldskip;
..\..\User\test.c(3249): warning:  #177-D: variable "sendbuf"  was declared but never referenced
        char sendbuf[24];
..\..\User\test.c(3252): warning:  #177-D: variable "fnum"  was declared but never referenced
      UINT fnum;
..\..\User\test.c(3254): warning:  #177-D: variable "color"  was declared but never referenced
      u32 color;
..\..\User\test.c(3682): warning:  #177-D: variable "oldskip"  was declared but never referenced
        static u32 oldskip;
..\..\User\test.c(3683): warning:  #177-D: variable "sendbuf"  was declared but never referenced
        char sendbuf[24];
..\..\User\test.c(3686): warning:  #177-D: variable "fnum"  was declared but never referenced
      UINT fnum;
..\..\User\test.c(3688): warning:  #177-D: variable "color"  was declared but never referenced
      u32 color;
..\..\User\test.c(3695): warning:  #177-D: variable "initset"  was declared but never referenced
        u8 initset = 10;//每次进入界面后重新设置初始参数
..\..\User\test.c(4665): warning:  #177-D: variable "a"  was declared but never referenced
      float a,b;
..\..\User\test.c(4665): warning:  #177-D: variable "b"  was declared but never referenced
      float a,b;
..\..\User\test.c: 24 warnings, 0 errors
compiling GPIO.C...
compiling keyboard.c...
..\..\HARDWARE\keyboard.c(167): warning:  #111-D: statement is unreachable
                        }break;
..\..\HARDWARE\keyboard.c(205): warning:  #111-D: statement is unreachable
                        }break;
..\..\HARDWARE\keyboard.c(360): warning:  #111-D: statement is unreachable
                        }break;
..\..\HARDWARE\keyboard.c(397): warning:  #111-D: statement is unreachable
                        }break;
..\..\HARDWARE\keyboard.c(425): warning:  #940-D: missing return statement at end of non-void function "Encoder_Process" 
  }
..\..\HARDWARE\keyboard.c: 5 warnings, 0 errors
compiling bsp_lcd.c...
..\..\User\hzk.h(1100): warning:  #375-D: declaration requires a typedef name
  };
..\..\HARDWARE\lcd\bsp_lcd.c: 1 warning, 0 errors
compiling fonts.c...
compiling bsp_spi_flash.c...
compiling bsp_sdram.c...
compiling bsp_basic_tim.c...
..\..\HARDWARE\tim\bsp_basic_tim.c(89): warning:  #177-D: variable "addr"  was declared but never referenced
        uint16_t addr;
..\..\HARDWARE\tim\bsp_basic_tim.c(90): warning:  #177-D: variable "crc1"  was declared but never referenced
        static uint16_t crc1;
..\..\HARDWARE\tim\bsp_basic_tim.c: 2 warnings, 0 errors
compiling bsp_debug_usart.c...
..\..\HARDWARE\usart\bsp_debug_usart.c(1321): warning:  #1-D: last line of file ends without a newline
  }
..\..\HARDWARE\usart\bsp_debug_usart.c: 1 warning, 0 errors
compiling bsp_general_tim.c...
compiling bsp_SysTick.c...
compiling bsp_adc.c...
compiling flash_eerom.c...
compiling bsp_rtc.c...
compiling bsp_exti.c...
compiling diskio.c...
compiling usb_bsp.c...
compiling usbh_usr.c...
compiling flash_if.c...
compiling usb_hcd_int.c...
compiling usb_hcd.c...
compiling usb_core.c...
compiling usbh_core.c...
compiling usbh_hcs.c...
compiling usbh_ioreq.c...
compiling usbh_stdreq.c...
compiling usbh_msc_bot.c...
compiling usbh_msc_core.c...
compiling usbh_msc_scsi.c...
linking...
Program Size: Code=77580 RO-data=453900 RW-data=460 ZI-data=26764  
FromELF: creating hex file...
After Build - User command #1: E:\Keil_v5\ARM\ARMCC\bin\fromelf.exe --bin -o ..\..\Output\update.bin ..\..\Output\Template.axf
"..\..\Output\Template.axf" - 0 Error(s), 48 Warning(s).

<h2>Software Packages used:</h2>

Package Vendor: Keil
                http://www.keil.com/pack/Keil.STM32F4xx_DFP.2.13.0.pack
                Keil.STM32F4xx_DFP.2.13.0
                STMicroelectronics STM32F4 Series Device Support, Drivers and Examples

<h2>Collection of Component include folders:</h2>
  .\RTE\_________
  D:\Keil_v5\ARM\PACK\Keil\STM32F4xx_DFP\2.13.0\Drivers\CMSIS\Device\ST\STM32F4xx\Include

<h2>Collection of Component Files used:</h2>
Build Time Elapsed:  00:01:13
</pre>
</body>
</html>
