<html>
<body>
<pre>
<h1>礦ision Build Log</h1>
<h2>Tool Versions:</h2>
IDE-Version: μVision V5.25.3.0
Copyright (C) 2018 ARM Ltd and ARM Germany GmbH. All rights reserved.
License Information: 1 Microsoft, Microsoft, LIC=03C6R-KIDXE-2Z1W4-FI5SL-E8BHU-R7F4D
 
Tool Versions:
Toolchain:       MDK-ARM Plus  Version: 5.25.2.0
Toolchain Path:  E:\Keil_v5\ARM\ARMCC\Bin
C Compiler:      Armcc.exe V5.06 update 6 (build 750)
Assembler:       Armasm.exe V5.06 update 6 (build 750)
Linker/Locator:  ArmLink.exe V5.06 update 6 (build 750)
Library Manager: ArmAr.exe V5.06 update 6 (build 750)
Hex Converter:   FromElf.exe V5.06 update 6 (build 750)
CPU DLL:         SARMCM3.DLL V5.25.2.0
Dialog DLL:      DCM.DLL V1.17.1.0
Target DLL:      Segger\JL2CM3.dll V2.99.29.0
Dialog DLL:      TCM.DLL V1.35.1.0
 
<h2>Project:</h2>
F:\JK1222\Project\RVMDK（uv5）\BH-F429.uvprojx
Project File Date:  07/29/2022

<h2>Output:</h2>
*** Using Compiler 'V5.06 update 6 (build 750)', folder: 'E:\Keil_v5\ARM\ARMCC\Bin'
Build target '工程模板'
compiling test.c...
..\..\User\test.c(1426): warning:  #188-D: enumerated type mixed with another type
                                        result=Screen_shot(0,0,480,272,(const char *)bmpname);
..\..\User\test.c(1805): warning:  #188-D: enumerated type mixed with another type
                                        result=Screen_shot(0,0,480,272,(const char *)bmpname);
..\..\User\test.c(2450): warning:  #188-D: enumerated type mixed with another type
                                                        result=Screen_shot(0,0,480,272,(const char *)bmpname);
..\..\User\test.c(1952): warning:  #177-D: variable "oldskip"  was declared but never referenced
        static u32 oldskip;
..\..\User\test.c(1953): warning:  #177-D: variable "sendbuf"  was declared but never referenced
        char sendbuf[24];
..\..\User\test.c(1956): warning:  #177-D: variable "fnum"  was declared but never referenced
      UINT fnum;
..\..\User\test.c(1958): warning:  #177-D: variable "color"  was declared but never referenced
      u32 color;
..\..\User\test.c(1966): warning:  #177-D: variable "initset"  was declared but never referenced
        u8 initset = 15;//每次进入界面后重新设置初始参数
..\..\User\test.c(2479): warning:  #177-D: variable "oldskip"  was declared but never referenced
        static u32 oldskip;
..\..\User\test.c(2480): warning:  #177-D: variable "sendbuf"  was declared but never referenced
        char sendbuf[24];
..\..\User\test.c(2483): warning:  #177-D: variable "fnum"  was declared but never referenced
      UINT fnum;
..\..\User\test.c(2485): warning:  #177-D: variable "color"  was declared but never referenced
      u32 color;
..\..\User\test.c(3313): warning:  #188-D: enumerated type mixed with another type
                                                        result=Screen_shot(0,0,480,272,(const char *)bmpname);
..\..\User\test.c(2736): warning:  #177-D: variable "oldskip"  was declared but never referenced
        static u32 oldskip;
..\..\User\test.c(2737): warning:  #177-D: variable "sendbuf"  was declared but never referenced
        char sendbuf[24];
..\..\User\test.c(2740): warning:  #177-D: variable "fnum"  was declared but never referenced
      UINT fnum;
..\..\User\test.c(2742): warning:  #177-D: variable "color"  was declared but never referenced
      u32 color;
..\..\User\test.c(3742): warning:  #188-D: enumerated type mixed with another type
                                                        result=Screen_shot(0,0,480,272,(const char *)bmpname);
..\..\User\test.c(3328): warning:  #177-D: variable "oldskip"  was declared but never referenced
        static u32 oldskip;
..\..\User\test.c(3329): warning:  #177-D: variable "sendbuf"  was declared but never referenced
        char sendbuf[24];
..\..\User\test.c(3332): warning:  #177-D: variable "fnum"  was declared but never referenced
      UINT fnum;
..\..\User\test.c(3334): warning:  #177-D: variable "color"  was declared but never referenced
      u32 color;
..\..\User\test.c(4546): warning:  #188-D: enumerated type mixed with another type
                                                                        result=Screen_shot(0,0,480,272,(const char *)bmpname);
..\..\User\test.c(4602): warning:  #188-D: enumerated type mixed with another type
                                                                        result=Screen_shot(0,0,480,272,(const char *)bmpname);
..\..\User\test.c(3767): warning:  #177-D: variable "oldskip"  was declared but never referenced
        static u32 oldskip;
..\..\User\test.c(3768): warning:  #177-D: variable "sendbuf"  was declared but never referenced
        char sendbuf[24];
..\..\User\test.c(3771): warning:  #177-D: variable "fnum"  was declared but never referenced
      UINT fnum;
..\..\User\test.c(3773): warning:  #177-D: variable "color"  was declared but never referenced
      u32 color;
..\..\User\test.c(3780): warning:  #177-D: variable "initset"  was declared but never referenced
        u8 initset = 10;//每次进入界面后重新设置初始参数
..\..\User\test.c(4760): warning:  #177-D: variable "a"  was declared but never referenced
      float a,b;
..\..\User\test.c(4760): warning:  #177-D: variable "b"  was declared but never referenced
      float a,b;
..\..\User\test.c: 31 warnings, 0 errors
linking...
Program Size: Code=97116 RO-data=629892 RW-data=604 ZI-data=57708  
FromELF: creating hex file...
After Build - User command #1: E:\Keil_v5\ARM\ARMCC\bin\fromelf.exe --bin -o ..\..\Output\update.bin ..\..\Output\Template.axf
"..\..\Output\Template.axf" - 0 Error(s), 31 Warning(s).

<h2>Software Packages used:</h2>

Package Vendor: Keil
                http://www.keil.com/pack/Keil.STM32F4xx_DFP.2.13.0.pack
                Keil.STM32F4xx_DFP.2.13.0
                STMicroelectronics STM32F4 Series Device Support, Drivers and Examples

<h2>Collection of Component include folders:</h2>
  .\RTE\_________
  D:\Keil_v5\ARM\PACK\Keil\STM32F4xx_DFP\2.13.0\Drivers\CMSIS\Device\ST\STM32F4xx\Include

<h2>Collection of Component Files used:</h2>
Build Time Elapsed:  00:00:08
</pre>
</body>
</html>
