<html>
<body>
<pre>
<h1>礦ision Build Log</h1>
<h2>Tool Versions:</h2>
IDE-Version: μVision V5.25.3.0
Copyright (C) 2018 ARM Ltd and ARM Germany GmbH. All rights reserved.
License Information: 1 Microsoft, Microsoft, LIC=S5ITG-V5G2Q-BXVUY-I5T0J-4HUEL-MI8C5
 
Tool Versions:
Toolchain:       MDK-ARM Professional  Version: 5.25.2.0
Toolchain Path:  D:\Keil_v5\ARM\ARMCC\Bin
C Compiler:      Armcc.exe V5.06 update 6 (build 750)
Assembler:       Armasm.exe V5.06 update 6 (build 750)
Linker/Locator:  ArmLink.exe V5.06 update 6 (build 750)
Library Manager: ArmAr.exe V5.06 update 6 (build 750)
Hex Converter:   FromElf.exe V5.06 update 6 (build 750)
CPU DLL:         SARMCM3.DLL V5.25.2.0
Dialog DLL:      DCM.DLL V1.17.1.0
Target DLL:      Segger\JL2CM3.dll V2.99.29.0
Dialog DLL:      TCM.DLL V1.35.1.0
 
<h2>Project:</h2>
F:\JK1222\Project\RVMDK（uv5）\BH-F429.uvprojx
Project File Date:  03/15/2021

<h2>Output:</h2>
*** Using Compiler 'V5.06 update 6 (build 750)', folder: 'D:\Keil_v5\ARM\ARMCC\Bin'
Build target '工程模板'
compiling test.c...
..\..\User\test.c(1423): warning:  #177-D: variable "oldskip"  was declared but never referenced
        static u32 oldskip;
..\..\User\test.c(1424): warning:  #177-D: variable "sendbuf"  was declared but never referenced
        char sendbuf[24];
..\..\User\test.c(1427): warning:  #177-D: variable "fnum"  was declared but never referenced
      UINT fnum;
..\..\User\test.c(1429): warning:  #177-D: variable "color"  was declared but never referenced
      u32 color;
..\..\User\test.c(1433): warning:  #177-D: variable "ry_flag"  was declared but never referenced
      u8 ry_flag=0;
..\..\User\test.c(1438): warning:  #177-D: variable "initset"  was declared but never referenced
        u8 initset = 15;//每次进入界面后重新设置初始参数
..\..\User\test.c(1833): warning:  #177-D: variable "oldskip"  was declared but never referenced
        static u32 oldskip;
..\..\User\test.c(1834): warning:  #177-D: variable "sendbuf"  was declared but never referenced
        char sendbuf[24];
..\..\User\test.c(1837): warning:  #177-D: variable "fnum"  was declared but never referenced
      UINT fnum;
..\..\User\test.c(1839): warning:  #177-D: variable "color"  was declared but never referenced
      u32 color;
..\..\User\test.c(2090): warning:  #177-D: variable "oldskip"  was declared but never referenced
        static u32 oldskip;
..\..\User\test.c(2091): warning:  #177-D: variable "sendbuf"  was declared but never referenced
        char sendbuf[24];
..\..\User\test.c(2094): warning:  #177-D: variable "fnum"  was declared but never referenced
      UINT fnum;
..\..\User\test.c(2096): warning:  #177-D: variable "color"  was declared but never referenced
      u32 color;
..\..\User\test.c(2612): warning:  #177-D: variable "oldskip"  was declared but never referenced
        static u32 oldskip;
..\..\User\test.c(2613): warning:  #177-D: variable "sendbuf"  was declared but never referenced
        char sendbuf[24];
..\..\User\test.c(2616): warning:  #177-D: variable "fnum"  was declared but never referenced
      UINT fnum;
..\..\User\test.c(2618): warning:  #177-D: variable "color"  was declared but never referenced
      u32 color;
..\..\User\test.c(2898): warning:  #177-D: variable "oldskip"  was declared but never referenced
        static u32 oldskip;
..\..\User\test.c(2899): warning:  #177-D: variable "sendbuf"  was declared but never referenced
        char sendbuf[24];
..\..\User\test.c(2902): warning:  #177-D: variable "fnum"  was declared but never referenced
      UINT fnum;
..\..\User\test.c(2904): warning:  #177-D: variable "color"  was declared but never referenced
      u32 color;
..\..\User\test.c(2911): warning:  #177-D: variable "initset"  was declared but never referenced
        u8 initset = 10;//每次进入界面后重新设置初始参数
..\..\User\test.c(3627): warning:  #177-D: variable "a"  was declared but never referenced
      float a,b;
..\..\User\test.c(3627): warning:  #177-D: variable "b"  was declared but never referenced
      float a,b;
..\..\User\test.c: 25 warnings, 0 errors
linking...
Program Size: Code=70308 RO-data=452420 RW-data=416 ZI-data=26488  
FromELF: creating hex file...
After Build - User command #1: D:\Keil_v5\ARM\ARMCC\bin\fromelf.exe --bin -o ..\..\Output\update.bin ..\..\Output\Template.axf
"..\..\Output\Template.axf" - 0 Error(s), 25 Warning(s).

<h2>Software Packages used:</h2>

Package Vendor: Keil
                http://www.keil.com/pack/Keil.STM32F4xx_DFP.2.12.0.pack
                Keil.STM32F4xx_DFP.2.12.0
                STMicroelectronics STM32F4 Series Device Support, Drivers and Examples

<h2>Collection of Component include folders:</h2>
  .\RTE\_________
  D:\Keil_v5\ARM\PACK\Keil\STM32F4xx_DFP\2.12.0\Drivers\CMSIS\Device\ST\STM32F4xx\Include

<h2>Collection of Component Files used:</h2>
Build Time Elapsed:  00:00:04
</pre>
</body>
</html>
