<html>
<body>
<pre>
<h1>礦ision Build Log</h1>
<h2>Tool Versions:</h2>
IDE-Version: μVision V5.25.3.0
Copyright (C) 2018 ARM Ltd and ARM Germany GmbH. All rights reserved.
License Information: 1 Microsoft, Microsoft, LIC=S5ITG-V5G2Q-BXVUY-I5T0J-4HUEL-MI8C5
 
Tool Versions:
Toolchain:       MDK-ARM Professional  Version: 5.25.2.0
Toolchain Path:  D:\Keil_v5\ARM\ARMCC\Bin
C Compiler:      Armcc.exe V5.06 update 6 (build 750)
Assembler:       Armasm.exe V5.06 update 6 (build 750)
Linker/Locator:  ArmLink.exe V5.06 update 6 (build 750)
Library Manager: ArmAr.exe V5.06 update 6 (build 750)
Hex Converter:   FromElf.exe V5.06 update 6 (build 750)
CPU DLL:         SARMCM3.DLL V5.25.2.0
Dialog DLL:      DCM.DLL V1.17.1.0
Target DLL:      Segger\JL2CM3.dll V2.99.29.0
Dialog DLL:      TCM.DLL V1.35.1.0
 
<h2>Project:</h2>
F:\JK1222\Project\RVMDK（uv5）\BH-F429.uvprojx
Project File Date:  03/12/2021

<h2>Output:</h2>
*** Using Compiler 'V5.06 update 6 (build 750)', folder: 'D:\Keil_v5\ARM\ARMCC\Bin'
Build target '工程模板'
assembling startup_stm32f429_439xx.s...
compiling system_stm32f4xx.c...
compiling misc.c...
compiling stm32f4xx_adc.c...
compiling stm32f4xx_can.c...
compiling stm32f4xx_cec.c...
compiling stm32f4xx_crc.c...
compiling stm32f4xx_cryp.c...
compiling stm32f4xx_cryp_aes.c...
compiling stm32f4xx_cryp_des.c...
compiling stm32f4xx_cryp_tdes.c...
compiling stm32f4xx_dac.c...
compiling stm32f4xx_dbgmcu.c...
compiling stm32f4xx_dcmi.c...
compiling stm32f4xx_dma.c...
compiling stm32f4xx_dma2d.c...
compiling stm32f4xx_exti.c...
compiling stm32f4xx_flash.c...
compiling stm32f4xx_flash_ramfunc.c...
compiling stm32f4xx_fmc.c...
compiling stm32f4xx_fmpi2c.c...
compiling stm32f4xx_gpio.c...
compiling stm32f4xx_hash.c...
compiling stm32f4xx_hash_md5.c...
compiling stm32f4xx_hash_sha1.c...
compiling stm32f4xx_i2c.c...
compiling stm32f4xx_iwdg.c...
compiling stm32f4xx_ltdc.c...
compiling stm32f4xx_pwr.c...
compiling stm32f4xx_qspi.c...
compiling stm32f4xx_rcc.c...
compiling stm32f4xx_rng.c...
compiling stm32f4xx_rtc.c...
compiling stm32f4xx_sai.c...
compiling stm32f4xx_sdio.c...
compiling stm32f4xx_spdifrx.c...
compiling stm32f4xx_spi.c...
compiling stm32f4xx_syscfg.c...
compiling stm32f4xx_tim.c...
compiling stm32f4xx_usart.c...
compiling stm32f4xx_wwdg.c...
compiling main.c...
compiling stm32f4xx_it.c...
..\..\User\stm32f4xx_it.c(56): warning:  #177-D: function "MODS_03H"  was declared but never referenced
  static void MODS_03H(void);
..\..\User\stm32f4xx_it.c(57): warning:  #177-D: function "MODS_06H"  was declared but never referenced
  static void MODS_06H(void);
..\..\User\stm32f4xx_it.c(58): warning:  #177-D: function "RemTrig"  was declared but never referenced
  static void RemTrig(void);
..\..\User\stm32f4xx_it.c: 3 warnings, 0 errors
compiling pbdata.c...
compiling user.c...
..\..\User\user.c(1639): warning:  #177-D: variable "pt"  was declared but never referenced
        const u8 (*pt)[sizeof(List_Setitem[0])];
..\..\User\user.c(1719): warning:  #177-D: variable "ppt"  was declared but never referenced
      const u8 (*ppt)[11];
..\..\User\user.c(1859): warning:  #177-D: variable "ppt"  was declared but never referenced
      const u8 (*ppt)[11];
..\..\User\user.c(1966): warning:  #177-D: variable "ppt"  was declared but never referenced
      const u8 (*ppt)[11];
..\..\User\user.c(2225): warning:  #177-D: variable "ppt"  was declared but never referenced
      const u8 (*ppt)[11];
..\..\User\user.c(2411): warning:  #177-D: variable "ppt"  was declared but never referenced
        const u8 (*ppt)[11];
..\..\User\user.c(2574): warning:  #177-D: variable "ppt"  was declared but never referenced
        const u8 (*ppt)[11];
..\..\User\user.c(3146): warning:  #177-D: variable "pt1"  was declared but never referenced
        const u8 (*pt1)[8];
..\..\User\user.c(3658): warning:  #177-D: variable "pt1"  was declared but never referenced
        const u8 (*pt1)[8];
..\..\User\user.c(3659): warning:  #177-D: variable "ppt"  was declared but never referenced
      const u8 (*ppt)[11];
..\..\User\user.c: 10 warnings, 0 errors
compiling test.c...
..\..\User\test.c(1045): warning:  #177-D: variable "oldskip"  was declared but never referenced
        static u32 oldskip;
..\..\User\test.c(1046): warning:  #177-D: variable "sendbuf"  was declared but never referenced
        char sendbuf[24];
..\..\User\test.c(1049): warning:  #177-D: variable "fnum"  was declared but never referenced
      UINT fnum;
..\..\User\test.c(1051): warning:  #177-D: variable "color"  was declared but never referenced
      u32 color;
..\..\User\test.c(1055): warning:  #177-D: variable "ry_flag"  was declared but never referenced
      u8 ry_flag=0;
..\..\User\test.c(1060): warning:  #177-D: variable "initset"  was declared but never referenced
        u8 initset = 15;//每次进入界面后重新设置初始参数
..\..\User\test.c(1372): warning:  #177-D: variable "oldskip"  was declared but never referenced
        static u32 oldskip;
..\..\User\test.c(1373): warning:  #177-D: variable "sendbuf"  was declared but never referenced
        char sendbuf[24];
..\..\User\test.c(1376): warning:  #177-D: variable "fnum"  was declared but never referenced
      UINT fnum;
..\..\User\test.c(1378): warning:  #177-D: variable "color"  was declared but never referenced
      u32 color;
..\..\User\test.c(1603): warning:  #177-D: variable "oldskip"  was declared but never referenced
        static u32 oldskip;
..\..\User\test.c(1604): warning:  #177-D: variable "sendbuf"  was declared but never referenced
        char sendbuf[24];
..\..\User\test.c(1607): warning:  #177-D: variable "fnum"  was declared but never referenced
      UINT fnum;
..\..\User\test.c(1609): warning:  #177-D: variable "color"  was declared but never referenced
      u32 color;
..\..\User\test.c(1901): warning:  #177-D: variable "oldskip"  was declared but never referenced
        static u32 oldskip;
..\..\User\test.c(1902): warning:  #177-D: variable "sendbuf"  was declared but never referenced
        char sendbuf[24];
..\..\User\test.c(1905): warning:  #177-D: variable "fnum"  was declared but never referenced
      UINT fnum;
..\..\User\test.c(1907): warning:  #177-D: variable "color"  was declared but never referenced
      u32 color;
..\..\User\test.c(2187): warning:  #177-D: variable "oldskip"  was declared but never referenced
        static u32 oldskip;
..\..\User\test.c(2188): warning:  #177-D: variable "sendbuf"  was declared but never referenced
        char sendbuf[24];
..\..\User\test.c(2191): warning:  #177-D: variable "fnum"  was declared but never referenced
      UINT fnum;
..\..\User\test.c(2193): warning:  #177-D: variable "color"  was declared but never referenced
      u32 color;
..\..\User\test.c(2200): warning:  #177-D: variable "initset"  was declared but never referenced
        u8 initset = 10;//每次进入界面后重新设置初始参数
..\..\User\test.c(2712): warning:  #177-D: variable "a"  was declared but never referenced
      float a,b;
..\..\User\test.c(2712): warning:  #177-D: variable "b"  was declared but never referenced
      float a,b;
..\..\User\test.c: 25 warnings, 0 errors
compiling GPIO.C...
compiling keyboard.c...
..\..\HARDWARE\keyboard.c(129): warning:  #111-D: statement is unreachable
                        }break;
..\..\HARDWARE\keyboard.c(224): warning:  #111-D: statement is unreachable
                        }break;
..\..\HARDWARE\keyboard.c(230): warning:  #940-D: missing return statement at end of non-void function "Encoder_Process" 
  }
..\..\HARDWARE\keyboard.c: 3 warnings, 0 errors
compiling bsp_lcd.c...
..\..\User\hzk.h(1100): warning:  #375-D: declaration requires a typedef name
  };
..\..\HARDWARE\lcd\bsp_lcd.c: 1 warning, 0 errors
compiling fonts.c...
compiling bsp_spi_flash.c...
compiling bsp_sdram.c...
compiling bsp_basic_tim.c...
..\..\HARDWARE\tim\bsp_basic_tim.c(89): warning:  #177-D: variable "addr"  was declared but never referenced
        uint16_t addr;
..\..\HARDWARE\tim\bsp_basic_tim.c(90): warning:  #177-D: variable "crc1"  was declared but never referenced
        static uint16_t crc1;
..\..\HARDWARE\tim\bsp_basic_tim.c: 2 warnings, 0 errors
compiling bsp_debug_usart.c...
..\..\HARDWARE\usart\bsp_debug_usart.c(994): warning:  #1-D: last line of file ends without a newline
  }
..\..\HARDWARE\usart\bsp_debug_usart.c: 1 warning, 0 errors
compiling bsp_general_tim.c...
compiling bsp_SysTick.c...
compiling bsp_adc.c...
compiling flash_eerom.c...
compiling bsp_rtc.c...
compiling bsp_exti.c...
compiling diskio.c...
compiling ff.c...
compiling cc936.c...
compiling usb_bsp.c...
..\..\User\APP\usb_bsp.c(174): warning:  #177-D: function "USB_OTG_BSP_TimeInit"  was declared but never referenced
  static void USB_OTG_BSP_TimeInit ( void )
..\..\User\APP\usb_bsp.c: 1 warning, 0 errors
compiling usbh_usr.c...
compiling flash_if.c...
compiling usb_hcd_int.c...
compiling usb_hcd.c...
compiling usb_core.c...
compiling usbh_core.c...
compiling usbh_hcs.c...
compiling usbh_ioreq.c...
compiling usbh_stdreq.c...
compiling usbh_msc_bot.c...
compiling usbh_msc_core.c...
compiling usbh_msc_scsi.c...
linking...
Program Size: Code=63420 RO-data=60676 RW-data=404 ZI-data=26484  
FromELF: creating hex file...
After Build - User command #1: D:\Keil_v5\ARM\ARMCC\bin\fromelf.exe --bin -o ..\..\Output\update.bin ..\..\Output\Template.axf
"..\..\Output\Template.axf" - 0 Error(s), 46 Warning(s).

<h2>Software Packages used:</h2>

Package Vendor: Keil
                http://www.keil.com/pack/Keil.STM32F4xx_DFP.2.12.0.pack
                Keil.STM32F4xx_DFP.2.12.0
                STMicroelectronics STM32F4 Series Device Support, Drivers and Examples

<h2>Collection of Component include folders:</h2>
  .\RTE\_________
  D:\Keil_v5\ARM\PACK\Keil\STM32F4xx_DFP\2.12.0\Drivers\CMSIS\Device\ST\STM32F4xx\Include

<h2>Collection of Component Files used:</h2>
Build Time Elapsed:  00:02:38
</pre>
</body>
</html>
