<html>
<body>
<pre>
<h1>µVision Build Log</h1>
<h2>Tool Versions:</h2>
IDE-Version: ¦ÌVision V5.37.0.0
Copyright (C) 2022 ARM Ltd and ARM Germany GmbH. All rights reserved.
License Information: 1 Microsoft, Microsoft, LIC=03C6R-KIDXE-2Z1W4-FI5SL-E8BHU-R7F4D
 
Tool Versions:
Toolchain:       MDK-ARM Plus  Version: 5.37.0.0
Toolchain Path:  E:\Keil_v5\ARM\ARMCC\Bin
C Compiler:      Armcc.exe V5.06 update 6 (build 750)
Assembler:       Armasm.exe V5.06 update 6 (build 750)
Linker/Locator:  ArmLink.exe V5.06 update 6 (build 750)
Library Manager: ArmAr.exe V5.06 update 6 (build 750)
Hex Converter:   FromElf.exe V5.06 update 6 (build 750)
CPU DLL:         SARMCM3.DLL V5.37.0.0
Dialog DLL:      DCM.DLL V1.17.5.0
Target DLL:      Segger\JL2CM3.dll V2.99.42.0
Dialog DLL:      TCM.DLL V1.56.1.0
 
<h2>Project:</h2>
F:\JK1222\Project\RVMDK£¨uv5£©\BH-F429.uvprojx
Project File Date:  12/06/2022

<h2>Output:</h2>
*** Using Compiler 'V5.06 update 6 (build 750)', folder: 'E:\Keil_v5\ARM\ARMCC\Bin'
Build target '¹¤³ÌÄ£°å'
compiling user.c...
..\..\User\user.c(1738): warning:  #177-D: variable "pt"  was declared but never referenced
      const u8 (*pt)[sizeof(Bat_Setitem[0])];
..\..\User\user.c(1785): warning:  #177-D: variable "pt"  was declared but never referenced
        const u8 (*pt)[sizeof(List_Setitem[0])];
..\..\User\user.c(1868): warning:  #177-D: variable "ppt"  was declared but never referenced
      const u8 (*ppt)[11];
..\..\User\user.c(2096): warning:  #177-D: variable "ppt"  was declared but never referenced
      const u8 (*ppt)[11];
..\..\User\user.c(2097): warning:  #177-D: variable "pt"  was declared but never referenced
      const u8 (*pt)[7];
..\..\User\user.c(2169): warning:  #177-D: variable "ppt"  was declared but never referenced
      const u8 (*ppt)[11];
..\..\User\user.c(2458): warning:  #177-D: variable "ppt"  was declared but never referenced
      const u8 (*ppt)[11];
..\..\User\user.c(2659): warning:  #177-D: variable "ppt"  was declared but never referenced
        const u8 (*ppt)[11];
..\..\User\user.c(2862): warning:  #177-D: variable "ppt"  was declared but never referenced
        const u8 (*ppt)[11];
..\..\User\user.c(3543): warning:  #177-D: variable "pt1"  was declared but never referenced
        const u8 (*pt1)[8];
..\..\User\user.c(3544): warning:  #177-D: variable "ppt"  was declared but never referenced
      const u8 (*ppt)[11];
..\..\User\user.c(3927): warning:  #177-D: variable "pt1"  was declared but never referenced
        const u8 (*pt1)[8];
..\..\User\user.c(3928): warning:  #177-D: variable "ppt"  was declared but never referenced
      const u8 (*ppt)[11];
..\..\User\user.c(4340): warning:  #167-D: argument of type "char *" is incompatible with parameter of type "const uint8_t *"
        WriteString_16(LIST2+90+40, FIRSTLINE+SPACE1*8, snbuf,  0);
..\..\User\user.c(4779): warning:  #177-D: variable "key_count"  was declared but never referenced
      char key_count=0;
..\..\User\user.c(6307): warning:  #167-D: argument of type "u8 *" is incompatible with parameter of type "char *restrict"
                sprintf(bmpname,"0:20%0.2d%0.2d%0.2d%0.2d%0.2d%0.2d.bmp", 
..\..\User\user.c: 16 warnings, 0 errors
compiling test.c...
..\..\User\test.c(916): warning:  #177-D: variable "textbuf"  was declared but never referenced
        u8 textbuf[50];
..\..\User\test.c(2307): warning:  #177-D: variable "oldskip"  was declared but never referenced
        static u32 oldskip;
..\..\User\test.c(2308): warning:  #177-D: variable "sendbuf"  was declared but never referenced
        char sendbuf[24];
..\..\User\test.c(2311): warning:  #177-D: variable "fnum"  was declared but never referenced
      UINT fnum;
..\..\User\test.c(2313): warning:  #177-D: variable "color"  was declared but never referenced
      u32 color;
..\..\User\test.c(2904): warning:  #177-D: variable "oldskip"  was declared but never referenced
        static u32 oldskip;
..\..\User\test.c(2905): warning:  #177-D: variable "sendbuf"  was declared but never referenced
        char sendbuf[24];
..\..\User\test.c(2909): warning:  #177-D: variable "fnum"  was declared but never referenced
      UINT fnum;
..\..\User\test.c(2910): warning:  #177-D: variable "color"  was declared but never referenced
      u32 color;
..\..\User\test.c(3188): warning:  #177-D: variable "oldskip"  was declared but never referenced
        static u32 oldskip;
..\..\User\test.c(3189): warning:  #177-D: variable "sendbuf"  was declared but never referenced
        char sendbuf[24];
..\..\User\test.c(3192): warning:  #177-D: variable "fnum"  was declared but never referenced
      UINT fnum;
..\..\User\test.c(3194): warning:  #177-D: variable "color"  was declared but never referenced
      u32 color;
..\..\User\test.c(3780): warning:  #177-D: variable "oldskip"  was declared but never referenced
        static u32 oldskip;
..\..\User\test.c(3781): warning:  #177-D: variable "sendbuf"  was declared but never referenced
        char sendbuf[24];
..\..\User\test.c(3784): warning:  #177-D: variable "fnum"  was declared but never referenced
      UINT fnum;
..\..\User\test.c(3786): warning:  #177-D: variable "color"  was declared but never referenced
      u32 color;
..\..\User\test.c(4230): warning:  #177-D: variable "oldskip"  was declared but never referenced
        static u32 oldskip;
..\..\User\test.c(4231): warning:  #177-D: variable "sendbuf"  was declared but never referenced
        char sendbuf[24];
..\..\User\test.c(4234): warning:  #177-D: variable "fnum"  was declared but never referenced
        UINT fnum;
..\..\User\test.c(4236): warning:  #177-D: variable "color"  was declared but never referenced
        u32 color;
..\..\User\test.c(5244): warning:  #177-D: variable "a"  was declared but never referenced
      float a,b;
..\..\User\test.c(5244): warning:  #177-D: variable "b"  was declared but never referenced
      float a,b;
..\..\User\test.c: 23 warnings, 0 errors
linking...
Program Size: Code=105764 RO-data=629540 RW-data=552 ZI-data=97504  
FromELF: creating hex file...
After Build - User command #1: E:\Keil_v5\ARM\ARMCC\bin\fromelf.exe --bin -o ..\..\Output\update.bin ..\..\Output\Template.axf
"..\..\Output\Template.axf" - 0 Error(s), 39 Warning(s).

<h2>Software Packages used:</h2>

Package Vendor: Keil
                http://www.keil.com/pack/Keil.STM32F4xx_DFP.2.16.0.pack
                Keil.STM32F4xx_DFP.2.16.0
                STMicroelectronics STM32F4 Series Device Support, Drivers and Examples

<h2>Collection of Component include folders:</h2>
  D:/Keil_v5/ARM/PACK/Keil/STM32F4xx_DFP/2.16.0/Drivers/CMSIS/Device/ST/STM32F4xx/Include

<h2>Collection of Component Files used:</h2>
Build Time Elapsed:  00:00:15
</pre>
</body>
</html>
