Component: ARM Compiler 5.06 update 6 (build 750) Tool: armlink [4d35ed]

==============================================================================

Section Cross References

    startup_stm32f429_439xx.o(RESET) refers to startup_stm32f429_439xx.o(STACK) for __initial_sp
    startup_stm32f429_439xx.o(RESET) refers to startup_stm32f429_439xx.o(.text) for Reset_Handler
    startup_stm32f429_439xx.o(RESET) refers to stm32f4xx_it.o(i.NMI_Handler) for NMI_Handler
    startup_stm32f429_439xx.o(RESET) refers to stm32f4xx_it.o(i.HardFault_Handler) for HardFault_Handler
    startup_stm32f429_439xx.o(RESET) refers to stm32f4xx_it.o(i.MemManage_Handler) for MemManage_Handler
    startup_stm32f429_439xx.o(RESET) refers to stm32f4xx_it.o(i.BusFault_Handler) for BusFault_Handler
    startup_stm32f429_439xx.o(RESET) refers to stm32f4xx_it.o(i.UsageFault_Handler) for UsageFault_Handler
    startup_stm32f429_439xx.o(RESET) refers to stm32f4xx_it.o(i.SVC_Handler) for SVC_Handler
    startup_stm32f429_439xx.o(RESET) refers to stm32f4xx_it.o(i.DebugMon_Handler) for DebugMon_Handler
    startup_stm32f429_439xx.o(RESET) refers to stm32f4xx_it.o(i.PendSV_Handler) for PendSV_Handler
    startup_stm32f429_439xx.o(RESET) refers to stm32f4xx_it.o(i.SysTick_Handler) for SysTick_Handler
    startup_stm32f429_439xx.o(RESET) refers to bsp_rtc.o(i.RTC_WKUP_IRQHandler) for RTC_WKUP_IRQHandler
    startup_stm32f429_439xx.o(RESET) refers to stm32f4xx_it.o(i.EXTI3_IRQHandler) for EXTI3_IRQHandler
    startup_stm32f429_439xx.o(RESET) refers to stm32f4xx_it.o(i.TIM2_IRQHandler) for TIM2_IRQHandler
    startup_stm32f429_439xx.o(RESET) refers to stm32f4xx_it.o(i.USART1_IRQHandler) for USART1_IRQHandler
    startup_stm32f429_439xx.o(RESET) refers to stm32f4xx_it.o(i.USART3_IRQHandler) for USART3_IRQHandler
    startup_stm32f429_439xx.o(RESET) refers to stm32f4xx_it.o(i.EXTI15_10_IRQHandler) for EXTI15_10_IRQHandler
    startup_stm32f429_439xx.o(RESET) refers to stm32f4xx_it.o(i.TIM6_DAC_IRQHandler) for TIM6_DAC_IRQHandler
    startup_stm32f429_439xx.o(RESET) refers to stm32f4xx_it.o(i.OTG_HS_IRQHandler) for OTG_HS_IRQHandler
    startup_stm32f429_439xx.o(.text) refers to system_stm32f4xx.o(i.SystemInit) for SystemInit
    startup_stm32f429_439xx.o(.text) refers to entry.o(.ARM.Collect$$$$00000000) for __main
    system_stm32f4xx.o(i.SystemCoreClockUpdate) refers to system_stm32f4xx.o(.data) for SystemCoreClock
    system_stm32f4xx.o(i.SystemInit) refers to system_stm32f4xx.o(i.SetSysClock) for SetSysClock
    stm32f4xx_adc.o(i.ADC_DeInit) refers to stm32f4xx_rcc.o(i.RCC_APB2PeriphResetCmd) for RCC_APB2PeriphResetCmd
    stm32f4xx_can.o(i.CAN_DeInit) refers to stm32f4xx_rcc.o(i.RCC_APB1PeriphResetCmd) for RCC_APB1PeriphResetCmd
    stm32f4xx_can.o(i.CAN_GetITStatus) refers to stm32f4xx_can.o(i.CheckITStatus) for CheckITStatus
    stm32f4xx_cryp.o(i.CRYP_DeInit) refers to stm32f4xx_rcc.o(i.RCC_AHB2PeriphResetCmd) for RCC_AHB2PeriphResetCmd
    stm32f4xx_cryp_aes.o(i.CRYP_AES_CBC) refers to stm32f4xx_cryp.o(i.CRYP_KeyStructInit) for CRYP_KeyStructInit
    stm32f4xx_cryp_aes.o(i.CRYP_AES_CBC) refers to stm32f4xx_cryp.o(i.CRYP_FIFOFlush) for CRYP_FIFOFlush
    stm32f4xx_cryp_aes.o(i.CRYP_AES_CBC) refers to stm32f4xx_cryp.o(i.CRYP_Init) for CRYP_Init
    stm32f4xx_cryp_aes.o(i.CRYP_AES_CBC) refers to stm32f4xx_cryp.o(i.CRYP_KeyInit) for CRYP_KeyInit
    stm32f4xx_cryp_aes.o(i.CRYP_AES_CBC) refers to stm32f4xx_cryp.o(i.CRYP_Cmd) for CRYP_Cmd
    stm32f4xx_cryp_aes.o(i.CRYP_AES_CBC) refers to stm32f4xx_cryp.o(i.CRYP_GetFlagStatus) for CRYP_GetFlagStatus
    stm32f4xx_cryp_aes.o(i.CRYP_AES_CBC) refers to stm32f4xx_cryp.o(i.CRYP_IVInit) for CRYP_IVInit
    stm32f4xx_cryp_aes.o(i.CRYP_AES_CBC) refers to stm32f4xx_cryp.o(i.CRYP_GetCmdStatus) for CRYP_GetCmdStatus
    stm32f4xx_cryp_aes.o(i.CRYP_AES_CBC) refers to stm32f4xx_cryp.o(i.CRYP_DataIn) for CRYP_DataIn
    stm32f4xx_cryp_aes.o(i.CRYP_AES_CBC) refers to stm32f4xx_cryp.o(i.CRYP_DataOut) for CRYP_DataOut
    stm32f4xx_cryp_aes.o(i.CRYP_AES_CCM) refers to stm32f4xx_cryp.o(i.CRYP_KeyStructInit) for CRYP_KeyStructInit
    stm32f4xx_cryp_aes.o(i.CRYP_AES_CCM) refers to stm32f4xx_cryp.o(i.CRYP_FIFOFlush) for CRYP_FIFOFlush
    stm32f4xx_cryp_aes.o(i.CRYP_AES_CCM) refers to stm32f4xx_cryp.o(i.CRYP_KeyInit) for CRYP_KeyInit
    stm32f4xx_cryp_aes.o(i.CRYP_AES_CCM) refers to stm32f4xx_cryp.o(i.CRYP_IVInit) for CRYP_IVInit
    stm32f4xx_cryp_aes.o(i.CRYP_AES_CCM) refers to stm32f4xx_cryp.o(i.CRYP_Init) for CRYP_Init
    stm32f4xx_cryp_aes.o(i.CRYP_AES_CCM) refers to stm32f4xx_cryp.o(i.CRYP_PhaseConfig) for CRYP_PhaseConfig
    stm32f4xx_cryp_aes.o(i.CRYP_AES_CCM) refers to stm32f4xx_cryp.o(i.CRYP_DataIn) for CRYP_DataIn
    stm32f4xx_cryp_aes.o(i.CRYP_AES_CCM) refers to stm32f4xx_cryp.o(i.CRYP_Cmd) for CRYP_Cmd
    stm32f4xx_cryp_aes.o(i.CRYP_AES_CCM) refers to stm32f4xx_cryp.o(i.CRYP_GetCmdStatus) for CRYP_GetCmdStatus
[...]
    USBH_USR_DeviceAddressAssigned           0x080530b5   Thumb Code     2  usbh_usr.o(i.USBH_USR_DeviceAddressAssigned)
    USBH_USR_DeviceAttached                  0x080530b9   Thumb Code    12  usbh_usr.o(i.USBH_USR_DeviceAttached)
    USBH_USR_DeviceDisconnected              0x080530cd   Thumb Code    14  usbh_usr.o(i.USBH_USR_DeviceDisconnected)
    USBH_USR_DeviceNotSupported              0x080530e5   Thumb Code     6  usbh_usr.o(i.USBH_USR_DeviceNotSupported)
    USBH_USR_DeviceSpeedDetected             0x080530eb   Thumb Code    28  usbh_usr.o(i.USBH_USR_DeviceSpeedDetected)
    USBH_USR_Device_DescAvailable            0x08053107   Thumb Code    12  usbh_usr.o(i.USBH_USR_Device_DescAvailable)
    USBH_USR_EnumerationDone                 0x08053113   Thumb Code     6  usbh_usr.o(i.USBH_USR_EnumerationDone)
    USBH_USR_Init                            0x08053119   Thumb Code    26  usbh_usr.o(i.USBH_USR_Init)
    USBH_USR_MSC_Application                 0x08053139   Thumb Code     4  usbh_usr.o(i.USBH_USR_MSC_Application)
    USBH_USR_Manufacturer_String             0x0805313d   Thumb Code     6  usbh_usr.o(i.USBH_USR_Manufacturer_String)
    USBH_USR_OverCurrentDetected             0x08053143   Thumb Code     6  usbh_usr.o(i.USBH_USR_OverCurrentDetected)
    USBH_USR_Product_String                  0x08053149   Thumb Code     6  usbh_usr.o(i.USBH_USR_Product_String)
    USBH_USR_ResetDevice                     0x0805314f   Thumb Code     6  usbh_usr.o(i.USBH_USR_ResetDevice)
    USBH_USR_SerialNum_String                0x08053155   Thumb Code     6  usbh_usr.o(i.USBH_USR_SerialNum_String)
    USBH_USR_UnrecoveredError                0x0805315b   Thumb Code     6  usbh_usr.o(i.USBH_USR_UnrecoveredError)
    USBH_USR_UserInput                       0x08053161   Thumb Code     4  usbh_usr.o(i.USBH_USR_UserInput)
    USB_OTG_BSP_ConfigVBUS                   0x08053165   Thumb Code    26  usb_bsp.o(i.USB_OTG_BSP_ConfigVBUS)
    USB_OTG_BSP_DriveVBUS                    0x08053189   Thumb Code     2  usb_bsp.o(i.USB_OTG_BSP_DriveVBUS)
    USB_OTG_BSP_EnableInterrupt              0x0805318b   Thumb Code    44  usb_bsp.o(i.USB_OTG_BSP_EnableInterrupt)
    USB_OTG_BSP_Init                         0x080531b9   Thumb Code    72  usb_bsp.o(i.USB_OTG_BSP_Init)
    USB_OTG_BSP_TimerIRQ                     0x0805323d   Thumb Code    50  usb_bsp.o(i.USB_OTG_BSP_TimerIRQ)
    USB_OTG_BSP_mDelay                       0x08053275   Thumb Code    14  usb_bsp.o(i.USB_OTG_BSP_mDelay)
    USB_OTG_BSP_uDelay                       0x08053283   Thumb Code    14  usb_bsp.o(i.USB_OTG_BSP_uDelay)
    USB_OTG_CoreInit                         0x08053291   Thumb Code   306  usb_core.o(i.USB_OTG_CoreInit)
    USB_OTG_CoreInitHost                     0x080533c3   Thumb Code   218  usb_core.o(i.USB_OTG_CoreInitHost)
    USB_OTG_DisableGlobalInt                 0x0805350d   Thumb Code    34  usb_core.o(i.USB_OTG_DisableGlobalInt)
    USB_OTG_DriveVbus                        0x0805352f   Thumb Code    92  usb_core.o(i.USB_OTG_DriveVbus)
    USB_OTG_EnableGlobalInt                  0x080535bf   Thumb Code    34  usb_core.o(i.USB_OTG_EnableGlobalInt)
    USB_OTG_EnableHostInt                    0x080535e1   Thumb Code   116  usb_core.o(i.USB_OTG_EnableHostInt)
    USB_OTG_FlushRxFifo                      0x08053655   Thumb Code    70  usb_core.o(i.USB_OTG_FlushRxFifo)
    USB_OTG_FlushTxFifo                      0x080536a1   Thumb Code    80  usb_core.o(i.USB_OTG_FlushTxFifo)
    USB_OTG_GetMode                          0x080536f5   Thumb Code    12  usb_core.o(i.USB_OTG_GetMode)
    USB_OTG_HC_DoPing                        0x08053701   Thumb Code    90  usb_core.o(i.USB_OTG_HC_DoPing)
    USB_OTG_HC_Halt                          0x0805375b   Thumb Code   130  usb_core.o(i.USB_OTG_HC_Halt)
    USB_OTG_HC_Init                          0x080537dd   Thumb Code   568  usb_core.o(i.USB_OTG_HC_Init)
    USB_OTG_HC_StartXfer                     0x08053a15   Thumb Code   502  usb_core.o(i.USB_OTG_HC_StartXfer)
    USB_OTG_InitFSLSPClkSel                  0x08053c0b   Thumb Code    24  usb_core.o(i.USB_OTG_InitFSLSPClkSel)
    USB_OTG_IsEvenFrame                      0x08053c23   Thumb Code    16  usb_core.o(i.USB_OTG_IsEvenFrame)
    USB_OTG_IsHostMode                       0x08053c33   Thumb Code    20  usb_core.o(i.USB_OTG_IsHostMode)
    USB_OTG_ReadCoreItr                      0x08053c47   Thumb Code    16  usb_core.o(i.USB_OTG_ReadCoreItr)
    USB_OTG_ReadHPRT0                        0x08053c57   Thumb Code    48  usb_core.o(i.USB_OTG_ReadHPRT0)
    USB_OTG_ReadHostAllChannels_intr         0x08053c87   Thumb Code     8  usb_core.o(i.USB_OTG_ReadHostAllChannels_intr)
    USB_OTG_ReadPacket                       0x08053c8f   Thumb Code    40  usb_core.o(i.USB_OTG_ReadPacket)
    USB_OTG_ResetPort                        0x08053cb7   Thumb Code    64  usb_core.o(i.USB_OTG_ResetPort)
    USB_OTG_SelectCore                       0x08053cf9   Thumb Code   212  usb_core.o(i.USB_OTG_SelectCore)
    USB_OTG_SetCurrentMode                   0x08053dd1   Thumb Code    78  usb_core.o(i.USB_OTG_SetCurrentMode)
    USB_OTG_WritePacket                      0x08054bf1   Thumb Code    64  usb_core.o(i.USB_OTG_WritePacket)
    Uart1SendBuff                            0x08054c31   Thumb Code   106  bsp_debug_usart.o(i.Uart1SendBuff)
    Uart3SendBuff                            0x08054ca5   Thumb Code   106  bsp_debug_usart.o(i.Uart3SendBuff)
    UsageFault_Handler                       0x08054d19   Thumb Code     4  stm32f4xx_it.o(i.UsageFault_Handler)
    Use_DebugProcess                         0x08054d1d   Thumb Code  1026  test.o(i.Use_DebugProcess)
    Use_SysSetProcess                        0x08055139   Thumb Code  1404  user.o(i.Use_SysSetProcess)
    V_Gear_SW                                0x080556c1   Thumb Code    88  bsp_debug_usart.o(i.V_Gear_SW)
    WriteOneHzChar_16                        0x08055725   Thumb Code    26  bsp_lcd.o(i.WriteOneHzChar_16)
    WriteString_16                           0x08055741   Thumb Code   198  bsp_lcd.o(i.WriteString_16)
    __0printf$6                              0x0805580d   Thumb Code    22  printf6.o(i.__0printf$6)
    __1printf$6                              0x0805580d   Thumb Code     0  printf6.o(i.__0printf$6)
    __2printf                                0x0805580d   Thumb Code     0  printf6.o(i.__0printf$6)
    __0sprintf$6                             0x0805582d   Thumb Code    34  printf6.o(i.__0sprintf$6)
    __1sprintf$6                             0x0805582d   Thumb Code     0  printf6.o(i.__0sprintf$6)
    __2sprintf                               0x0805582d   Thumb Code     0  printf6.o(i.__0sprintf$6)
    __ARM_fpclassify                         0x08055855   Thumb Code    48  fpclassify.o(i.__ARM_fpclassify)
    __hardfp_pow                             0x08055889   Thumb Code  3072  pow.o(i.__hardfp_pow)
    __kernel_poly                            0x080564d9   Thumb Code   248  poly.o(i.__kernel_poly)
    __mathlib_dbl_divzero                    0x080565d1   Thumb Code    28  dunder.o(i.__mathlib_dbl_divzero)
    __mathlib_dbl_infnan2                    0x08056601   Thumb Code    20  dunder.o(i.__mathlib_dbl_infnan2)
    __mathlib_dbl_invalid                    0x08056619   Thumb Code    24  dunder.o(i.__mathlib_dbl_invalid)
    __mathlib_dbl_overflow                   0x08056639   Thumb Code    24  dunder.o(i.__mathlib_dbl_overflow)
    __mathlib_dbl_underflow                  0x08056659   Thumb Code    24  dunder.o(i.__mathlib_dbl_underflow)
    __scatterload_copy                       0x08056679   Thumb Code    14  handlers.o(i.__scatterload_copy)
    __scatterload_null                       0x08056687   Thumb Code     2  handlers.o(i.__scatterload_null)
    __scatterload_zeroinit                   0x08056689   Thumb Code    14  handlers.o(i.__scatterload_zeroinit)
    __set_errno                              0x08056699   Thumb Code     6  errno.o(i.__set_errno)
    delay                                    0x080569f1   Thumb Code    10  pbdata.o(i.delay)
    delay_1us                                0x080569fb   Thumb Code    54  bsp_systick.o(i.delay_1us)
    delay_us                                 0x08056a31   Thumb Code    10  bsp_systick.o(i.delay_us)
    fabs                                     0x08056a3b   Thumb Code    24  fabs.o(i.fabs)
    findHzIndex_16                           0x08056a55   Thumb Code    60  bsp_lcd.o(i.findHzIndex_16)
    fputc                                    0x08056a95   Thumb Code    32  bsp_debug_usart.o(i.fputc)
    input_password                           0x08056ab9   Thumb Code   654  user.o(i.input_password)
    keydelay                                 0x08056d81   Thumb Code    10  gpio.o(i.keydelay)
    lcd_image                                0x08056d8d   Thumb Code    42  bsp_lcd.o(i.lcd_image)
    listreset                                0x08056dbd   Thumb Code    26  test.o(i.listreset)
    lockcheck                                0x08056de1   Thumb Code    18  test.o(i.lockcheck)
    main                                     0x08056dfd   Thumb Code   160  main.o(i.main)
    sqrt                                     0x08056ead   Thumb Code   110  sqrt.o(i.sqrt)
    compCcolor                               0x08056f1c   Data          16  user.o(.constdata)
    compVcolor                               0x08056f2c   Data          16  user.o(.constdata)
    compPcolor                               0x08056f3c   Data          16  user.o(.constdata)
    testcompcolor                            0x08056f4c   Data           8  user.o(.constdata)
    User_Check_Item                          0x08056f54   Data         208  user.o(.constdata)
    User_Check_Item1                         0x08057024   Data         117  user.o(.constdata)
    Test_Setitem                             0x08057099   Data          20  user.o(.constdata)
    Led_Setitem                              0x080570ad   Data          30  user.o(.constdata)
    Bat_Setitem                              0x080570cb   Data         304  user.o(.constdata)
    Bat_SetitemR                             0x080571fb   Data         288  user.o(.constdata)
    Dyn_Setitem                              0x0805731b   Data         128  user.o(.constdata)
    Dyn_SetitemE                             0x0805739b   Data         128  user.o(.constdata)
    Unit_Setitem                             0x0805741b   Data          48  user.o(.constdata)
    Unit_Compitem                            0x0805744b   Data          24  user.o(.constdata)
    Test_Setitem_E                           0x08057463   Data          20  user.o(.constdata)
    Mode_Setitem                             0x08057477   Data          80  user.o(.constdata)
    All_TopName                              0x080574c7   Data         242  user.o(.constdata)
    All_TopName_E                            0x080575b9   Data         242  user.o(.constdata)
    Set_testitem                             0x080576ab   Data         120  user.o(.constdata)
    Set_testitem_E                           0x08057723   Data         120  user.o(.constdata)
    Limit_item                               0x0805779b   Data         110  user.o(.constdata)
    Limit_itemE                              0x08057809   Data         110  user.o(.constdata)
    Test_Modevalue1                          0x08057877   Data          70  user.o(.constdata)
    List_Setitem                             0x080578bd   Data          90  user.o(.constdata)
    List_Setitem_E                           0x08057917   Data          90  user.o(.constdata)
    Test_Modevalue_E1                        0x08057971   Data          56  user.o(.constdata)
    Bat_Modevalue                            0x080579a9   Data          21  user.o(.constdata)
    Bat_ModevalueE                           0x080579be   Data          21  user.o(.constdata)
    Calvalue                                 0x080579d3   Data          35  user.o(.constdata)
    Test_Modevalue2                          0x080579f6   Data          28  user.o(.constdata)
    Test_Modevalue_E2                        0x08057a12   Data          28  user.o(.constdata)
    Bat_LoadMod                              0x08057a2e   Data          21  user.o(.constdata)
    Test_Tirpvalue                           0x08057a43   Data          28  user.o(.constdata)
    Test_Tirpvalue_E                         0x08057a5f   Data          28  user.o(.constdata)
    Test_Speedvalue                          0x08057a7b   Data          28  user.o(.constdata)
    Test_Speedvalue_E                        0x08057a97   Data          28  user.o(.constdata)
    Test_Compvalue                           0x08057ab3   Data          14  user.o(.constdata)
    List_Beep                                0x08057ac1   Data          14  user.o(.constdata)
    DeviceMode_Item                          0x08057acf   Data          21  user.o(.constdata)
    DeviceMode_ItemE                         0x08057ae4   Data          21  user.o(.constdata)
    List_BeepE                               0x08057af9   Data          14  user.o(.constdata)
    Tran_Mode                                0x08057b07   Data          21  user.o(.constdata)
    Tran_ModeE                               0x08057b1c   Data          21  user.o(.constdata)
    Test_Compvalue_E                         0x08057b31   Data          14  user.o(.constdata)
    Test_Commvalue_E                         0x08057b3f   Data          21  user.o(.constdata)
    Test_PCTLvalue_E                         0x08057b54   Data          21  user.o(.constdata)
    Test_Rangevalue                          0x08057b69   Data          14  user.o(.constdata)
    Test_Rangevalue_E                        0x08057b77   Data          14  user.o(.constdata)
    Setup_Beep                               0x08057b85   Data          28  user.o(.constdata)
    Setup_Beep1                              0x08057ba1   Data          32  user.o(.constdata)
    Setup_Beep_E                             0x08057bc1   Data          28  user.o(.constdata)
    Setup_Beep_E1                            0x08057bdd   Data          32  user.o(.constdata)
    INPUT                                    0x08057bfd   Data           7  user.o(.constdata)
    INPUT_E                                  0x08057c04   Data           7  user.o(.constdata)
    User_Range                               0x08057c0b   Data          88  user.o(.constdata)
    User_Range_E                             0x08057c63   Data          88  user.o(.constdata)
    DISP_UINT                                0x08057cbb   Data          20  user.o(.constdata)
    MODE_UINT                                0x08057ccf   Data          16  user.o(.constdata)
    User_Rangeset                            0x08057cdf   Data          55  user.o(.constdata)
    Sys_Setitem                              0x08057d16   Data          99  user.o(.constdata)
    Sys_Setitem_E                            0x08057d79   Data          99  user.o(.constdata)
    Sys_Buard_Value                          0x08057ddc   Data          56  user.o(.constdata)
    Sys_Language_Value                       0x08057e14   Data          16  user.o(.constdata)
    BiasButton_Tip                           0x08057e24   Data          16  user.o(.constdata)
    Sys_Sys                                  0x08057e34   Data          84  user.o(.constdata)
    Sys_Sys_E                                0x08057e88   Data          84  user.o(.constdata)
    Sys_Sys1                                 0x08057edc   Data          84  user.o(.constdata)
    Sys_Sys_E1                               0x08057f30   Data          84  user.o(.constdata)
    Range_Disp_Test                          0x08057f84   Data         168  user.o(.constdata)
    Step_Mode                                0x0805802c   Data          21  user.o(.constdata)
    Step_ModeE                               0x08058041   Data          21  user.o(.constdata)
    List_ItemDis                             0x08058056   Data          35  user.o(.constdata)
    List_Res                                 0x08058079   Data          35  user.o(.constdata)
    List_ResE                                0x0805809c   Data          35  user.o(.constdata)
    List_ItemDisE                            0x080580bf   Data          35  user.o(.constdata)
    List_CompType                            0x080580e2   Data          28  user.o(.constdata)
    List_ResBack                             0x080580fe   Data          35  user.o(.constdata)
    List_ResBackE                            0x08058121   Data          35  user.o(.constdata)
    List_CompTypeE                           0x08058144   Data          36  user.o(.constdata)
    SystemLimit                              0x08058168   Data          16  user.o(.constdata)
    SystemLimitDot                           0x08058178   Data          10  user.o(.constdata)
    ParameterLimit                           0x08058182   Data          12  user.o(.constdata)
    Debug_Limit                              0x08058190   Data           8  user.o(.constdata)
    Test_Uint                                0x08058198   Data          16  user.o(.constdata)
    gImage_open                              0x080581a8   Data       391680  test.o(.constdata)
    GB_21                                    0x080b7ba8   Data        7735  bsp_lcd.o(.constdata)
    GB_16                                    0x080b99df   Data        8772  bsp_lcd.o(.constdata)
    ASCII16x24_Table                         0x080bbc24   Data        4560  fonts.o(.constdata)
    Out_1224                                 0x080bcdf4   Data         624  fonts.o(.constdata)
    Out_Assic                                0x080bd064   Data        8000  fonts.o(.constdata)
    Out_Assic30                              0x080befa4   Data       19200  fonts.o(.constdata)
    ASCII12x12_Table                         0x080c3aa4   Data        2304  fonts.o(.constdata)
    ASCII8x12_Table                          0x080c43a4   Data        2304  fonts.o(.constdata)
    ASCII8x8_Table                           0x080c4ca4   Data        1536  fonts.o(.constdata)
    nBitmapDot                               0x080c5894   Data         144  fonts.o(.constdata)
    __mathlib_zero                           0x080c59b0   Data           8  qnan.o(.constdata)
    Region$$Table$$Base                      0x080c59b8   Number         0  anon$$obj.o(Region$$Table)
    Region$$Table$$Limit                     0x080c59d8   Number         0  anon$$obj.o(Region$$Table)
    SystemCoreClock                          0x20000000   Data           4  system_stm32f4xx.o(.data)
    AHBPrescTable                            0x20000004   Data          16  system_stm32f4xx.o(.data)
    g_mods_timeout                           0x20000024   Data           1  stm32f4xx_it.o(.data)
    Tick_10ms                                0x20000028   Data           4  stm32f4xx_it.o(.data)
    scpidot                                  0x2000002c   Data           1  stm32f4xx_it.o(.data)
    scpiunit                                 0x2000002d   Data           1  stm32f4xx_it.o(.data)
    scpidot1                                 0x2000002e   Data           1  stm32f4xx_it.o(.data)
    scpiunit1                                0x2000002f   Data           1  stm32f4xx_it.o(.data)
    scpnum                                   0x20000030   Data           1  stm32f4xx_it.o(.data)
    scpnum1                                  0x20000031   Data           1  stm32f4xx_it.o(.data)
    resflag                                  0x20000032   Data           1  stm32f4xx_it.o(.data)
    resdisp                                  0x20000033   Data           1  stm32f4xx_it.o(.data)
    batstep                                  0x20000034   Data           1  stm32f4xx_it.o(.data)
    listbeep                                 0x20000035   Data           1  stm32f4xx_it.o(.data)
    flag_Tim_USART                           0x20000036   Data           1  stm32f4xx_it.o(.data)
    flag_spin                                0x20000037   Data           1  stm32f4xx_it.o(.data)
    t_USART                                  0x20000038   Data           2  stm32f4xx_it.o(.data)
    t_SPIN                                   0x2000003a   Data           2  stm32f4xx_it.o(.data)
    UART_Buffer_Size                         0x2000003c   Data           1  stm32f4xx_it.o(.data)
    UART_Buffer_Rece_flag                    0x2000003d   Data           1  stm32f4xx_it.o(.data)
    UART3_Buffer_Rece_flag                   0x2000003e   Data           1  stm32f4xx_it.o(.data)
    jumpflag                                 0x2000003f   Data           1  stm32f4xx_it.o(.data)
    listtime                                 0x20000040   Data           4  stm32f4xx_it.o(.data)
    spinsend                                 0x20000044   Data           1  stm32f4xx_it.o(.data)
    Uart1RXbuff_len                          0x20000046   Data           2  stm32f4xx_it.o(.data)
    Uart3RXbuff_len                          0x20000048   Data           2  stm32f4xx_it.o(.data)
    F_Fail                                   0x20000054   Data           1  pbdata.o(.data)
    F_100ms                                  0x20000055   Data           1  pbdata.o(.data)
    F_set                                    0x20000056   Data           1  pbdata.o(.data)
    F_1s                                     0x20000057   Data           1  pbdata.o(.data)
    SystemStatus                             0x20000058   Data           1  pbdata.o(.data)
    SystemMessage                            0x20000059   Data           1  pbdata.o(.data)
    softswitch                               0x2000005a   Data           1  pbdata.o(.data)
    USB_Openflag                             0x2000005b   Data           1  pbdata.o(.data)
    Disp_usbflag                             0x2000005c   Data           1  pbdata.o(.data)
    Disp_RTCflag                             0x2000005d   Data           1  pbdata.o(.data)
    SoftTimer                                0x2000005e   Data           2  pbdata.o(.data)
    g_LcdDirection                           0x20000060   Data           4  pbdata.o(.data)
    Int_Pe3flag                              0x20000064   Data           1  pbdata.o(.data)
    U15_4094                                 0x20000068   Data           1  test.o(.data)
    U16_4094                                 0x20000069   Data           1  test.o(.data)
    result                                   0x2000006a   Data           1  test.o(.data)
    keyvalue                                 0x2000006b   Data           1  test.o(.data)
    spinvalue                                0x2000006c   Data           2  test.o(.data)
    mainswitch                               0x2000006e   Data           1  test.o(.data)
    spinbit                                  0x2000006f   Data           1  test.o(.data)
    spinbitmax                               0x20000070   Data           1  test.o(.data)
    switchdelay                              0x20000071   Data           1  test.o(.data)
    setcount                                 0x20000072   Data           1  test.o(.data)
    setslavecount                            0x20000073   Data           1  test.o(.data)
    slaveonoffcount                          0x20000074   Data           1  test.o(.data)
    inputtrans                               0x20000075   Data           1  test.o(.data)
    coder_flag                               0x20000076   Data           1  test.o(.data)
    buttonpage1                              0x20000077   Data           1  test.o(.data)
    calpage                                  0x20000078   Data           1  test.o(.data)
    dacctrl                                  0x2000007a   Data           2  test.o(.data)
    powermax                                 0x2000007c   Data           4  test.o(.data)
    startdelay                               0x20000080   Data           1  test.o(.data)
    slaveID                                  0x20000081   Data           1  test.o(.data)
    Keyboard                                 0x200000a8   Data           3  keyboard.o(.data)
    KekValue                                 0x200000ae   Data           1  keyboard.o(.data)
    g_enc_fast_flag                          0x200000b0   Data           2  keyboard.o(.data)
    spinflag                                 0x200000b2   Data           1  keyboard.o(.data)
    spintest                                 0x200000b4   Data           2  keyboard.o(.data)
    spinnum                                  0x200000b6   Data           2  keyboard.o(.data)
    Colour                                   0x200000b8   Data           8  bsp_lcd.o(.data)
    Font16x24                                0x200000d8   Data           8  fonts.o(.data)
    Font12x12                                0x200000e0   Data           8  fonts.o(.data)
    Font8x12                                 0x200000e8   Data           8  fonts.o(.data)
    Font8x8                                  0x200000f0   Data           8  fonts.o(.data)
    setflag                                  0x20000100   Data           1  bsp_debug_usart.o(.data)
    setslaveflag                             0x20000101   Data           1  bsp_debug_usart.o(.data)
    slaveonoffflag                           0x20000102   Data           1  bsp_debug_usart.o(.data)
    dacvalue                                 0x20000104   Data          68  bsp_debug_usart.o(.data)
    vsum                                     0x20000148   Data           4  bsp_debug_usart.o(.data)
    isum                                     0x2000014c   Data           4  bsp_debug_usart.o(.data)
    rsum                                     0x20000150   Data           4  bsp_debug_usart.o(.data)
    psum                                     0x20000154   Data           4  bsp_debug_usart.o(.data)
    HSEStartUpStatus                         0x20000160   Data           1  usb_bsp.o(.data)
    BSP_delay                                0x20000164   Data           4  usb_bsp.o(.data)
    USR_cb                                   0x20000168   Data          72  usbh_usr.o(.data)
    USBH_HCD_INT_cb                          0x200001b4   Data          12  usbh_core.o(.data)
    USBH_HCD_INT_fops                        0x200001c0   Data           4  usbh_core.o(.data)
    MSC_Setup                                0x200001e0   Data           8  usbh_msc_core.o(.data)
    MSCErrorCount                            0x200001e8   Data           1  usbh_msc_core.o(.data)
    USBH_MSC_cb                              0x200001ec   Data          16  usbh_msc_core.o(.data)
    __stdout                                 0x20000200   Data           4  stdout.o(.data)
    g_tModS                                  0x20000208   Data         163  stm32f4xx_it.o(.bss)
    scpinum                                  0x200002ab   Data          20  stm32f4xx_it.o(.bss)
    scpinum1                                 0x200002bf   Data          20  stm32f4xx_it.o(.bss)
    UART_Buffer_Rece                         0x200002d3   Data         256  stm32f4xx_it.o(.bss)
    UART3_Buffer_Rece                        0x200003d3   Data         256  stm32f4xx_it.o(.bss)
    LoadSave                                 0x200004d4   Data         492  pbdata.o(.bss)
    DispValue                                0x200006c0   Data         368  pbdata.o(.bss)
    SlaveValue                               0x20000830   Data         360  pbdata.o(.bss)
    SlaveSetPara                             0x20000998   Data          12  pbdata.o(.bss)
    ComBuf                                   0x200009a4   Data          80  pbdata.o(.bss)
    DispBuf                                  0x200009f4   Data           9  user.o(.bss)
    fs                                       0x20000a80   Data        4144  test.o(.bss)
    file                                     0x20001ab0   Data        4132  test.o(.bss)
    bmpname                                  0x20002ad4   Data          30  test.o(.bss)
    sendbuff                                 0x20002af2   Data         256  bsp_debug_usart.o(.bss)
    u3sendbuff                               0x20002bf2   Data         256  bsp_debug_usart.o(.bss)
    usart1rxbuff                             0x20002cf2   Data         256  bsp_debug_usart.o(.bss)
    usart1txbuff                             0x20002df2   Data         256  bsp_debug_usart.o(.bss)
    usart3rxbuff                             0x20002ef2   Data         256  bsp_debug_usart.o(.bss)
    usart3txbuff                             0x20002ff2   Data         256  bsp_debug_usart.o(.bss)
    USB_OTG_Core                             0x200030f4   Data        1452  usbh_usr.o(.bss)
    USB_Host                                 0x200036a0   Data         132  usbh_usr.o(.bss)
    USBH_CfgDesc                             0x20003724   Data         512  usbh_stdreq.o(.bss)
    USBH_MSC_CBWData                         0x20003924   Data          32  usbh_msc_bot.o(.bss)
    USBH_MSC_CSWData                         0x20003944   Data          16  usbh_msc_bot.o(.bss)
    USBH_MSC_BOTXferParam                    0x20003954   Data          16  usbh_msc_bot.o(.bss)
    MSC_Machine                              0x20003964   Data         522  usbh_msc_core.o(.bss)
    USBH_MSC_Param                           0x20003b70   Data          16  usbh_msc_scsi.o(.bss)
    USBH_DataInBuffer                        0x20003b80   Data         512  usbh_msc_scsi.o(.bss)
    USBH_DataOutBuffer                       0x20003d80   Data         512  usbh_msc_scsi.o(.bss)
    __initial_sp                             0x20007f80   Data           0  startup_stm32f429_439xx.o(STACK)



==============================================================================

Memory Map of the image

  Image Entry point : 0x080401ad

  Load Region LR_IROM1 (Base: 0x08040000, Size: 0x00085be0, Max: 0x00100000, ABSOLUTE, COMPRESSED[0x00085a94])

    Execution Region ER_IROM1 (Exec base: 0x08040000, Load base: 0x08040000, Size: 0x000859d8, Max: 0x00100000, ABSOLUTE)

    Exec Addr    Load Addr    Size         Type   Attr      Idx    E Section Name        Object

    0x08040000   0x08040000   0x000001ac   Data   RO            3    RESET               startup_stm32f429_439xx.o
    0x080401ac   0x080401ac   0x00000000   Code   RO         9223  * .ARM.Collect$$$$00000000  mc_w.l(entry.o)
    0x080401ac   0x080401ac   0x00000004   Code   RO         9550    .ARM.Collect$$$$00000001  mc_w.l(entry2.o)
    0x080401b0   0x080401b0   0x00000004   Code   RO         9553    .ARM.Collect$$$$00000004  mc_w.l(entry5.o)
    0x080401b4   0x080401b4   0x00000000   Code   RO         9555    .ARM.Collect$$$$00000008  mc_w.l(entry7b.o)
    0x080401b4   0x080401b4   0x00000000   Code   RO         9557    .ARM.Collect$$$$0000000A  mc_w.l(entry8b.o)
    0x080401b4   0x080401b4   0x00000008   Code   RO         9558    .ARM.Collect$$$$0000000B  mc_w.l(entry9a.o)
    0x080401bc   0x080401bc   0x00000000   Code   RO         9560    .ARM.Collect$$$$0000000D  mc_w.l(entry10a.o)
    0x080401bc   0x080401bc   0x00000000   Code   RO         9562    .ARM.Collect$$$$0000000F  mc_w.l(entry11a.o)
    0x080401bc   0x080401bc   0x00000004   Code   RO         9551    .ARM.Collect$$$$00002712  mc_w.l(entry2.o)
    0x080401c0   0x080401c0   0x00000024   Code   RO            4    .text               startup_stm32f429_439xx.o
    0x080401e4   0x080401e4   0x00000024   Code   RO         9226    .text               mc_w.l(memcpya.o)
    0x08040208   0x08040208   0x00000024   Code   RO         9228    .text               mc_w.l(memseta.o)
    0x0804022c   0x0804022c   0x0000001c   Code   RO         9230    .text               mc_w.l(strcmp.o)
    0x08040248   0x08040248   0x0000014e   Code   RO         9495    .text               mf_w.l(dadd.o)
    0x08040396   0x08040396   0x000000e4   Code   RO         9497    .text               mf_w.l(dmul.o)
    0x0804047a   0x0804047a   0x000000de   Code   RO         9499    .text               mf_w.l(ddiv.o)
    0x08040558   0x08040558   0x00000022   Code   RO         9501    .text               mf_w.l(dflti.o)
    0x0804057a   0x0804057a   0x0000001a   Code   RO         9503    .text               mf_w.l(dfltui.o)
    0x08040594   0x08040594   0x00000032   Code   RO         9505    .text               mf_w.l(dfixui.o)
    0x080405c6   0x080405c6   0x00000002   PAD
    0x080405c8   0x080405c8   0x00000030   Code   RO         9509    .text               mf_w.l(cdcmple.o)
    0x080405f8   0x080405f8   0x0000002c   Code   RO         9565    .text               mc_w.l(uidiv.o)
    0x08040624   0x08040624   0x0000001e   Code   RO         9569    .text               mc_w.l(llshl.o)
    0x08040642   0x08040642   0x00000020   Code   RO         9571    .text               mc_w.l(llushr.o)
    0x08040662   0x08040662   0x00000024   Code   RO         9573    .text               mc_w.l(llsshr.o)
    0x08040686   0x08040686   0x00000000   Code   RO         9582    .text               mc_w.l(iusefp.o)
    0x08040686   0x08040686   0x000000ba   Code   RO         9585    .text               mf_w.l(depilogue.o)
    0x08040740   0x08040740   0x0000002e   Code   RO         9589    .text               mf_w.l(dscalb.o)
    0x0804076e   0x0804076e   0x00000002   PAD
    0x08040770   0x08040770   0x00000030   Code   RO         9593    .text               mf_w.l(cdrcmple.o)
    0x080407a0   0x080407a0   0x00000024   Code   RO         9595    .text               mc_w.l(init.o)
    0x080407c4   0x080407c4   0x000000a2   Code   RO         9597    .text               mf_w.l(dsqrt.o)
    0x08040866   0x08040866   0x00000056   Code   RO         9607    .text               mc_w.l(__dczerorl2.o)
    0x080408bc   0x080408bc   0x0000002c   Code   RO         8115    i.BSP_Delay         usb_bsp.o
    0x080408e8   0x080408e8   0x0000006a   Code   RO         8116    i.BSP_SetTime       usb_bsp.o
    0x08040952   0x08040952   0x00000002   PAD
    0x08040954   0x08040954   0x00000064   Code   RO         7148    i.BatMode_SW        bsp_debug_usart.o
    0x080409b8   0x080409b8   0x00000190   Code   RO         5512    i.Bat_Disp          user.o
    0x08040b48   0x08040b48   0x000007c0   Code   RO         6063    i.Battery_Process   test.o
    0x08041308   0x08041308   0x00000014   Code   RO         6216    i.Beep_Off          gpio.o
    0x0804131c   0x0804131c   0x00000014   Code   RO         6217    i.Beep_On           gpio.o
    0x08041330   0x08041330   0x00000004   Code   RO         5285    i.BusFault_Handler  stm32f4xx_it.o
    0x08041334   0x08041334   0x000001b4   Code   RO         7149    i.CalHandle         bsp_debug_usart.o
    0x080414e8   0x080414e8   0x00000016   Code   RO         1358    i.DMA2D_DeInit      stm32f4xx_dma2d.o
    0x080414fe   0x080414fe   0x00000002   PAD
    0x08041500   0x08041500   0x00000018   Code   RO         1363    i.DMA2D_GetFlagStatus  stm32f4xx_dma2d.o
    0x08041518   0x08041518   0x000000e4   Code   RO         1366    i.DMA2D_Init        stm32f4xx_dma2d.o
    0x080415fc   0x080415fc   0x00000014   Code   RO         1368    i.DMA2D_StartTransfer  stm32f4xx_dma2d.o
    0x08041610   0x08041610   0x00000034   Code   RO         1220    i.DMA_ClearFlag     stm32f4xx_dma.o
    0x08041644   0x08041644   0x00000034   Code   RO         1221    i.DMA_ClearITPendingBit  stm32f4xx_dma.o
    0x08041678   0x08041678   0x00000016   Code   RO         1222    i.DMA_Cmd           stm32f4xx_dma.o
    0x0804168e   0x0804168e   0x00000002   PAD
    0x08041690   0x08041690   0x00000158   Code   RO         1223    i.DMA_DeInit        stm32f4xx_dma.o
    0x080417e8   0x080417e8   0x00000014   Code   RO         1227    i.DMA_GetCmdStatus  stm32f4xx_dma.o
    0x080417fc   0x080417fc   0x00000008   Code   RO         1228    i.DMA_GetCurrDataCounter  stm32f4xx_dma.o
    0x08041804   0x08041804   0x00000058   Code   RO         1234    i.DMA_Init          stm32f4xx_dma.o
    0x0804185c   0x0804185c   0x00000004   Code   RO         1237    i.DMA_SetCurrDataCounter  stm32f4xx_dma.o
    0x08041860   0x08041860   0x00000022   Code   RO         1238    i.DMA_StructInit    stm32f4xx_dma.o
    0x08041882   0x08041882   0x00000002   Code   RO         5286    i.DebugMon_Handler  stm32f4xx_it.o
    0x08041884   0x08041884   0x000000c0   Code   RO         7150    i.Debug_USART_Config  bsp_debug_usart.o
    0x08041944   0x08041944   0x00000100   Code   RO         7151    i.Debug_USART_DMA_INIT  bsp_debug_usart.o
    0x08041a44   0x08041a44   0x00000510   Code   RO         5517    i.DispLimit_value   user.o
    0x08041f54   0x08041f54   0x00000644   Code   RO         5518    i.DispSet_value     user.o
    0x08042598   0x08042598   0x00000010   Code   RO         5519    i.Disp_BatScreen    user.o
    0x080425a8   0x080425a8   0x00000518   Code   RO         5520    i.Disp_Bat_value    user.o
    0x08042ac0   0x08042ac0   0x00000164   Code   RO         5521    i.Disp_Battery_Item  user.o
    0x08042c24   0x08042c24   0x0000000a   Code   RO         5522    i.Disp_Button_SysSet  user.o
    0x08042c2e   0x08042c2e   0x00000002   PAD
    0x08042c30   0x08042c30   0x000004b4   Code   RO         5524    i.Disp_Button_value1  user.o
    0x080430e4   0x080430e4   0x000001a8   Code   RO         5526    i.Disp_Debug_value  user.o
    0x0804328c   0x0804328c   0x0000045c   Code   RO         5527    i.Disp_Dyn_value    user.o
    0x080436e8   0x080436e8   0x000000b8   Code   RO         5528    i.Disp_Dynamic_Item  user.o
    0x080437a0   0x080437a0   0x00000054   Code   RO         6485    i.Disp_EN40         bsp_lcd.o
    0x080437f4   0x080437f4   0x00000094   Code   RO         5529    i.Disp_Fastbutton   user.o
    0x08043888   0x08043888   0x000002b4   Code   RO         5530    i.Disp_Hint         user.o
    0x08043b3c   0x08043b3c   0x000000b0   Code   RO         5531    i.Disp_Led_Item     user.o
    0x08043bec   0x08043bec   0x000001d8   Code   RO         5532    i.Disp_Led_value    user.o
    0x08043dc4   0x08043dc4   0x000000d8   Code   RO         5533    i.Disp_Limit_Item   user.o
    0x08043e9c   0x08043e9c   0x0000000c   Code   RO         5534    i.Disp_ListScreen   user.o
    0x08043ea8   0x08043ea8   0x00000054   Code   RO         5535    i.Disp_List_Delay   user.o
    0x08043efc   0x08043efc   0x0000011c   Code   RO         5536    i.Disp_List_Item    user.o
    0x08044018   0x08044018   0x00000330   Code   RO         5537    i.Disp_List_Process  user.o
    0x08044348   0x08044348   0x00000dac   Code   RO         5538    i.Disp_List_value   user.o
    0x080450f4   0x080450f4   0x00000020   Code   RO         5539    i.Disp_MidRect      user.o
    0x08045114   0x08045114   0x00000020   Code   RO         5541    i.Disp_MidRectBat   user.o
    0x08045134   0x08045134   0x000004ac   Code   RO         5542    i.Disp_NumKeyboard_Set  user.o
    0x080455e0   0x080455e0   0x0000055c   Code   RO         5543    i.Disp_Res_Sheet    user.o
    0x08045b3c   0x08045b3c   0x0000005a   Code   RO         5544    i.Disp_Set_Addr     user.o
    0x08045b96   0x08045b96   0x00000048   Code   RO         5545    i.Disp_Set_CNum     user.o
    0x08045bde   0x08045bde   0x00000048   Code   RO         5546    i.Disp_Set_Num      user.o
    0x08045c26   0x08045c26   0x00000054   Code   RO         5547    i.Disp_Set_RNum     user.o
    0x08045c7a   0x08045c7a   0x00000054   Code   RO         5548    i.Disp_Set_Step     user.o
    0x08045cce   0x08045cce   0x00000054   Code   RO         5549    i.Disp_Set_TimeMS   user.o
    0x08045d22   0x08045d22   0x00000048   Code   RO         5550    i.Disp_Set_TimeP    user.o
    0x08045d6a   0x08045d6a   0x00000054   Code   RO         5551    i.Disp_Set_TimeS    user.o
    0x08045dbe   0x08045dbe   0x00000048   Code   RO         5552    i.Disp_Set_VNum     user.o
    0x08045e06   0x08045e06   0x0000002c   Code   RO         5554    i.Disp_SysLine      user.o
    0x08045e32   0x08045e32   0x00000002   PAD
    0x08045e34   0x08045e34   0x000000a0   Code   RO         5555    i.Disp_Sys_Item     user.o
    0x08045ed4   0x08045ed4   0x0000000c   Code   RO         5556    i.Disp_Sys_Screen   user.o
    0x08045ee0   0x08045ee0   0x000005d8   Code   RO         5557    i.Disp_Sys_value    user.o
    0x080464b8   0x080464b8   0x00000010   Code   RO         5558    i.Disp_TestScreen   user.o
    0x080464c8   0x080464c8   0x0000000c   Code   RO         5559    i.Disp_TestSetScreen  user.o
    0x080464d4   0x080464d4   0x00000140   Code   RO         5561    i.Disp_Test_Item    user.o
    0x08046614   0x08046614   0x000000e8   Code   RO         5562    i.Disp_Test_Set_Item  user.o
    0x080466fc   0x080466fc   0x000005d0   Code   RO         5563    i.Disp_Test_value   user.o
    0x08046ccc   0x08046ccc   0x00000020   Code   RO         5564    i.Disp_TopBar_Color  user.o
    0x08046cec   0x08046cec   0x000001c0   Code   RO         5566    i.Disp_UserCheck_Item  user.o
    0x08046eac   0x08046eac   0x0000000c   Code   RO         5567    i.Disp_Usercheck_Screen  user.o
    0x08046eb8   0x08046eb8   0x0000002c   Code   RO         5568    i.Disp_button_CNum_time  user.o
    0x08046ee4   0x08046ee4   0x0000002c   Code   RO         5569    i.Disp_button_MSNum_time  user.o
    0x08046f10   0x08046f10   0x00000030   Code   RO         5571    i.Disp_button_Num_Step  user.o
    0x08046f40   0x08046f40   0x0000003c   Code   RO         5572    i.Disp_button_Num_time  user.o
    0x08046f7c   0x08046f7c   0x0000002c   Code   RO         5573    i.Disp_button_PNum_time  user.o
    0x08046fa8   0x08046fa8   0x0000002c   Code   RO         5574    i.Disp_button_RNum_time  user.o
    0x08046fd4   0x08046fd4   0x0000002c   Code   RO         5575    i.Disp_button_SNum_time  user.o
    0x08047000   0x08047000   0x0000002c   Code   RO         5576    i.Disp_button_VNum_time  user.o
    0x0804702c   0x0804702c   0x000000d4   Code   RO         5577    i.Disp_dateandtime  user.o
    0x08047100   0x08047100   0x00000144   Code   RO         5578    i.Dynamic_Disp      user.o
    0x08047244   0x08047244   0x00000558   Code   RO         6064    i.Dynamic_Process   test.o
    0x0804779c   0x0804779c   0x00000016   Code   RO         5287    i.EXTI15_10_IRQHandler  stm32f4xx_it.o
    0x080477b2   0x080477b2   0x00000002   PAD
    0x080477b4   0x080477b4   0x00000068   Code   RO         5288    i.EXTI3_IRQHandler  stm32f4xx_it.o
    0x0804781c   0x0804781c   0x0000000c   Code   RO         1485    i.EXTI_ClearITPendingBit  stm32f4xx_exti.o
    0x08047828   0x08047828   0x00000018   Code   RO         1489    i.EXTI_GetITStatus  stm32f4xx_exti.o
    0x08047840   0x08047840   0x00000094   Code   RO         1490    i.EXTI_Init         stm32f4xx_exti.o
    0x080478d4   0x080478d4   0x000008a8   Code   RO         6396    i.Encoder_Process   keyboard.o
    0x0804817c   0x0804817c   0x00000048   Code   RO         1844    i.FMC_GetFlagStatus  stm32f4xx_fmc.o
    0x080481c4   0x080481c4   0x00000020   Code   RO         1861    i.FMC_SDRAMCmdConfig  stm32f4xx_fmc.o
    0x080481e4   0x080481e4   0x00000144   Code   RO         1863    i.FMC_SDRAMInit     stm32f4xx_fmc.o
    0x08048328   0x08048328   0x00000018   Code   RO         1867    i.FMC_SetRefreshCount  stm32f4xx_fmc.o
    0x08048340   0x08048340   0x00000084   Code   RO         6222    i.GPIO_Configuration  gpio.o
    0x080483c4   0x080483c4   0x00000090   Code   RO         2046    i.GPIO_Init         stm32f4xx_gpio.o
    0x08048454   0x08048454   0x00000046   Code   RO         2047    i.GPIO_PinAFConfig  stm32f4xx_gpio.o
    0x0804849a   0x0804849a   0x00000012   Code   RO         2050    i.GPIO_ReadInputDataBit  stm32f4xx_gpio.o
    0x080484ac   0x080484ac   0x00000004   Code   RO         2053    i.GPIO_ResetBits    stm32f4xx_gpio.o
    0x080484b0   0x080484b0   0x00000004   Code   RO         2054    i.GPIO_SetBits      stm32f4xx_gpio.o
    0x080484b4   0x080484b4   0x00000012   Code   RO         2055    i.GPIO_StructInit   stm32f4xx_gpio.o
    0x080484c6   0x080484c6   0x00000002   PAD
    0x080484c8   0x080484c8   0x00000020   Code   RO         6882    i.GetASCIICode      fonts.o
    0x080484e8   0x080484e8   0x00000014   Code   RO         5465    i.GetSoftTimerOut   pbdata.o
    0x080484fc   0x080484fc   0x0000000a   Code   RO         8450    i.HCD_GetCurrentFrame  usb_hcd.o
    0x08048506   0x08048506   0x00000014   Code   RO         8451    i.HCD_GetCurrentSpeed  usb_hcd.o
    0x0804851a   0x0804851a   0x0000000a   Code   RO         8453    i.HCD_GetURB_State  usb_hcd.o
    0x08048524   0x08048524   0x0000000c   Code   RO         8454    i.HCD_GetXferCnt    usb_hcd.o
    0x08048530   0x08048530   0x00000060   Code   RO         8456    i.HCD_Init          usb_hcd.o
    0x08048590   0x08048590   0x00000008   Code   RO         8457    i.HCD_IsDeviceConnected  usb_hcd.o
    0x08048598   0x08048598   0x0000000e   Code   RO         8458    i.HCD_ResetPort     usb_hcd.o
    0x080485a6   0x080485a6   0x00000020   Code   RO         8459    i.HCD_SubmitRequest  usb_hcd.o
    0x080485c6   0x080485c6   0x0000002a   Code   RO         7152    i.HSNVIC_Configuration  bsp_debug_usart.o
    0x080485f0   0x080485f0   0x000000c0   Code   RO         7153    i.HS_USART_Config   bsp_debug_usart.o
    0x080486b0   0x080486b0   0x00000100   Code   RO         7154    i.HS_USART_DMA_INIT  bsp_debug_usart.o
    0x080487b0   0x080487b0   0x00000004   Code   RO         5289    i.HardFault_Handler  stm32f4xx_it.o
    0x080487b4   0x080487b4   0x0000007a   Code   RO         7155    i.Hardware_CRC      bsp_debug_usart.o
    0x0804882e   0x0804882e   0x00000002   PAD
    0x08048830   0x08048830   0x000000c4   Code   RO         5579    i.Hex_Format        user.o
    0x080488f4   0x080488f4   0x000000e4   Code   RO         7156    i.HostParaProc      bsp_debug_usart.o
    0x080489d8   0x080489d8   0x00000064   Code   RO         7157    i.I_Gear_SW         bsp_debug_usart.o
    0x08048a3c   0x08048a3c   0x000002cc   Code   RO         6399    i.Key_Identiry      keyboard.o
    0x08048d08   0x08048d08   0x00000020   Code   RO         6400    i.Key_Read          keyboard.o
    0x08048d28   0x08048d28   0x00000028   Code   RO         6401    i.Key_Read_WithTimeOut  keyboard.o
    0x08048d50   0x08048d50   0x000000c4   Code   RO         6402    i.Key_Scan          keyboard.o
    0x08048e14   0x08048e14   0x00000018   Code   RO         6223    i.Key_beep          gpio.o
    0x08048e2c   0x08048e2c   0x00000114   Code   RO         6403    i.Keyboard_Init     keyboard.o
    0x08048f40   0x08048f40   0x0000009c   Code   RO         6489    i.LCD429_PutPixel   bsp_lcd.o
    0x08048fdc   0x08048fdc   0x00000068   Code   RO         6490    i.LCD_Clear         bsp_lcd.o
    0x08049044   0x08049044   0x0000014c   Code   RO         6507    i.LCD_DrawFullRect  bsp_lcd.o
    0x08049190   0x08049190   0x0000010c   Code   RO         6508    i.LCD_DrawLine      bsp_lcd.o
    0x0804929c   0x0804929c   0x0000011e   Code   RO         6511    i.LCD_DrawUniLine   bsp_lcd.o
    0x080493ba   0x080493ba   0x00000128   Code   RO         6513    i.LCD_FillTriangle  bsp_lcd.o
    0x080494e2   0x080494e2   0x00000002   PAD
    0x080494e4   0x080494e4   0x0000030c   Code   RO         6514    i.LCD_GPIO_Config   bsp_lcd.o
    0x080497f0   0x080497f0   0x00000086   Code   RO         6517    i.LCD_Init          bsp_lcd.o
    0x08049876   0x08049876   0x00000002   PAD
    0x08049878   0x08049878   0x00000088   Code   RO         6518    i.LCD_LayerInit     bsp_lcd.o
    0x08049900   0x08049900   0x00000014   Code   RO         6526    i.LCD_SetColors     bsp_lcd.o
    0x08049914   0x08049914   0x0000000c   Code   RO         6529    i.LCD_SetFont       bsp_lcd.o
    0x08049920   0x08049920   0x0000002c   Code   RO         6530    i.LCD_SetLayer      bsp_lcd.o
    0x0804994c   0x0804994c   0x0000000c   Code   RO         6531    i.LCD_SetTextColor  bsp_lcd.o
    0x08049958   0x08049958   0x00000030   Code   RO         6532    i.LCD_SetTransparency  bsp_lcd.o
    0x08049988   0x08049988   0x000000ec   Code   RO         6533    i.LCD_ShowFontCN_16  bsp_lcd.o
    0x08049a74   0x08049a74   0x0000008c   Code   RO         6534    i.LCD_ShowFontCN_40_55  bsp_lcd.o
    0x08049b00   0x08049b00   0x00000024   Code   RO         2620    i.LTDC_Cmd          stm32f4xx_ltdc.o
    0x08049b24   0x08049b24   0x00000188   Code   RO         2631    i.LTDC_Init         stm32f4xx_ltdc.o
    0x08049cac   0x08049cac   0x00000004   Code   RO         2634    i.LTDC_LayerAlpha   stm32f4xx_ltdc.o
    0x08049cb0   0x08049cb0   0x00000016   Code   RO         2635    i.LTDC_LayerCmd     stm32f4xx_ltdc.o
    0x08049cc6   0x08049cc6   0x00000114   Code   RO         2636    i.LTDC_LayerInit    stm32f4xx_ltdc.o
    0x08049dda   0x08049dda   0x00000002   PAD
    0x08049ddc   0x08049ddc   0x0000000c   Code   RO         2643    i.LTDC_ReloadConfig  stm32f4xx_ltdc.o
    0x08049de8   0x08049de8   0x00000284   Code   RO         6066    i.Led_Process       test.o
    0x0804a06c   0x0804a06c   0x00000488   Code   RO         6067    i.Limit_Process     test.o
    0x0804a4f4   0x0804a4f4   0x00000048   Code   RO         5290    i.ListBeep          stm32f4xx_it.o
    0x0804a53c   0x0804a53c   0x000001a8   Code   RO         5291    i.ListComp          stm32f4xx_it.o
    0x0804a6e4   0x0804a6e4   0x00000040   Code   RO         6225    i.ListCompBeep      gpio.o
    0x0804a724   0x0804a724   0x00000d80   Code   RO         6068    i.List_Process      test.o
    0x0804b4a4   0x0804b4a4   0x00000098   Code   RO         6069    i.LockProcess       test.o
    0x0804b53c   0x0804b53c   0x00000004   Code   RO         5292    i.MemManage_Handler  stm32f4xx_it.o
    0x0804b540   0x0804b540   0x000000d0   Code   RO         5581    i.MissConDisp       user.o
    0x0804b610   0x0804b610   0x00000064   Code   RO         7159    i.Mode_SW           bsp_debug_usart.o
    0x0804b674   0x0804b674   0x00000002   Code   RO         5293    i.NMI_Handler       stm32f4xx_it.o
    0x0804b676   0x0804b676   0x00000028   Code   RO         7160    i.NVIC_Configuration  bsp_debug_usart.o
    0x0804b69e   0x0804b69e   0x00000002   PAD
    0x0804b6a0   0x0804b6a0   0x00000078   Code   RO          164    i.NVIC_Init         misc.o
    0x0804b718   0x0804b718   0x00000014   Code   RO          165    i.NVIC_PriorityGroupConfig  misc.o
    0x0804b72c   0x0804b72c   0x00000014   Code   RO          166    i.NVIC_SetVectorTable  misc.o
    0x0804b740   0x0804b740   0x00000010   Code   RO         5294    i.OTG_HS_IRQHandler  stm32f4xx_it.o
    0x0804b750   0x0804b750   0x0000005c   Code   RO         7161    i.OnOff_SW          bsp_debug_usart.o
    0x0804b7ac   0x0804b7ac   0x0000000c   Code   RO         2813    i.PWR_BackupAccessCmd  stm32f4xx_pwr.o
    0x0804b7b8   0x0804b7b8   0x00000ae0   Code   RO         6071    i.Para_Set_Comp     test.o
    0x0804c298   0x0804c298   0x00000002   Code   RO         5295    i.PendSV_Handler    stm32f4xx_it.o
    0x0804c29a   0x0804c29a   0x00000002   PAD
    0x0804c29c   0x0804c29c   0x00000174   Code   RO         6072    i.Power_Process     test.o
    0x0804c410   0x0804c410   0x00000060   Code   RO         6539    i.PutChar           bsp_lcd.o
    0x0804c470   0x0804c470   0x00000030   Code   RO         6540    i.PutPixel          bsp_lcd.o
    0x0804c4a0   0x0804c4a0   0x00000020   Code   RO         2960    i.RCC_AHB1PeriphClockCmd  stm32f4xx_rcc.o
    0x0804c4c0   0x0804c4c0   0x00000020   Code   RO         2962    i.RCC_AHB1PeriphResetCmd  stm32f4xx_rcc.o
    0x0804c4e0   0x0804c4e0   0x00000020   Code   RO         2966    i.RCC_AHB3PeriphClockCmd  stm32f4xx_rcc.o
    0x0804c500   0x0804c500   0x00000020   Code   RO         2969    i.RCC_APB1PeriphClockCmd  stm32f4xx_rcc.o
    0x0804c520   0x0804c520   0x00000020   Code   RO         2971    i.RCC_APB1PeriphResetCmd  stm32f4xx_rcc.o
    0x0804c540   0x0804c540   0x00000020   Code   RO         2972    i.RCC_APB2PeriphClockCmd  stm32f4xx_rcc.o
    0x0804c560   0x0804c560   0x00000020   Code   RO         2974    i.RCC_APB2PeriphResetCmd  stm32f4xx_rcc.o
    0x0804c580   0x0804c580   0x000000e8   Code   RO         2981    i.RCC_GetClocksFreq  stm32f4xx_rcc.o
    0x0804c668   0x0804c668   0x00000040   Code   RO         2982    i.RCC_GetFlagStatus  stm32f4xx_rcc.o
    0x0804c6a8   0x0804c6a8   0x0000002c   Code   RO         2990    i.RCC_LSEConfig     stm32f4xx_rcc.o
    0x0804c6d4   0x0804c6d4   0x00000018   Code   RO         2993    i.RCC_LTDCCLKDivConfig  stm32f4xx_rcc.o
    0x0804c6ec   0x0804c6ec   0x0000000c   Code   RO         3002    i.RCC_PLLSAICmd     stm32f4xx_rcc.o
    0x0804c6f8   0x0804c6f8   0x00000018   Code   RO         3003    i.RCC_PLLSAIConfig  stm32f4xx_rcc.o
    0x0804c710   0x0804c710   0x0000000c   Code   RO         3004    i.RCC_RTCCLKCmd     stm32f4xx_rcc.o
    0x0804c71c   0x0804c71c   0x0000003c   Code   RO         3005    i.RCC_RTCCLKConfig  stm32f4xx_rcc.o
    0x0804c758   0x0804c758   0x0000005c   Code   RO         6073    i.READ_COMP         test.o
    0x0804c7b4   0x0804c7b4   0x00000016   Code   RO         3367    i.RTC_Bcd2ToByte    stm32f4xx_rtc.o
    0x0804c7ca   0x0804c7ca   0x0000001c   Code   RO         3369    i.RTC_ByteToBcd2    stm32f4xx_rtc.o
    0x0804c7e6   0x0804c7e6   0x00000002   PAD
    0x0804c7e8   0x0804c7e8   0x0000006c   Code   RO         7568    i.RTC_CLK_Config    bsp_rtc.o
    0x0804c854   0x0804c854   0x0000001c   Code   RO         3372    i.RTC_ClearFlag     stm32f4xx_rtc.o
    0x0804c870   0x0804c870   0x00000020   Code   RO         3373    i.RTC_ClearITPendingBit  stm32f4xx_rtc.o
    0x0804c890   0x0804c890   0x00000050   Code   RO         3379    i.RTC_EnterInitMode  stm32f4xx_rtc.o
    0x0804c8e0   0x0804c8e0   0x00000014   Code   RO         3380    i.RTC_ExitInitMode  stm32f4xx_rtc.o
    0x0804c8f4   0x0804c8f4   0x0000004c   Code   RO         3383    i.RTC_GetDate       stm32f4xx_rtc.o
    0x0804c940   0x0804c940   0x00000028   Code   RO         3384    i.RTC_GetFlagStatus  stm32f4xx_rtc.o
    0x0804c968   0x0804c968   0x00000050   Code   RO         3388    i.RTC_GetTime       stm32f4xx_rtc.o
    0x0804c9b8   0x0804c9b8   0x00000064   Code   RO         3392    i.RTC_ITConfig      stm32f4xx_rtc.o
    0x0804ca1c   0x0804ca1c   0x00000064   Code   RO         3393    i.RTC_Init          stm32f4xx_rtc.o
    0x0804ca80   0x0804ca80   0x00000020   Code   RO         3396    i.RTC_ReadBackupRegister  stm32f4xx_rtc.o
    0x0804caa0   0x0804caa0   0x000000c8   Code   RO         3399    i.RTC_SetDate       stm32f4xx_rtc.o
    0x0804cb68   0x0804cb68   0x000000d0   Code   RO         3400    i.RTC_SetTime       stm32f4xx_rtc.o
    0x0804cc38   0x0804cc38   0x0000001c   Code   RO         3401    i.RTC_SetWakeUpCounter  stm32f4xx_rtc.o
    0x0804cc54   0x0804cc54   0x00000072   Code   RO         7570    i.RTC_Set_WakeUp    bsp_rtc.o
    0x0804ccc6   0x0804ccc6   0x00000050   Code   RO         7571    i.RTC_TimeAndDate_Set  bsp_rtc.o
    0x0804cd16   0x0804cd16   0x00000002   PAD
    0x0804cd18   0x0804cd18   0x00000028   Code   RO         7573    i.RTC_WKUP_IRQHandler  bsp_rtc.o
    0x0804cd40   0x0804cd40   0x00000060   Code   RO         3416    i.RTC_WaitForSynchro  stm32f4xx_rtc.o
    0x0804cda0   0x0804cda0   0x00000030   Code   RO         3417    i.RTC_WakeUpClockConfig  stm32f4xx_rtc.o
    0x0804cdd0   0x0804cdd0   0x00000078   Code   RO         3418    i.RTC_WakeUpCmd     stm32f4xx_rtc.o
    0x0804ce48   0x0804ce48   0x0000001c   Code   RO         3419    i.RTC_WriteBackupRegister  stm32f4xx_rtc.o
    0x0804ce64   0x0804ce64   0x0000004c   Code   RO         7163    i.ReadData          bsp_debug_usart.o
    0x0804ceb0   0x0804ceb0   0x0000001c   Code   RO         7535    i.Read_set_flash    flash_eerom.o
    0x0804cecc   0x0804cecc   0x000004f0   Code   RO         7165    i.Rec3_Handle       bsp_debug_usart.o
    0x0804d3bc   0x0804d3bc   0x00000254   Code   RO         7166    i.Rec_Handle        bsp_debug_usart.o
    0x0804d610   0x0804d610   0x000003a8   Code   RO         7047    i.SDRAM_GPIO_Config  bsp_sdram.o
    0x0804d9b8   0x0804d9b8   0x00000064   Code   RO         7048    i.SDRAM_Init        bsp_sdram.o
    0x0804da1c   0x0804da1c   0x000000c8   Code   RO         7049    i.SDRAM_InitSequence  bsp_sdram.o
    0x0804dae4   0x0804dae4   0x00000024   Code   RO         7053    i.SDRAM_delay       bsp_sdram.o
    0x0804db08   0x0804db08   0x00000018   Code   RO         4115    i.SPI_Cmd           stm32f4xx_spi.o
    0x0804db20   0x0804db20   0x00000050   Code   RO         6926    i.SPI_FLASH_BufferRead  bsp_spi_flash.o
    0x0804db70   0x0804db70   0x00000122   Code   RO         6927    i.SPI_FLASH_BufferWrite  bsp_spi_flash.o
    0x0804dc92   0x0804dc92   0x00000002   PAD
    0x0804dc94   0x0804dc94   0x000000dc   Code   RO         6929    i.SPI_FLASH_Init    bsp_spi_flash.o
    0x0804dd70   0x0804dd70   0x00000098   Code   RO         6930    i.SPI_FLASH_PageWrite  bsp_spi_flash.o
    0x0804de08   0x0804de08   0x00000040   Code   RO         6934    i.SPI_FLASH_SectorErase  bsp_spi_flash.o
    0x0804de48   0x0804de48   0x00000078   Code   RO         6935    i.SPI_FLASH_SendByte  bsp_spi_flash.o
    0x0804dec0   0x0804dec0   0x00000054   Code   RO         6938    i.SPI_FLASH_WaitForWriteEnd  bsp_spi_flash.o
    0x0804df14   0x0804df14   0x0000001c   Code   RO         6939    i.SPI_FLASH_WriteEnable  bsp_spi_flash.o
    0x0804df30   0x0804df30   0x00000012   Code   RO         4123    i.SPI_I2S_GetFlagStatus  stm32f4xx_spi.o
    0x0804df42   0x0804df42   0x00000006   Code   RO         4126    i.SPI_I2S_ReceiveData  stm32f4xx_spi.o
    0x0804df48   0x0804df48   0x00000004   Code   RO         4127    i.SPI_I2S_SendData  stm32f4xx_spi.o
    0x0804df4c   0x0804df4c   0x0000003c   Code   RO         4128    i.SPI_Init          stm32f4xx_spi.o
    0x0804df88   0x0804df88   0x00000040   Code   RO         6942    i.SPI_TIMEOUT_UserCallback  bsp_spi_flash.o
    0x0804dfc8   0x0804dfc8   0x00000002   Code   RO         5296    i.SVC_Handler       stm32f4xx_it.o
    0x0804dfca   0x0804dfca   0x00000002   PAD
    0x0804dfcc   0x0804dfcc   0x00000064   Code   RO         7167    i.Sence_SW          bsp_debug_usart.o
    0x0804e030   0x0804e030   0x00000180   Code   RO         7169    i.SetSlavePara      bsp_debug_usart.o
    0x0804e1b0   0x0804e1b0   0x0000000c   Code   RO         5466    i.SetSoftTimer      pbdata.o
    0x0804e1bc   0x0804e1bc   0x00000120   Code   RO           13    i.SetSysClock       system_stm32f4xx.o
    0x0804e2dc   0x0804e2dc   0x00000064   Code   RO         7171    i.Set_Baudrate      bsp_debug_usart.o
    0x0804e340   0x0804e340   0x00000064   Code   RO         7172    i.Set_Comm          bsp_debug_usart.o
    0x0804e3a4   0x0804e3a4   0x000000d0   Code   RO         7173    i.Set_Dac           bsp_debug_usart.o
    0x0804e474   0x0804e474   0x00000f7c   Code   RO         7174    i.Set_Para          bsp_debug_usart.o
    0x0804f3f0   0x0804f3f0   0x00000624   Code   RO         6074    i.Setup_Process     test.o
    0x0804fa14   0x0804fa14   0x000000c4   Code   RO         5584    i.SlaveDataProc     user.o
    0x0804fad8   0x0804fad8   0x00000074   Code   RO         7175    i.SlaveOnOff        bsp_debug_usart.o
    0x0804fb4c   0x0804fb4c   0x000000c4   Code   RO         6404    i.Spin_Init         keyboard.o
    0x0804fc10   0x0804fc10   0x0000001c   Code   RO         7536    i.Store_set_flash   flash_eerom.o
    0x0804fc2c   0x0804fc2c   0x00000010   Code   RO         6237    i.SwitchLedOff      gpio.o
    0x0804fc3c   0x0804fc3c   0x00000010   Code   RO         6238    i.SwitchLedOn       gpio.o
    0x0804fc4c   0x0804fc4c   0x0000003c   Code   RO         5297    i.SysTick_Handler   stm32f4xx_it.o
    0x0804fc88   0x0804fc88   0x00000068   Code   RO         7441    i.SysTick_Init      bsp_systick.o
    0x0804fcf0   0x0804fcf0   0x0000006c   Code   RO           15    i.SystemInit        system_stm32f4xx.o
    0x0804fd5c   0x0804fd5c   0x0000003a   Code   RO         4337    i.TI1_Config        stm32f4xx_tim.o
    0x0804fd96   0x0804fd96   0x00000050   Code   RO         4338    i.TI2_Config        stm32f4xx_tim.o
    0x0804fde6   0x0804fde6   0x00000048   Code   RO         4339    i.TI3_Config        stm32f4xx_tim.o
    0x0804fe2e   0x0804fe2e   0x00000050   Code   RO         4340    i.TI4_Config        stm32f4xx_tim.o
    0x0804fe7e   0x0804fe7e   0x00000008   Code   RO         5298    i.TIM2_IRQHandler   stm32f4xx_it.o
    0x0804fe86   0x0804fe86   0x0000000c   Code   RO         7105    i.TIM6_Configuration  bsp_basic_tim.o
    0x0804fe92   0x0804fe92   0x00000002   PAD
    0x0804fe94   0x0804fe94   0x00000624   Code   RO         5299    i.TIM6_DAC_IRQHandler  stm32f4xx_it.o
    0x080504b8   0x080504b8   0x0000002a   Code   RO         7106    i.TIM6_NVIC_Configuration  bsp_basic_tim.o
    0x080504e2   0x080504e2   0x00000018   Code   RO         4341    i.TIM_ARRPreloadConfig  stm32f4xx_tim.o
    0x080504fa   0x080504fa   0x00000006   Code   RO         4347    i.TIM_ClearFlag     stm32f4xx_tim.o
    0x08050500   0x08050500   0x00000006   Code   RO         4348    i.TIM_ClearITPendingBit  stm32f4xx_tim.o
    0x08050506   0x08050506   0x00000018   Code   RO         4353    i.TIM_Cmd           stm32f4xx_tim.o
    0x0805051e   0x0805051e   0x00000002   PAD
    0x08050520   0x08050520   0x00000190   Code   RO         4358    i.TIM_DeInit        stm32f4xx_tim.o
    0x080506b0   0x080506b0   0x00000042   Code   RO         4362    i.TIM_EncoderInterfaceConfig  stm32f4xx_tim.o
    0x080506f2   0x080506f2   0x00000022   Code   RO         4374    i.TIM_GetITStatus   stm32f4xx_tim.o
    0x08050714   0x08050714   0x0000006e   Code   RO         4376    i.TIM_ICInit        stm32f4xx_tim.o
    0x08050782   0x08050782   0x00000012   Code   RO         4377    i.TIM_ICStructInit  stm32f4xx_tim.o
    0x08050794   0x08050794   0x00000012   Code   RO         4378    i.TIM_ITConfig      stm32f4xx_tim.o
    0x080507a6   0x080507a6   0x00000002   PAD
    0x080507a8   0x080507a8   0x00000040   Code   RO         7107    i.TIM_Mode_Config   bsp_basic_tim.o
    0x080507e8   0x080507e8   0x00000012   Code   RO         4420    i.TIM_SetIC1Prescaler  stm32f4xx_tim.o
    0x080507fa   0x080507fa   0x0000001a   Code   RO         4421    i.TIM_SetIC2Prescaler  stm32f4xx_tim.o
    0x08050814   0x08050814   0x00000012   Code   RO         4422    i.TIM_SetIC3Prescaler  stm32f4xx_tim.o
    0x08050826   0x08050826   0x0000001a   Code   RO         4423    i.TIM_SetIC4Prescaler  stm32f4xx_tim.o
    0x08050840   0x08050840   0x00000084   Code   RO         4425    i.TIM_TimeBaseInit  stm32f4xx_tim.o
    0x080508c4   0x080508c4   0x00000012   Code   RO         4426    i.TIM_TimeBaseStructInit  stm32f4xx_tim.o
    0x080508d6   0x080508d6   0x00000002   PAD
    0x080508d8   0x080508d8   0x00000024   Code   RO         6075    i.Test_Beep         test.o
    0x080508fc   0x080508fc   0x00000200   Code   RO         6076    i.Test_Comp         test.o
    0x08050afc   0x08050afc   0x00000258   Code   RO         5587    i.Test_Disp         user.o
    0x08050d54   0x08050d54   0x000006ec   Code   RO         6077    i.Test_Process      test.o
    0x08051440   0x08051440   0x00000018   Code   RO         7442    i.TimingDelay_Decrement  bsp_systick.o
    0x08051458   0x08051458   0x00000078   Code   RO         5300    i.USART1_IRQHandler  stm32f4xx_it.o
    0x080514d0   0x080514d0   0x00000078   Code   RO         5301    i.USART3_IRQHandler  stm32f4xx_it.o
    0x08051548   0x08051548   0x00000018   Code   RO         4907    i.USART_Cmd         stm32f4xx_usart.o
    0x08051560   0x08051560   0x00000012   Code   RO         4908    i.USART_DMACmd      stm32f4xx_usart.o
    0x08051572   0x08051572   0x0000001a   Code   RO         4910    i.USART_GetFlagStatus  stm32f4xx_usart.o
    0x0805158c   0x0805158c   0x00000054   Code   RO         4911    i.USART_GetITStatus  stm32f4xx_usart.o
    0x080515e0   0x080515e0   0x0000004a   Code   RO         4913    i.USART_ITConfig    stm32f4xx_usart.o
    0x0805162a   0x0805162a   0x00000002   PAD
    0x0805162c   0x0805162c   0x000000d4   Code   RO         4914    i.USART_Init        stm32f4xx_usart.o
    0x08051700   0x08051700   0x00000008   Code   RO         4924    i.USART_SendData    stm32f4xx_usart.o
    0x08051708   0x08051708   0x00000026   Code   RO         8801    i.USBH_Alloc_Channel  usbh_hcs.o
    0x0805172e   0x0805172e   0x00000060   Code   RO         8854    i.USBH_BulkReceiveData  usbh_ioreq.o
    0x0805178e   0x0805178e   0x0000005e   Code   RO         8855    i.USBH_BulkSendData  usbh_ioreq.o
    0x080517ec   0x080517ec   0x0000004c   Code   RO         8937    i.USBH_ClrFeature   usbh_stdreq.o
    0x08051838   0x08051838   0x0000000c   Code   RO         8721    i.USBH_Connected    usbh_core.o
    0x08051844   0x08051844   0x00000046   Code   RO         8856    i.USBH_CtlReceiveData  usbh_ioreq.o
    0x0805188a   0x0805188a   0x00000064   Code   RO         8857    i.USBH_CtlReq       usbh_ioreq.o
    0x080518ee   0x080518ee   0x0000006e   Code   RO         8858    i.USBH_CtlSendData  usbh_ioreq.o
    0x0805195c   0x0805195c   0x00000042   Code   RO         8859    i.USBH_CtlSendSetup  usbh_ioreq.o
    0x0805199e   0x0805199e   0x0000001c   Code   RO         8802    i.USBH_DeAllocate_AllChannel  usbh_hcs.o
    0x080519ba   0x080519ba   0x0000003a   Code   RO         8722    i.USBH_DeInit       usbh_core.o
    0x080519f4   0x080519f4   0x0000000c   Code   RO         8723    i.USBH_Disconnected  usbh_core.o
    0x08051a00   0x08051a00   0x0000002e   Code   RO         8724    i.USBH_ErrorHandle  usbh_core.o
    0x08051a2e   0x08051a2e   0x0000001e   Code   RO         8803    i.USBH_Free_Channel  usbh_hcs.o
    0x08051a4c   0x08051a4c   0x00000044   Code   RO         8938    i.USBH_GetDescriptor  usbh_stdreq.o
    0x08051a90   0x08051a90   0x00000028   Code   RO         8804    i.USBH_GetFreeChannel  usbh_hcs.o
    0x08051ab8   0x08051ab8   0x00000012   Code   RO         8939    i.USBH_GetNextDesc  usbh_stdreq.o
    0x08051aca   0x08051aca   0x00000002   PAD
    0x08051acc   0x08051acc   0x0000005c   Code   RO         8940    i.USBH_Get_CfgDesc  usbh_stdreq.o
    0x08051b28   0x08051b28   0x00000038   Code   RO         8941    i.USBH_Get_DevDesc  usbh_stdreq.o
    0x08051b60   0x08051b60   0x0000003c   Code   RO         8942    i.USBH_Get_StringDesc  usbh_stdreq.o
    0x08051b9c   0x08051b9c   0x00000224   Code   RO         8725    i.USBH_HandleControl  usbh_core.o
    0x08051dc0   0x08051dc0   0x000001dc   Code   RO         8726    i.USBH_HandleEnum   usbh_core.o
    0x08051f9c   0x08051f9c   0x00000044   Code   RO         8727    i.USBH_Init         usbh_core.o
    0x08051fe0   0x08051fe0   0x00000024   Code   RO         9090    i.USBH_MSC_BOTReset  usbh_msc_core.o
    0x08052004   0x08052004   0x00000060   Code   RO         9041    i.USBH_MSC_BOT_Abort  usbh_msc_bot.o
    0x08052064   0x08052064   0x00000014   Code   RO         9091    i.USBH_MSC_ClassRequest  usbh_msc_core.o
    0x08052078   0x08052078   0x00000080   Code   RO         9042    i.USBH_MSC_DecodeCSW  usbh_msc_bot.o
    0x080520f8   0x080520f8   0x00000044   Code   RO         9092    i.USBH_MSC_ErrorHandle  usbh_msc_core.o
    0x0805213c   0x0805213c   0x0000002c   Code   RO         9093    i.USBH_MSC_GETMaxLUN  usbh_msc_core.o
    0x08052168   0x08052168   0x000001a8   Code   RO         9094    i.USBH_MSC_Handle   usbh_msc_core.o
    0x08052310   0x08052310   0x00000350   Code   RO         9043    i.USBH_MSC_HandleBOTXfer  usbh_msc_bot.o
    0x08052660   0x08052660   0x00000044   Code   RO         9044    i.USBH_MSC_Init     usbh_msc_bot.o
    0x080526a4   0x080526a4   0x0000004c   Code   RO         9095    i.USBH_MSC_InterfaceDeInit  usbh_msc_core.o
    0x080526f0   0x080526f0   0x000000d0   Code   RO         9096    i.USBH_MSC_InterfaceInit  usbh_msc_core.o
    0x080527c0   0x080527c0   0x000000d0   Code   RO         9151    i.USBH_MSC_ModeSense6  usbh_msc_scsi.o
    0x08052890   0x08052890   0x000000dc   Code   RO         9153    i.USBH_MSC_ReadCapacity10  usbh_msc_scsi.o
    0x0805296c   0x0805296c   0x000000e0   Code   RO         9154    i.USBH_MSC_RequestSense  usbh_msc_scsi.o
    0x08052a4c   0x08052a4c   0x000000b0   Code   RO         9155    i.USBH_MSC_TestUnitReady  usbh_msc_scsi.o
    0x08052afc   0x08052afc   0x00000064   Code   RO         8805    i.USBH_Modify_Channel  usbh_hcs.o
    0x08052b60   0x08052b60   0x000000a8   Code   RO         8376    i.USBH_OTG_ISR_Handler  usb_hcd_int.o
    0x08052c08   0x08052c08   0x0000009a   Code   RO         8806    i.USBH_Open_Channel  usbh_hcs.o
    0x08052ca2   0x08052ca2   0x00000002   PAD
    0x08052ca4   0x08052ca4   0x0000011c   Code   RO         8943    i.USBH_ParseCfgDesc  usbh_stdreq.o
    0x08052dc0   0x08052dc0   0x00000058   Code   RO         8944    i.USBH_ParseDevDesc  usbh_stdreq.o
    0x08052e18   0x08052e18   0x00000020   Code   RO         8945    i.USBH_ParseEPDesc  usbh_stdreq.o
    0x08052e38   0x08052e38   0x00000026   Code   RO         8946    i.USBH_ParseInterfaceDesc  usbh_stdreq.o
    0x08052e5e   0x08052e5e   0x00000036   Code   RO         8947    i.USBH_ParseStringDesc  usbh_stdreq.o
    0x08052e94   0x08052e94   0x00000198   Code   RO         8728    i.USBH_Process      usbh_core.o
    0x0805302c   0x0805302c   0x00000006   Code   RO         8729    i.USBH_SOF          usbh_core.o
    0x08053032   0x08053032   0x00000026   Code   RO         8948    i.USBH_SetAddress   usbh_stdreq.o
    0x08053058   0x08053058   0x00000026   Code   RO         8949    i.USBH_SetCfg       usbh_stdreq.o
    0x0805307e   0x0805307e   0x00000018   Code   RO         8864    i.USBH_SubmitSetupRequest  usbh_ioreq.o
    0x08053096   0x08053096   0x0000001c   Code   RO         8193    i.USBH_USR_Configuration_DescAvailable  usbh_usr.o
    0x080530b2   0x080530b2   0x00000002   Code   RO         8194    i.USBH_USR_DeInit   usbh_usr.o
    0x080530b4   0x080530b4   0x00000002   Code   RO         8195    i.USBH_USR_DeviceAddressAssigned  usbh_usr.o
    0x080530b6   0x080530b6   0x00000002   PAD
    0x080530b8   0x080530b8   0x00000014   Code   RO         8196    i.USBH_USR_DeviceAttached  usbh_usr.o
    0x080530cc   0x080530cc   0x00000018   Code   RO         8197    i.USBH_USR_DeviceDisconnected  usbh_usr.o
    0x080530e4   0x080530e4   0x00000006   Code   RO         8198    i.USBH_USR_DeviceNotSupported  usbh_usr.o
    0x080530ea   0x080530ea   0x0000001c   Code   RO         8199    i.USBH_USR_DeviceSpeedDetected  usbh_usr.o
    0x08053106   0x08053106   0x0000000c   Code   RO         8200    i.USBH_USR_Device_DescAvailable  usbh_usr.o
    0x08053112   0x08053112   0x00000006   Code   RO         8201    i.USBH_USR_EnumerationDone  usbh_usr.o
    0x08053118   0x08053118   0x00000020   Code   RO         8202    i.USBH_USR_Init     usbh_usr.o
    0x08053138   0x08053138   0x00000004   Code   RO         8203    i.USBH_USR_MSC_Application  usbh_usr.o
    0x0805313c   0x0805313c   0x00000006   Code   RO         8204    i.USBH_USR_Manufacturer_String  usbh_usr.o
    0x08053142   0x08053142   0x00000006   Code   RO         8205    i.USBH_USR_OverCurrentDetected  usbh_usr.o
    0x08053148   0x08053148   0x00000006   Code   RO         8206    i.USBH_USR_Product_String  usbh_usr.o
    0x0805314e   0x0805314e   0x00000006   Code   RO         8207    i.USBH_USR_ResetDevice  usbh_usr.o
    0x08053154   0x08053154   0x00000006   Code   RO         8208    i.USBH_USR_SerialNum_String  usbh_usr.o
    0x0805315a   0x0805315a   0x00000006   Code   RO         8209    i.USBH_USR_UnrecoveredError  usbh_usr.o
    0x08053160   0x08053160   0x00000004   Code   RO         8210    i.USBH_USR_UserInput  usbh_usr.o
    0x08053164   0x08053164   0x00000024   Code   RO         8117    i.USB_OTG_BSP_ConfigVBUS  usb_bsp.o
    0x08053188   0x08053188   0x00000002   Code   RO         8118    i.USB_OTG_BSP_DriveVBUS  usb_bsp.o
    0x0805318a   0x0805318a   0x0000002c   Code   RO         8119    i.USB_OTG_BSP_EnableInterrupt  usb_bsp.o
    0x080531b6   0x080531b6   0x00000002   PAD
    0x080531b8   0x080531b8   0x0000004c   Code   RO         8120    i.USB_OTG_BSP_Init  usb_bsp.o
    0x08053204   0x08053204   0x00000038   Code   RO         8121    i.USB_OTG_BSP_TimeInit  usb_bsp.o
    0x0805323c   0x0805323c   0x00000038   Code   RO         8122    i.USB_OTG_BSP_TimerIRQ  usb_bsp.o
    0x08053274   0x08053274   0x0000000e   Code   RO         8123    i.USB_OTG_BSP_mDelay  usb_bsp.o
    0x08053282   0x08053282   0x0000000e   Code   RO         8124    i.USB_OTG_BSP_uDelay  usb_bsp.o
    0x08053290   0x08053290   0x00000132   Code   RO         8531    i.USB_OTG_CoreInit  usb_core.o
    0x080533c2   0x080533c2   0x000000da   Code   RO         8532    i.USB_OTG_CoreInitHost  usb_core.o
    0x0805349c   0x0805349c   0x00000070   Code   RO         8533    i.USB_OTG_CoreReset  usb_core.o
    0x0805350c   0x0805350c   0x00000022   Code   RO         8534    i.USB_OTG_DisableGlobalInt  usb_core.o
    0x0805352e   0x0805352e   0x0000005c   Code   RO         8535    i.USB_OTG_DriveVbus  usb_core.o
    0x0805358a   0x0805358a   0x00000034   Code   RO         8536    i.USB_OTG_EnableCommonInt  usb_core.o
    0x080535be   0x080535be   0x00000022   Code   RO         8537    i.USB_OTG_EnableGlobalInt  usb_core.o
    0x080535e0   0x080535e0   0x00000074   Code   RO         8538    i.USB_OTG_EnableHostInt  usb_core.o
    0x08053654   0x08053654   0x0000004c   Code   RO         8539    i.USB_OTG_FlushRxFifo  usb_core.o
    0x080536a0   0x080536a0   0x00000054   Code   RO         8540    i.USB_OTG_FlushTxFifo  usb_core.o
    0x080536f4   0x080536f4   0x0000000c   Code   RO         8541    i.USB_OTG_GetMode   usb_core.o
    0x08053700   0x08053700   0x0000005a   Code   RO         8542    i.USB_OTG_HC_DoPing  usb_core.o
    0x0805375a   0x0805375a   0x00000082   Code   RO         8543    i.USB_OTG_HC_Halt   usb_core.o
    0x080537dc   0x080537dc   0x00000238   Code   RO         8544    i.USB_OTG_HC_Init   usb_core.o
    0x08053a14   0x08053a14   0x000001f6   Code   RO         8545    i.USB_OTG_HC_StartXfer  usb_core.o
    0x08053c0a   0x08053c0a   0x00000018   Code   RO         8546    i.USB_OTG_InitFSLSPClkSel  usb_core.o
    0x08053c22   0x08053c22   0x00000010   Code   RO         8548    i.USB_OTG_IsEvenFrame  usb_core.o
    0x08053c32   0x08053c32   0x00000014   Code   RO         8549    i.USB_OTG_IsHostMode  usb_core.o
    0x08053c46   0x08053c46   0x00000010   Code   RO         8550    i.USB_OTG_ReadCoreItr  usb_core.o
    0x08053c56   0x08053c56   0x00000030   Code   RO         8551    i.USB_OTG_ReadHPRT0  usb_core.o
    0x08053c86   0x08053c86   0x00000008   Code   RO         8552    i.USB_OTG_ReadHostAllChannels_intr  usb_core.o
    0x08053c8e   0x08053c8e   0x00000028   Code   RO         8554    i.USB_OTG_ReadPacket  usb_core.o
    0x08053cb6   0x08053cb6   0x00000040   Code   RO         8555    i.USB_OTG_ResetPort  usb_core.o
    0x08053cf6   0x08053cf6   0x00000002   PAD
    0x08053cf8   0x08053cf8   0x000000d8   Code   RO         8556    i.USB_OTG_SelectCore  usb_core.o
    0x08053dd0   0x08053dd0   0x0000004e   Code   RO         8557    i.USB_OTG_SetCurrentMode  usb_core.o
    0x08053e1e   0x08053e1e   0x00000002   PAD
    0x08053e20   0x08053e20   0x0000002c   Code   RO         8377    i.USB_OTG_USBH_handle_Disconnect_ISR  usb_hcd_int.o
    0x08053e4c   0x08053e4c   0x00000046   Code   RO         8378    i.USB_OTG_USBH_handle_IncompletePeriodicXfer_ISR  usb_hcd_int.o
    0x08053e92   0x08053e92   0x00000056   Code   RO         8379    i.USB_OTG_USBH_handle_hc_ISR  usb_hcd_int.o
    0x08053ee8   0x08053ee8   0x0000042a   Code   RO         8380    i.USB_OTG_USBH_handle_hc_n_In_ISR  usb_hcd_int.o
    0x08054312   0x08054312   0x000003d0   Code   RO         8381    i.USB_OTG_USBH_handle_hc_n_Out_ISR  usb_hcd_int.o
    0x080546e2   0x080546e2   0x0000012e   Code   RO         8382    i.USB_OTG_USBH_handle_nptxfempty_ISR  usb_hcd_int.o
    0x08054810   0x08054810   0x00000120   Code   RO         8383    i.USB_OTG_USBH_handle_port_ISR  usb_hcd_int.o
    0x08054930   0x08054930   0x0000012e   Code   RO         8384    i.USB_OTG_USBH_handle_ptxfempty_ISR  usb_hcd_int.o
    0x08054a5e   0x08054a5e   0x00000164   Code   RO         8385    i.USB_OTG_USBH_handle_rx_qlvl_ISR  usb_hcd_int.o
    0x08054bc2   0x08054bc2   0x00000002   PAD
    0x08054bc4   0x08054bc4   0x0000002c   Code   RO         8386    i.USB_OTG_USBH_handle_sof_ISR  usb_hcd_int.o
    0x08054bf0   0x08054bf0   0x00000040   Code   RO         8559    i.USB_OTG_WritePacket  usb_core.o
    0x08054c30   0x08054c30   0x00000074   Code   RO         7176    i.Uart1SendBuff     bsp_debug_usart.o
    0x08054ca4   0x08054ca4   0x00000074   Code   RO         7177    i.Uart3SendBuff     bsp_debug_usart.o
    0x08054d18   0x08054d18   0x00000004   Code   RO         5302    i.UsageFault_Handler  stm32f4xx_it.o
    0x08054d1c   0x08054d1c   0x0000041c   Code   RO         6079    i.Use_DebugProcess  test.o
    0x08055138   0x08055138   0x00000588   Code   RO         5589    i.Use_SysSetProcess  user.o
    0x080556c0   0x080556c0   0x00000064   Code   RO         7181    i.V_Gear_SW         bsp_debug_usart.o
    0x08055724   0x08055724   0x0000001a   Code   RO         6541    i.WriteOneHzChar_16  bsp_lcd.o
    0x0805573e   0x0805573e   0x00000002   PAD
    0x08055740   0x08055740   0x000000cc   Code   RO         6542    i.WriteString_16    bsp_lcd.o
    0x0805580c   0x0805580c   0x00000020   Code   RO         9389    i.__0printf$6       mc_w.l(printf6.o)
    0x0805582c   0x0805582c   0x00000028   Code   RO         9391    i.__0sprintf$6      mc_w.l(printf6.o)
    0x08055854   0x08055854   0x00000030   Code   RO         9533    i.__ARM_fpclassify  m_wm.l(fpclassify.o)
    0x08055884   0x08055884   0x00000004   PAD
    0x08055888   0x08055888   0x00000c50   Code   RO         9209    i.__hardfp_pow      m_wm.l(pow.o)
    0x080564d8   0x080564d8   0x000000f8   Code   RO         9535    i.__kernel_poly     m_wm.l(poly.o)
    0x080565d0   0x080565d0   0x00000030   Code   RO         9513    i.__mathlib_dbl_divzero  m_wm.l(dunder.o)
    0x08056600   0x08056600   0x00000014   Code   RO         9515    i.__mathlib_dbl_infnan2  m_wm.l(dunder.o)
    0x08056614   0x08056614   0x00000004   PAD
    0x08056618   0x08056618   0x00000020   Code   RO         9516    i.__mathlib_dbl_invalid  m_wm.l(dunder.o)
    0x08056638   0x08056638   0x00000020   Code   RO         9517    i.__mathlib_dbl_overflow  m_wm.l(dunder.o)
    0x08056658   0x08056658   0x00000020   Code   RO         9519    i.__mathlib_dbl_underflow  m_wm.l(dunder.o)
    0x08056678   0x08056678   0x0000000e   Code   RO         9601    i.__scatterload_copy  mc_w.l(handlers.o)
    0x08056686   0x08056686   0x00000002   Code   RO         9602    i.__scatterload_null  mc_w.l(handlers.o)
    0x08056688   0x08056688   0x0000000e   Code   RO         9603    i.__scatterload_zeroinit  mc_w.l(handlers.o)
    0x08056696   0x08056696   0x00000002   PAD
    0x08056698   0x08056698   0x0000000c   Code   RO         9577    i.__set_errno       mc_w.l(errno.o)
    0x080566a4   0x080566a4   0x000002f0   Code   RO         9396    i._printf_core      mc_w.l(printf6.o)
    0x08056994   0x08056994   0x00000024   Code   RO         9397    i._printf_post_padding  mc_w.l(printf6.o)
    0x080569b8   0x080569b8   0x0000002e   Code   RO         9398    i._printf_pre_padding  mc_w.l(printf6.o)
    0x080569e6   0x080569e6   0x0000000a   Code   RO         9400    i._sputc            mc_w.l(printf6.o)
    0x080569f0   0x080569f0   0x0000000a   Code   RO         5467    i.delay             pbdata.o
    0x080569fa   0x080569fa   0x00000036   Code   RO         7444    i.delay_1us         bsp_systick.o
    0x08056a30   0x08056a30   0x0000000a   Code   RO         7445    i.delay_us          bsp_systick.o
    0x08056a3a   0x08056a3a   0x00000018   Code   RO         9529    i.fabs              m_wm.l(fabs.o)
    0x08056a52   0x08056a52   0x00000002   PAD
    0x08056a54   0x08056a54   0x00000040   Code   RO         6544    i.findHzIndex_16    bsp_lcd.o
    0x08056a94   0x08056a94   0x00000024   Code   RO         7183    i.fputc             bsp_debug_usart.o
    0x08056ab8   0x08056ab8   0x000002c8   Code   RO         5591    i.input_password    user.o
    0x08056d80   0x08056d80   0x0000000a   Code   RO         6242    i.keydelay          gpio.o
    0x08056d8a   0x08056d8a   0x00000002   PAD
    0x08056d8c   0x08056d8c   0x00000030   Code   RO         6545    i.lcd_image         bsp_lcd.o
    0x08056dbc   0x08056dbc   0x00000024   Code   RO         6080    i.listreset         test.o
    0x08056de0   0x08056de0   0x0000001c   Code   RO         6081    i.lockcheck         test.o
    0x08056dfc   0x08056dfc   0x000000b0   Code   RO         5161    i.main              main.o
    0x08056eac   0x08056eac   0x0000006e   Code   RO         9540    i.sqrt              m_wm.l(sqrt.o)
    0x08056f1a   0x08056f1a   0x00000002   PAD
    0x08056f1c   0x08056f1c   0x0000128c   Data   RO         5593    .constdata          user.o
    0x080581a8   0x080581a8   0x0005fa00   Data   RO         6083    .constdata          test.o
    0x080b7ba8   0x080b7ba8   0x0000407b   Data   RO         6547    .constdata          bsp_lcd.o
    0x080bbc23   0x080bbc23   0x00000001   PAD
    0x080bbc24   0x080bbc24   0x00009d00   Data   RO         6884    .constdata          fonts.o
    0x080c5924   0x080c5924   0x00000004   PAD
    0x080c5928   0x080c5928   0x00000088   Data   RO         9212    .constdata          m_wm.l(pow.o)
    0x080c59b0   0x080c59b0   0x00000008   Data   RO         9537    .constdata          m_wm.l(qnan.o)
    0x080c59b8   0x080c59b8   0x00000020   Data   RO         9599    Region$$Table       anon$$obj.o


    Execution Region RW_IRAM2 (Exec base: 0x10000000, Load base: 0x080c5a94, Size: 0x00000000, Max: 0x00010000, ABSOLUTE)

    **** No section assigned to this execution region ****


    Execution Region RW_IRAM1 (Exec base: 0x20000000, Load base: 0x080c59d8, Size: 0x00007f80, Max: 0x00030000, ABSOLUTE, COMPRESSED[0x000000bc])

    Exec Addr    Load Addr    Size         Type   Attr      Idx    E Section Name        Object

    0x20000000   COMPRESSED   0x00000014   Data   RW           16    .data               system_stm32f4xx.o
    0x20000014   COMPRESSED   0x00000010   Data   RW         3013    .data               stm32f4xx_rcc.o
    0x20000024   COMPRESSED   0x0000002e   Data   RW         5304    .data               stm32f4xx_it.o
    0x20000052   COMPRESSED   0x00000002   PAD
    0x20000054   COMPRESSED   0x00000011   Data   RW         5469    .data               pbdata.o
    0x20000065   COMPRESSED   0x00000003   PAD
    0x20000068   COMPRESSED   0x00000040   Data   RW         6084    .data               test.o
    0x200000a8   COMPRESSED   0x00000010   Data   RW         6406    .data               keyboard.o
    0x200000b8   COMPRESSED   0x0000001d   Data   RW         6548    .data               bsp_lcd.o
    0x200000d5   COMPRESSED   0x00000003   PAD
    0x200000d8   COMPRESSED   0x00000021   Data   RW         6885    .data               fonts.o
    0x200000f9   COMPRESSED   0x00000003   PAD
    0x200000fc   COMPRESSED   0x00000004   Data   RW         6943    .data               bsp_spi_flash.o
    0x20000100   COMPRESSED   0x00000059   Data   RW         7185    .data               bsp_debug_usart.o
    0x20000159   COMPRESSED   0x00000003   PAD
    0x2000015c   COMPRESSED   0x00000004   Data   RW         7446    .data               bsp_systick.o
    0x20000160   COMPRESSED   0x00000008   Data   RW         8125    .data               usb_bsp.o
    0x20000168   COMPRESSED   0x00000049   Data   RW         8213    .data               usbh_usr.o
    0x200001b1   COMPRESSED   0x00000003   PAD
    0x200001b4   COMPRESSED   0x00000012   Data   RW         8730    .data               usbh_core.o
    0x200001c6   COMPRESSED   0x00000003   Data   RW         8952    .data               usbh_stdreq.o
    0x200001c9   COMPRESSED   0x00000003   PAD
    0x200001cc   COMPRESSED   0x00000011   Data   RW         9046    .data               usbh_msc_bot.o
    0x200001dd   COMPRESSED   0x00000003   PAD
    0x200001e0   COMPRESSED   0x0000001d   Data   RW         9098    .data               usbh_msc_core.o
    0x200001fd   COMPRESSED   0x00000003   PAD
    0x20000200   COMPRESSED   0x00000004   Data   RW         9564    .data               mc_w.l(stdout.o)
    0x20000204   COMPRESSED   0x00000004   Data   RW         9578    .data               mc_w.l(errno.o)
    0x20000208        -       0x000002cb   Zero   RW         5303    .bss                stm32f4xx_it.o
    0x200004d3   COMPRESSED   0x00000001   PAD
    0x200004d4        -       0x00000520   Zero   RW         5468    .bss                pbdata.o
    0x200009f4        -       0x0000008c   Zero   RW         5592    .bss                user.o
    0x20000a80        -       0x00002072   Zero   RW         6082    .bss                test.o
    0x20002af2        -       0x00000600   Zero   RW         7184    .bss                bsp_debug_usart.o
    0x200030f2   COMPRESSED   0x00000002   PAD
    0x200030f4        -       0x00000630   Zero   RW         8211    .bss                usbh_usr.o
    0x20003724        -       0x00000200   Zero   RW         8951    .bss                usbh_stdreq.o
    0x20003924        -       0x00000040   Zero   RW         9045    .bss                usbh_msc_bot.o
    0x20003964        -       0x0000020a   Zero   RW         9097    .bss                usbh_msc_core.o
    0x20003b6e   COMPRESSED   0x00000002   PAD
    0x20003b70        -       0x00000410   Zero   RW         9157    .bss                usbh_msc_scsi.o
    0x20003f80        -       0x00004000   Zero   RW            1    STACK               startup_stm32f429_439xx.o


==============================================================================

Image component sizes


      Code (inc. data)   RO Data    RW Data    ZI Data      Debug   Object Name

       118          6          0          0          0       1537   bsp_basic_tim.o
      9432        398          0         89       1536      20011   bsp_debug_usart.o
      3574        182      16507         29          0      26901   bsp_lcd.o
       342         32          0          0          0       2342   bsp_rtc.o
      1272         30          0          0          0       3089   bsp_sdram.o
      1102        148          0          4          0       6615   bsp_spi_flash.o
       192         20          0          4          0      29205   bsp_systick.o
        56          8          0          0          0       1295   flash_eerom.o
        32          6      40192         33          0       3055   fonts.o
       302         40          0          0          0       3872   gpio.o
      3672        178          0         16          0      10284   keyboard.o
       176         40          0          0          0      15310   main.o
       160         32          0          0          0       2297   misc.o
        42         10          0         17       1312      10618   pbdata.o
        36          8        428          0      16384        956   startup_stm32f429_439xx.o
       624         54          0          0          0       7132   stm32f4xx_dma.o
       294         20          0          0          0       3080   stm32f4xx_dma2d.o
       184         16          0          0          0       2308   stm32f4xx_exti.o
       452         20          0          0          0       3743   stm32f4xx_fmc.o
       258          0          0          0          0       4405   stm32f4xx_gpio.o
      2542        212          0         46        715      65500   stm32f4xx_it.o
       742         26          0          0          0       4518   stm32f4xx_ltdc.o
        12          6          0          0          0        574   stm32f4xx_pwr.o
       696        102          0         16          0      11772   stm32f4xx_rcc.o
      1366        104          0          0          0      13720   stm32f4xx_rtc.o
       112          0          0          0          0       3790   stm32f4xx_spi.o
      1234         82          0          0          0      14356   stm32f4xx_tim.o
       446          8          0          0          0       5908   stm32f4xx_usart.o
       396         38          0         20          0     361285   system_stm32f4xx.o
     17020       1408     391680         64       8306      22034   test.o
       448         26          0          8          0       6072   usb_bsp.o
      3020         18          0          0          0      19491   usb_core.o
       202          0          0          0          0       5435   usb_hcd.o
      3702         16          0          0          0      10735   usb_hcd_int.o
      1634         42          0         18          0       9369   usbh_core.o
       390          0          0          0          0       4792   usbh_hcs.o
       560          0          0          0          0       5846   usbh_ioreq.o
      1140        100          0         17         64       6965   usbh_msc_bot.o
       876         62          0         29        522       6857   usbh_msc_core.o
       828         64          0          0       1040       5499   usbh_msc_scsi.o
       942         14          0          3        512      10813   usbh_stdreq.o
       204         24          0         73       1584      10769   usbh_usr.o
     26168       2664       4748          0        140      56047   user.o

    ----------------------------------------------------------------------
     87062       6264     453592        512      32120     820202   Object Totals
         0          0         32          0          0          0   (incl. Generated)
        62          0          5         26          5          0   (incl. Padding)

    ----------------------------------------------------------------------

      Code (inc. data)   RO Data    RW Data    ZI Data      Debug   Library Member Name

       164         44          0          0          0        620   dunder.o
        24          0          0          0          0        124   fabs.o
        48          0          0          0          0        124   fpclassify.o
       248          0          0          0          0        152   poly.o
      3152        296        136          0          0        352   pow.o
         0          0          8          0          0          0   qnan.o
       110          0          0          0          0        148   sqrt.o
        86          0          0          0          0          0   __dczerorl2.o
         0          0          0          0          0          0   entry.o
         0          0          0          0          0          0   entry10a.o
         0          0          0          0          0          0   entry11a.o
         8          4          0          0          0          0   entry2.o
         4          0          0          0          0          0   entry5.o
         0          0          0          0          0          0   entry7b.o
         0          0          0          0          0          0   entry8b.o
         8          4          0          0          0          0   entry9a.o
        12          6          0          4          0         68   errno.o
        30          0          0          0          0          0   handlers.o
        36          8          0          0          0         68   init.o
         0          0          0          0          0          0   iusefp.o
        30          0          0          0          0         68   llshl.o
        36          0          0          0          0         68   llsshr.o
        32          0          0          0          0         68   llushr.o
        36          0          0          0          0         68   memcpya.o
        36          0          0          0          0        108   memseta.o
       916         20          0          0          0        504   printf6.o
         0          0          0          4          0          0   stdout.o
        28          0          0          0          0         76   strcmp.o
        44          0          0          0          0         80   uidiv.o
        48          0          0          0          0         68   cdcmple.o
        48          0          0          0          0         68   cdrcmple.o
       334          0          0          0          0        148   dadd.o
       222          0          0          0          0        100   ddiv.o
       186          0          0          0          0        176   depilogue.o
        50          0          0          0          0         76   dfixui.o
        34          0          0          0          0         76   dflti.o
        26          0          0          0          0         76   dfltui.o
       228          0          0          0          0         96   dmul.o
        46          0          0          0          0         80   dscalb.o
       162          0          0          0          0        100   dsqrt.o

    ----------------------------------------------------------------------
      6490        382        144          8          0       3760   Library Totals
        18          0          0          0          0          0   (incl. Padding)

    ----------------------------------------------------------------------

      Code (inc. data)   RO Data    RW Data    ZI Data      Debug   Library Name

      3746        340        144          0          0       1520   m_wm.l
      1342         42          0          8          0       1176   mc_w.l
      1384          0          0          0          0       1064   mf_w.l

    ----------------------------------------------------------------------
      6490        382        144          8          0       3760   Library Totals

    ----------------------------------------------------------------------

==============================================================================


      Code (inc. data)   RO Data    RW Data    ZI Data      Debug   

     93552       6646     453736        520      32120     780850   Grand Totals
     93552       6646     453736        188      32120     780850   ELF Image Totals (compressed)
     93552       6646     453736        188          0          0   ROM Totals

==============================================================================

    Total RO  Size (Code + RO Data)               547288 ( 534.46kB)
    Total RW  Size (RW Data + ZI Data)             32640 (  31.88kB)
    Total ROM Size (Code + RO Data + RW Data)     547476 ( 534.64kB)

==============================================================================

