Component: ARM Compiler 5.06 update 4 (build 422) Tool: armlink [4d35d2]

==============================================================================

Section Cross References

    startup_stm32f429_439xx.o(RESET) refers to startup_stm32f429_439xx.o(STACK) for __initial_sp
    startup_stm32f429_439xx.o(RESET) refers to startup_stm32f429_439xx.o(.text) for Reset_Handler
    startup_stm32f429_439xx.o(RESET) refers to stm32f4xx_it.o(i.NMI_Handler) for NMI_Handler
    startup_stm32f429_439xx.o(RESET) refers to stm32f4xx_it.o(i.HardFault_Handler) for HardFault_Handler
    startup_stm32f429_439xx.o(RESET) refers to stm32f4xx_it.o(i.MemManage_Handler) for MemManage_Handler
    startup_stm32f429_439xx.o(RESET) refers to stm32f4xx_it.o(i.BusFault_Handler) for BusFault_Handler
    startup_stm32f429_439xx.o(RESET) refers to stm32f4xx_it.o(i.UsageFault_Handler) for UsageFault_Handler
    startup_stm32f429_439xx.o(RESET) refers to stm32f4xx_it.o(i.SVC_Handler) for SVC_Handler
    startup_stm32f429_439xx.o(RESET) refers to stm32f4xx_it.o(i.DebugMon_Handler) for DebugMon_Handler
    startup_stm32f429_439xx.o(RESET) refers to stm32f4xx_it.o(i.PendSV_Handler) for PendSV_Handler
    startup_stm32f429_439xx.o(RESET) refers to stm32f4xx_it.o(i.SysTick_Handler) for SysTick_Handler
    startup_stm32f429_439xx.o(RESET) refers to bsp_rtc.o(i.RTC_WKUP_IRQHandler) for RTC_WKUP_IRQHandler
    startup_stm32f429_439xx.o(RESET) refers to stm32f4xx_it.o(i.EXTI3_IRQHandler) for EXTI3_IRQHandler
    startup_stm32f429_439xx.o(RESET) refers to usbh_it.o(i.TIM2_IRQHandler) for TIM2_IRQHandler
    startup_stm32f429_439xx.o(RESET) refers to stm32f4xx_it.o(i.USART1_IRQHandler) for USART1_IRQHandler
    startup_stm32f429_439xx.o(RESET) refers to stm32f4xx_it.o(i.USART3_IRQHandler) for USART3_IRQHandler
    startup_stm32f429_439xx.o(RESET) refers to stm32f4xx_it.o(i.EXTI15_10_IRQHandler) for EXTI15_10_IRQHandler
    startup_stm32f429_439xx.o(RESET) refers to stm32f4xx_it.o(i.TIM6_DAC_IRQHandler) for TIM6_DAC_IRQHandler
    startup_stm32f429_439xx.o(RESET) refers to usbh_it.o(i.OTG_FS_IRQHandler) for OTG_FS_IRQHandler
    startup_stm32f429_439xx.o(.text) refers to system_stm32f4xx.o(i.SystemInit) for SystemInit
    startup_stm32f429_439xx.o(.text) refers to entry.o(.ARM.Collect$$$$00000000) for __main
    system_stm32f4xx.o(i.SystemCoreClockUpdate) refers to system_stm32f4xx.o(.data) for SystemCoreClock
    system_stm32f4xx.o(i.SystemInit) refers to system_stm32f4xx.o(i.SetSysClock) for SetSysClock
    stm32f4xx_adc.o(i.ADC_DeInit) refers to stm32f4xx_rcc.o(i.RCC_APB2PeriphResetCmd) for RCC_APB2PeriphResetCmd
    stm32f4xx_can.o(i.CAN_DeInit) refers to stm32f4xx_rcc.o(i.RCC_APB1PeriphResetCmd) for RCC_APB1PeriphResetCmd
    stm32f4xx_can.o(i.CAN_GetITStatus) refers to stm32f4xx_can.o(i.CheckITStatus) for CheckITStatus
    stm32f4xx_cryp.o(i.CRYP_DeInit) refers to stm32f4xx_rcc.o(i.RCC_AHB2PeriphResetCmd) for RCC_AHB2PeriphResetCmd
    stm32f4xx_cryp_aes.o(i.CRYP_AES_CBC) refers to stm32f4xx_cryp.o(i.CRYP_KeyStructInit) for CRYP_KeyStructInit
    stm32f4xx_cryp_aes.o(i.CRYP_AES_CBC) refers to stm32f4xx_cryp.o(i.CRYP_FIFOFlush) for CRYP_FIFOFlush
    stm32f4xx_cryp_aes.o(i.CRYP_AES_CBC) refers to stm32f4xx_cryp.o(i.CRYP_Init) for CRYP_Init
    stm32f4xx_cryp_aes.o(i.CRYP_AES_CBC) refers to stm32f4xx_cryp.o(i.CRYP_KeyInit) for CRYP_KeyInit
    stm32f4xx_cryp_aes.o(i.CRYP_AES_CBC) refers to stm32f4xx_cryp.o(i.CRYP_Cmd) for CRYP_Cmd
    stm32f4xx_cryp_aes.o(i.CRYP_AES_CBC) refers to stm32f4xx_cryp.o(i.CRYP_GetFlagStatus) for CRYP_GetFlagStatus
    stm32f4xx_cryp_aes.o(i.CRYP_AES_CBC) refers to stm32f4xx_cryp.o(i.CRYP_IVInit) for CRYP_IVInit
    stm32f4xx_cryp_aes.o(i.CRYP_AES_CBC) refers to stm32f4xx_cryp.o(i.CRYP_GetCmdStatus) for CRYP_GetCmdStatus
    stm32f4xx_cryp_aes.o(i.CRYP_AES_CBC) refers to stm32f4xx_cryp.o(i.CRYP_DataIn) for CRYP_DataIn
    stm32f4xx_cryp_aes.o(i.CRYP_AES_CBC) refers to stm32f4xx_cryp.o(i.CRYP_DataOut) for CRYP_DataOut
    stm32f4xx_cryp_aes.o(i.CRYP_AES_CCM) refers to stm32f4xx_cryp.o(i.CRYP_KeyStructInit) for CRYP_KeyStructInit
    stm32f4xx_cryp_aes.o(i.CRYP_AES_CCM) refers to stm32f4xx_cryp.o(i.CRYP_FIFOFlush) for CRYP_FIFOFlush
    stm32f4xx_cryp_aes.o(i.CRYP_AES_CCM) refers to stm32f4xx_cryp.o(i.CRYP_KeyInit) for CRYP_KeyInit
    stm32f4xx_cryp_aes.o(i.CRYP_AES_CCM) refers to stm32f4xx_cryp.o(i.CRYP_IVInit) for CRYP_IVInit
    stm32f4xx_cryp_aes.o(i.CRYP_AES_CCM) refers to stm32f4xx_cryp.o(i.CRYP_Init) for CRYP_Init
    stm32f4xx_cryp_aes.o(i.CRYP_AES_CCM) refers to stm32f4xx_cryp.o(i.CRYP_PhaseConfig) for CRYP_PhaseConfig
    stm32f4xx_cryp_aes.o(i.CRYP_AES_CCM) refers to stm32f4xx_cryp.o(i.CRYP_DataIn) for CRYP_DataIn
    stm32f4xx_cryp_aes.o(i.CRYP_AES_CCM) refers to stm32f4xx_cryp.o(i.CRYP_Cmd) for CRYP_Cmd
    stm32f4xx_cryp_aes.o(i.CRYP_AES_CCM) refers to stm32f4xx_cryp.o(i.CRYP_GetCmdStatus) for CRYP_GetCmdStatus
[...]
    0x08042484   0x08042484   0x00000034   Code   RO         1221    i.DMA_ClearITPendingBit  stm32f4xx_dma.o
    0x080424b8   0x080424b8   0x00000016   Code   RO         1222    i.DMA_Cmd           stm32f4xx_dma.o
    0x080424ce   0x080424ce   0x00000002   PAD
    0x080424d0   0x080424d0   0x00000158   Code   RO         1223    i.DMA_DeInit        stm32f4xx_dma.o
    0x08042628   0x08042628   0x00000014   Code   RO         1227    i.DMA_GetCmdStatus  stm32f4xx_dma.o
    0x0804263c   0x0804263c   0x00000008   Code   RO         1228    i.DMA_GetCurrDataCounter  stm32f4xx_dma.o
    0x08042644   0x08042644   0x00000058   Code   RO         1234    i.DMA_Init          stm32f4xx_dma.o
    0x0804269c   0x0804269c   0x00000004   Code   RO         1237    i.DMA_SetCurrDataCounter  stm32f4xx_dma.o
    0x080426a0   0x080426a0   0x00000022   Code   RO         1238    i.DMA_StructInit    stm32f4xx_dma.o
    0x080426c2   0x080426c2   0x00000026   Code   RO         6372    i.DMM_ConfigureVoltageDc  scpi-def.o
    0x080426e8   0x080426e8   0x0000005c   Code   RO         6373    i.DMM_MeasureVoltageAcQ  scpi-def.o
    0x08042744   0x08042744   0x00000006   Code   RO         6374    i.DYNHDQ            scpi-def.o
    0x0804274a   0x0804274a   0x00000002   PAD
    0x0804274c   0x0804274c   0x00000028   Code   RO         6375    i.DYNHDSET          scpi-def.o
    0x08042774   0x08042774   0x00000006   Code   RO         6376    i.DYNHQ             scpi-def.o
    0x0804277a   0x0804277a   0x00000002   PAD
    0x0804277c   0x0804277c   0x00000028   Code   RO         6377    i.DYNHSET           scpi-def.o
    0x080427a4   0x080427a4   0x00000006   Code   RO         6378    i.DYNLDQ            scpi-def.o
    0x080427aa   0x080427aa   0x00000002   PAD
    0x080427ac   0x080427ac   0x00000028   Code   RO         6379    i.DYNLDSET          scpi-def.o
    0x080427d4   0x080427d4   0x00000006   Code   RO         6380    i.DYNLQ             scpi-def.o
    0x080427da   0x080427da   0x00000002   PAD
    0x080427dc   0x080427dc   0x00000028   Code   RO         6381    i.DYNLSET           scpi-def.o
    0x08042804   0x08042804   0x00000012   Code   RO         6382    i.DYNMODEQ          scpi-def.o
    0x08042816   0x08042816   0x00000002   PAD
    0x08042818   0x08042818   0x00000030   Code   RO         6383    i.DYNMODESET        scpi-def.o
    0x08042848   0x08042848   0x00000006   Code   RO         6384    i.DYNSLEWFQ         scpi-def.o
    0x0804284e   0x0804284e   0x00000002   PAD
    0x08042850   0x08042850   0x00000028   Code   RO         6385    i.DYNSLEWFSET       scpi-def.o
    0x08042878   0x08042878   0x00000006   Code   RO         6386    i.DYNSLEWQ          scpi-def.o
    0x0804287e   0x0804287e   0x00000006   Code   RO         6387    i.DYNSLEWRQ         scpi-def.o
    0x08042884   0x08042884   0x00000028   Code   RO         6388    i.DYNSLEWRSET       scpi-def.o
    0x080428ac   0x080428ac   0x00000028   Code   RO         6389    i.DYNSLEWSET        scpi-def.o
    0x080428d4   0x080428d4   0x00000002   Code   RO         5287    i.DebugMon_Handler  stm32f4xx_it.o
    0x080428d6   0x080428d6   0x00000002   PAD
    0x080428d8   0x080428d8   0x000000c0   Code   RO         7682    i.Debug_USART_Config  bsp_debug_usart.o
    0x08042998   0x08042998   0x00000100   Code   RO         7683    i.Debug_USART_DMA_INIT  bsp_debug_usart.o
    0x08042a98   0x08042a98   0x00000510   Code   RO         5551    i.DispLimit_value   user.o
    0x08042fa8   0x08042fa8   0x00000058   Code   RO         7684    i.DispRead          bsp_debug_usart.o
    0x08043000   0x08043000   0x00000644   Code   RO         5552    i.DispSet_value     user.o
    0x08043644   0x08043644   0x00000010   Code   RO         5553    i.Disp_BatScreen    user.o
    0x08043654   0x08043654   0x00000518   Code   RO         5554    i.Disp_Bat_value    user.o
    0x08043b6c   0x08043b6c   0x00000164   Code   RO         5555    i.Disp_Battery_Item  user.o
    0x08043cd0   0x08043cd0   0x0000000a   Code   RO         5556    i.Disp_Button_SysSet  user.o
    0x08043cda   0x08043cda   0x00000002   PAD
    0x08043cdc   0x08043cdc   0x000005ac   Code   RO         5558    i.Disp_Button_value1  user.o
    0x08044288   0x08044288   0x00000284   Code   RO         5560    i.Disp_Debug_value  user.o
    0x0804450c   0x0804450c   0x0000045c   Code   RO         5561    i.Disp_Dyn_value    user.o
    0x08044968   0x08044968   0x000000b8   Code   RO         5562    i.Disp_Dynamic_Item  user.o
    0x08044a20   0x08044a20   0x00000054   Code   RO         7015    i.Disp_EN40         bsp_lcd.o
    0x08044a74   0x08044a74   0x00000094   Code   RO         5563    i.Disp_Fastbutton   user.o
    0x08044b08   0x08044b08   0x0000046c   Code   RO         5564    i.Disp_Hint         user.o
    0x08044f74   0x08044f74   0x000000b0   Code   RO         5565    i.Disp_Led_Item     user.o
    0x08045024   0x08045024   0x00000130   Code   RO         5566    i.Disp_Led_value    user.o
    0x08045154   0x08045154   0x000000d8   Code   RO         5567    i.Disp_Limit_Item   user.o
    0x0804522c   0x0804522c   0x0000000c   Code   RO         5568    i.Disp_ListScreen   user.o
    0x08045238   0x08045238   0x00000054   Code   RO         5569    i.Disp_List_Delay   user.o
    0x0804528c   0x0804528c   0x0000011c   Code   RO         5570    i.Disp_List_Item    user.o
    0x080453a8   0x080453a8   0x00000370   Code   RO         5571    i.Disp_List_Process  user.o
    0x08045718   0x08045718   0x00000e08   Code   RO         5572    i.Disp_List_value   user.o
    0x08046520   0x08046520   0x00000020   Code   RO         5573    i.Disp_MidRect      user.o
    0x08046540   0x08046540   0x00000020   Code   RO         5575    i.Disp_MidRectBat   user.o
    0x08046560   0x08046560   0x000004cc   Code   RO         5576    i.Disp_NumKeyboard_Set  user.o
    0x08046a2c   0x08046a2c   0x00000598   Code   RO         5577    i.Disp_Res_Sheet    user.o
    0x08046fc4   0x08046fc4   0x0000005a   Code   RO         5578    i.Disp_Set_Addr     user.o
    0x0804701e   0x0804701e   0x00000048   Code   RO         5579    i.Disp_Set_CNum     user.o
    0x08047066   0x08047066   0x00000054   Code   RO         5580    i.Disp_Set_Loopnum  user.o
    0x080470ba   0x080470ba   0x00000048   Code   RO         5581    i.Disp_Set_Num      user.o
    0x08047102   0x08047102   0x00000054   Code   RO         5582    i.Disp_Set_RNum     user.o
    0x08047156   0x08047156   0x00000054   Code   RO         5583    i.Disp_Set_Step     user.o
    0x080471aa   0x080471aa   0x00000054   Code   RO         5584    i.Disp_Set_TimeMS   user.o
    0x080471fe   0x080471fe   0x00000048   Code   RO         5585    i.Disp_Set_TimeP    user.o
    0x08047246   0x08047246   0x00000054   Code   RO         5586    i.Disp_Set_TimeS    user.o
    0x0804729a   0x0804729a   0x00000048   Code   RO         5587    i.Disp_Set_VNum     user.o
    0x080472e2   0x080472e2   0x00000054   Code   RO         5589    i.Disp_SysLine      user.o
    0x08047336   0x08047336   0x00000002   PAD
    0x08047338   0x08047338   0x00000168   Code   RO         5590    i.Disp_Sys_Item     user.o
    0x080474a0   0x080474a0   0x0000000c   Code   RO         5591    i.Disp_Sys_Screen   user.o
    0x080474ac   0x080474ac   0x00000718   Code   RO         5592    i.Disp_Sys_value    user.o
    0x08047bc4   0x08047bc4   0x00000010   Code   RO         5593    i.Disp_TestScreen   user.o
    0x08047bd4   0x08047bd4   0x0000000c   Code   RO         5594    i.Disp_TestSetScreen  user.o
    0x08047be0   0x08047be0   0x00000140   Code   RO         5596    i.Disp_Test_Item    user.o
    0x08047d20   0x08047d20   0x000000e8   Code   RO         5597    i.Disp_Test_Set_Item  user.o
    0x08047e08   0x08047e08   0x000005d4   Code   RO         5598    i.Disp_Test_value   user.o
    0x080483dc   0x080483dc   0x00000020   Code   RO         5599    i.Disp_TopBar_Color  user.o
    0x080483fc   0x080483fc   0x00000050   Code   RO         5600    i.Disp_Up_Item      user.o
    0x0804844c   0x0804844c   0x00000054   Code   RO         7018    i.Disp_Usbflag      bsp_lcd.o
    0x080484a0   0x080484a0   0x00000340   Code   RO         5601    i.Disp_UserCheck_Item  user.o
    0x080487e0   0x080487e0   0x0000000c   Code   RO         5602    i.Disp_Usercheck_Screen  user.o
    0x080487ec   0x080487ec   0x0000002c   Code   RO         5603    i.Disp_button_CNum_time  user.o
    0x08048818   0x08048818   0x0000002c   Code   RO         5604    i.Disp_button_MSNum_time  user.o
    0x08048844   0x08048844   0x00000030   Code   RO         5606    i.Disp_button_Num_Num  user.o
    0x08048874   0x08048874   0x00000030   Code   RO         5607    i.Disp_button_Num_Step  user.o
    0x080488a4   0x080488a4   0x0000003c   Code   RO         5608    i.Disp_button_Num_time  user.o
    0x080488e0   0x080488e0   0x0000002c   Code   RO         5609    i.Disp_button_PNum_time  user.o
    0x0804890c   0x0804890c   0x0000002c   Code   RO         5610    i.Disp_button_RNum_time  user.o
    0x08048938   0x08048938   0x0000002c   Code   RO         5611    i.Disp_button_SNum_time  user.o
    0x08048964   0x08048964   0x0000002c   Code   RO         5612    i.Disp_button_VNum_time  user.o
    0x08048990   0x08048990   0x000000d4   Code   RO         5613    i.Disp_dateandtime  user.o
    0x08048a64   0x08048a64   0x0000005c   Code   RO         6123    i.DrawLock          test.o
    0x08048ac0   0x08048ac0   0x00000144   Code   RO         5614    i.Dynamic_Disp      user.o
    0x08048c04   0x08048c04   0x00000600   Code   RO         6124    i.Dynamic_Process   test.o
    0x08049204   0x08049204   0x00000016   Code   RO         5288    i.EXTI15_10_IRQHandler  stm32f4xx_it.o
    0x0804921a   0x0804921a   0x00000002   PAD
    0x0804921c   0x0804921c   0x00000068   Code   RO         5289    i.EXTI3_IRQHandler  stm32f4xx_it.o
    0x08049284   0x08049284   0x0000000c   Code   RO         1485    i.EXTI_ClearITPendingBit  stm32f4xx_exti.o
    0x08049290   0x08049290   0x00000018   Code   RO         1489    i.EXTI_GetITStatus  stm32f4xx_exti.o
    0x080492a8   0x080492a8   0x00000094   Code   RO         1490    i.EXTI_Init         stm32f4xx_exti.o
    0x0804933c   0x0804933c   0x000008c4   Code   RO         6926    i.Encoder_Process   keyboard.o
    0x08049c00   0x08049c00   0x00000048   Code   RO         1844    i.FMC_GetFlagStatus  stm32f4xx_fmc.o
    0x08049c48   0x08049c48   0x00000020   Code   RO         1861    i.FMC_SDRAMCmdConfig  stm32f4xx_fmc.o
    0x08049c68   0x08049c68   0x00000144   Code   RO         1863    i.FMC_SDRAMInit     stm32f4xx_fmc.o
    0x08049dac   0x08049dac   0x00000018   Code   RO         1867    i.FMC_SetRefreshCount  stm32f4xx_fmc.o
    0x08049dc4   0x08049dc4   0x00000084   Code   RO         6752    i.GPIO_Configuration  gpio.o
    0x08049e48   0x08049e48   0x00000090   Code   RO         2046    i.GPIO_Init         stm32f4xx_gpio.o
    0x08049ed8   0x08049ed8   0x00000046   Code   RO         2047    i.GPIO_PinAFConfig  stm32f4xx_gpio.o
    0x08049f1e   0x08049f1e   0x00000012   Code   RO         2050    i.GPIO_ReadInputDataBit  stm32f4xx_gpio.o
    0x08049f30   0x08049f30   0x00000004   Code   RO         2053    i.GPIO_ResetBits    stm32f4xx_gpio.o
    0x08049f34   0x08049f34   0x00000004   Code   RO         2054    i.GPIO_SetBits      stm32f4xx_gpio.o
    0x08049f38   0x08049f38   0x00000012   Code   RO         2055    i.GPIO_StructInit   stm32f4xx_gpio.o
    0x08049f4a   0x08049f4a   0x00000002   PAD
    0x08049f4c   0x08049f4c   0x00000020   Code   RO         7412    i.GetASCIICode      fonts.o
    0x08049f6c   0x08049f6c   0x00000014   Code   RO         5499    i.GetSoftTimerOut   pbdata.o
    0x08049f80   0x08049f80   0x0000000a   Code   RO         9105    i.HCD_GetCurrentFrame  usb_hcd.o
    0x08049f8a   0x08049f8a   0x00000014   Code   RO         9106    i.HCD_GetCurrentSpeed  usb_hcd.o
    0x08049f9e   0x08049f9e   0x0000000a   Code   RO         9108    i.HCD_GetURB_State  usb_hcd.o
    0x08049fa8   0x08049fa8   0x0000000c   Code   RO         9109    i.HCD_GetXferCnt    usb_hcd.o
    0x08049fb4   0x08049fb4   0x00000060   Code   RO         9111    i.HCD_Init          usb_hcd.o
    0x0804a014   0x0804a014   0x00000008   Code   RO         9112    i.HCD_IsDeviceConnected  usb_hcd.o
    0x0804a01c   0x0804a01c   0x0000000e   Code   RO         9113    i.HCD_ResetPort     usb_hcd.o
    0x0804a02a   0x0804a02a   0x00000020   Code   RO         9114    i.HCD_SubmitRequest  usb_hcd.o
    0x0804a04a   0x0804a04a   0x0000002a   Code   RO         7685    i.HSNVIC_Configuration  bsp_debug_usart.o
    0x0804a074   0x0804a074   0x000000c0   Code   RO         7686    i.HS_USART_Config   bsp_debug_usart.o
    0x0804a134   0x0804a134   0x00000100   Code   RO         7687    i.HS_USART_DMA_INIT  bsp_debug_usart.o
    0x0804a234   0x0804a234   0x00000004   Code   RO         5290    i.HardFault_Handler  stm32f4xx_it.o
    0x0804a238   0x0804a238   0x0000007a   Code   RO         7688    i.Hardware_CRC      bsp_debug_usart.o
    0x0804a2b2   0x0804a2b2   0x00000034   Code   RO         7689    i.HeadSort          bsp_debug_usart.o
    0x0804a2e6   0x0804a2e6   0x00000002   PAD
    0x0804a2e8   0x0804a2e8   0x000000c4   Code   RO         5615    i.Hex_Format        user.o
    0x0804a3ac   0x0804a3ac   0x000000e4   Code   RO         7690    i.HostParaProc      bsp_debug_usart.o
    0x0804a490   0x0804a490   0x00000012   Code   RO         6390    i.INPUTQ            scpi-def.o
    0x0804a4a2   0x0804a4a2   0x00000002   PAD
    0x0804a4a4   0x0804a4a4   0x00000040   Code   RO         6391    i.INPUTSET          scpi-def.o
    0x0804a4e4   0x0804a4e4   0x00000006   Code   RO         6392    i.IRANGEQ           scpi-def.o
    0x0804a4ea   0x0804a4ea   0x00000002   PAD
    0x0804a4ec   0x0804a4ec   0x00000028   Code   RO         6393    i.IRANGESET         scpi-def.o
    0x0804a514   0x0804a514   0x00000006   Code   RO         6394    i.ISLEWFQ           scpi-def.o
    0x0804a51a   0x0804a51a   0x00000002   PAD
    0x0804a51c   0x0804a51c   0x00000028   Code   RO         6395    i.ISLEWFSET         scpi-def.o
    0x0804a544   0x0804a544   0x00000006   Code   RO         6396    i.ISLEWQ            scpi-def.o
    0x0804a54a   0x0804a54a   0x00000006   Code   RO         6397    i.ISLEWRQ           scpi-def.o
    0x0804a550   0x0804a550   0x00000028   Code   RO         6398    i.ISLEWRSET         scpi-def.o
    0x0804a578   0x0804a578   0x00000028   Code   RO         6399    i.ISLEWSET          scpi-def.o
    0x0804a5a0   0x0804a5a0   0x00000064   Code   RO         7691    i.I_Gear_SW         bsp_debug_usart.o
    0x0804a604   0x0804a604   0x00000090   Code   RO         6125    i.InputSwitch       test.o
    0x0804a694   0x0804a694   0x000002cc   Code   RO         6929    i.Key_Identiry      keyboard.o
    0x0804a960   0x0804a960   0x00000020   Code   RO         6930    i.Key_Read          keyboard.o
    0x0804a980   0x0804a980   0x00000028   Code   RO         6931    i.Key_Read_WithTimeOut  keyboard.o
    0x0804a9a8   0x0804a9a8   0x00000070   Code   RO         6932    i.Key_Scan          keyboard.o
    0x0804aa18   0x0804aa18   0x00000018   Code   RO         6753    i.Key_beep          gpio.o
    0x0804aa30   0x0804aa30   0x00000114   Code   RO         6933    i.Keyboard_Init     keyboard.o
    0x0804ab44   0x0804ab44   0x0000009c   Code   RO         7019    i.LCD429_PutPixel   bsp_lcd.o
    0x0804abe0   0x0804abe0   0x00000068   Code   RO         7020    i.LCD_Clear         bsp_lcd.o
    0x0804ac48   0x0804ac48   0x0000014c   Code   RO         7037    i.LCD_DrawFullRect  bsp_lcd.o
    0x0804ad94   0x0804ad94   0x0000010c   Code   RO         7038    i.LCD_DrawLine      bsp_lcd.o
    0x0804aea0   0x0804aea0   0x0000011e   Code   RO         7041    i.LCD_DrawUniLine   bsp_lcd.o
    0x0804afbe   0x0804afbe   0x00000128   Code   RO         7043    i.LCD_FillTriangle  bsp_lcd.o
    0x0804b0e6   0x0804b0e6   0x00000002   PAD
    0x0804b0e8   0x0804b0e8   0x0000030c   Code   RO         7044    i.LCD_GPIO_Config   bsp_lcd.o
    0x0804b3f4   0x0804b3f4   0x00000086   Code   RO         7047    i.LCD_Init          bsp_lcd.o
    0x0804b47a   0x0804b47a   0x00000002   PAD
    0x0804b47c   0x0804b47c   0x00000088   Code   RO         7048    i.LCD_LayerInit     bsp_lcd.o
    0x0804b504   0x0804b504   0x00000014   Code   RO         7056    i.LCD_SetColors     bsp_lcd.o
    0x0804b518   0x0804b518   0x0000000c   Code   RO         7059    i.LCD_SetFont       bsp_lcd.o
    0x0804b524   0x0804b524   0x0000002c   Code   RO         7060    i.LCD_SetLayer      bsp_lcd.o
    0x0804b550   0x0804b550   0x0000000c   Code   RO         7061    i.LCD_SetTextColor  bsp_lcd.o
    0x0804b55c   0x0804b55c   0x00000030   Code   RO         7062    i.LCD_SetTransparency  bsp_lcd.o
    0x0804b58c   0x0804b58c   0x000000ec   Code   RO         7063    i.LCD_ShowFontCN_16  bsp_lcd.o
    0x0804b678   0x0804b678   0x0000008c   Code   RO         7064    i.LCD_ShowFontCN_40_55  bsp_lcd.o
    0x0804b704   0x0804b704   0x00000024   Code   RO         2620    i.LTDC_Cmd          stm32f4xx_ltdc.o
    0x0804b728   0x0804b728   0x00000188   Code   RO         2631    i.LTDC_Init         stm32f4xx_ltdc.o
    0x0804b8b0   0x0804b8b0   0x00000004   Code   RO         2634    i.LTDC_LayerAlpha   stm32f4xx_ltdc.o
    0x0804b8b4   0x0804b8b4   0x00000016   Code   RO         2635    i.LTDC_LayerCmd     stm32f4xx_ltdc.o
    0x0804b8ca   0x0804b8ca   0x00000114   Code   RO         2636    i.LTDC_LayerInit    stm32f4xx_ltdc.o
    0x0804b9de   0x0804b9de   0x00000002   PAD
    0x0804b9e0   0x0804b9e0   0x0000000c   Code   RO         2643    i.LTDC_ReloadConfig  stm32f4xx_ltdc.o
    0x0804b9ec   0x0804b9ec   0x00000134   Code   RO         5617    i.Led_Disp          user.o
    0x0804bb20   0x0804bb20   0x0000039c   Code   RO         6127    i.Led_Process       test.o
    0x0804bebc   0x0804bebc   0x00000518   Code   RO         6128    i.Limit_Process     test.o
    0x0804c3d4   0x0804c3d4   0x00000048   Code   RO         5291    i.ListBeep          stm32f4xx_it.o
    0x0804c41c   0x0804c41c   0x000001a8   Code   RO         5292    i.ListComp          stm32f4xx_it.o
    0x0804c5c4   0x0804c5c4   0x00000040   Code   RO         6755    i.ListCompBeep      gpio.o
    0x0804c604   0x0804c604   0x00000f14   Code   RO         6129    i.List_Process      test.o
    0x0804d518   0x0804d518   0x00000098   Code   RO         6130    i.LockProcess       test.o
    0x0804d5b0   0x0804d5b0   0x00000012   Code   RO         6401    i.MODEQ             scpi-def.o
    0x0804d5c2   0x0804d5c2   0x00000002   PAD
    0x0804d5c4   0x0804d5c4   0x00000048   Code   RO         6402    i.MODESET           scpi-def.o
    0x0804d60c   0x0804d60c   0x00000174   Code   RO         7693    i.MODS_03H          bsp_debug_usart.o
    0x0804d780   0x0804d780   0x00000068   Code   RO         7694    i.MODS_06H          bsp_debug_usart.o
    0x0804d7e8   0x0804d7e8   0x000000e4   Code   RO         7695    i.MODS_10H          bsp_debug_usart.o
    0x0804d8cc   0x0804d8cc   0x00000348   Code   RO         7696    i.MODS_ReadRegValue  bsp_debug_usart.o
    0x0804dc14   0x0804dc14   0x00000374   Code   RO         7697    i.MODS_WriteRegValue  bsp_debug_usart.o
    0x0804df88   0x0804df88   0x00000004   Code   RO         5293    i.MemManage_Handler  stm32f4xx_it.o
    0x0804df8c   0x0804df8c   0x000000d0   Code   RO         5618    i.MissConDisp       user.o
    0x0804e05c   0x0804e05c   0x00000064   Code   RO         7698    i.Mode_SW           bsp_debug_usart.o
    0x0804e0c0   0x0804e0c0   0x00000010   Code   RO         6403    i.My_CoreTstQ       scpi-def.o
    0x0804e0d0   0x0804e0d0   0x00000002   Code   RO         5294    i.NMI_Handler       stm32f4xx_it.o
    0x0804e0d2   0x0804e0d2   0x00000028   Code   RO         7699    i.NVIC_Configuration  bsp_debug_usart.o
    0x0804e0fa   0x0804e0fa   0x00000002   PAD
    0x0804e0fc   0x0804e0fc   0x00000078   Code   RO          164    i.NVIC_Init         misc.o
    0x0804e174   0x0804e174   0x00000014   Code   RO          165    i.NVIC_PriorityGroupConfig  misc.o
    0x0804e188   0x0804e188   0x00000014   Code   RO          166    i.NVIC_SetVectorTable  misc.o
    0x0804e19c   0x0804e19c   0x00000010   Code   RO         8997    i.OTG_FS_IRQHandler  usbh_it.o
    0x0804e1ac   0x0804e1ac   0x0000005c   Code   RO         7700    i.OnOff_SW          bsp_debug_usart.o
    0x0804e208   0x0804e208   0x00000006   Code   RO         6404    i.POWERQ            scpi-def.o
    0x0804e20e   0x0804e20e   0x00000006   Code   RO         6405    i.PPROTECTQ         scpi-def.o
    0x0804e214   0x0804e214   0x00000028   Code   RO         6406    i.PPROTECTSET       scpi-def.o
    0x0804e23c   0x0804e23c   0x0000000c   Code   RO         2813    i.PWR_BackupAccessCmd  stm32f4xx_pwr.o
    0x0804e248   0x0804e248   0x000006c4   Code   RO         6132    i.Para_Set_Comp     test.o
    0x0804e90c   0x0804e90c   0x000000a0   Code   RO        10690    i.ParamSignToUInt32  parser.o
    0x0804e9ac   0x0804e9ac   0x000000a0   Code   RO        10691    i.ParamSignToUInt64  parser.o
    0x0804ea4c   0x0804ea4c   0x00000070   Code   RO        10692    i.ParamSignUInt32   parser.o
    0x0804eabc   0x0804eabc   0x00000002   Code   RO         5295    i.PendSV_Handler    stm32f4xx_it.o
    0x0804eabe   0x0804eabe   0x00000002   PAD
    0x0804eac0   0x0804eac0   0x000001b4   Code   RO         6133    i.Power_Process     test.o
    0x0804ec74   0x0804ec74   0x00000060   Code   RO         7069    i.PutChar           bsp_lcd.o
    0x0804ecd4   0x0804ecd4   0x00000030   Code   RO         7070    i.PutPixel          bsp_lcd.o
    0x0804ed04   0x0804ed04   0x00000020   Code   RO         2960    i.RCC_AHB1PeriphClockCmd  stm32f4xx_rcc.o
    0x0804ed24   0x0804ed24   0x00000020   Code   RO         2962    i.RCC_AHB1PeriphResetCmd  stm32f4xx_rcc.o
    0x0804ed44   0x0804ed44   0x00000020   Code   RO         2963    i.RCC_AHB2PeriphClockCmd  stm32f4xx_rcc.o
    0x0804ed64   0x0804ed64   0x00000020   Code   RO         2966    i.RCC_AHB3PeriphClockCmd  stm32f4xx_rcc.o
    0x0804ed84   0x0804ed84   0x00000020   Code   RO         2969    i.RCC_APB1PeriphClockCmd  stm32f4xx_rcc.o
    0x0804eda4   0x0804eda4   0x00000020   Code   RO         2971    i.RCC_APB1PeriphResetCmd  stm32f4xx_rcc.o
    0x0804edc4   0x0804edc4   0x00000020   Code   RO         2972    i.RCC_APB2PeriphClockCmd  stm32f4xx_rcc.o
    0x0804ede4   0x0804ede4   0x00000020   Code   RO         2974    i.RCC_APB2PeriphResetCmd  stm32f4xx_rcc.o
    0x0804ee04   0x0804ee04   0x000000e8   Code   RO         2981    i.RCC_GetClocksFreq  stm32f4xx_rcc.o
    0x0804eeec   0x0804eeec   0x00000040   Code   RO         2982    i.RCC_GetFlagStatus  stm32f4xx_rcc.o
    0x0804ef2c   0x0804ef2c   0x0000002c   Code   RO         2990    i.RCC_LSEConfig     stm32f4xx_rcc.o
    0x0804ef58   0x0804ef58   0x00000018   Code   RO         2993    i.RCC_LTDCCLKDivConfig  stm32f4xx_rcc.o
    0x0804ef70   0x0804ef70   0x0000000c   Code   RO         3002    i.RCC_PLLSAICmd     stm32f4xx_rcc.o
    0x0804ef7c   0x0804ef7c   0x00000018   Code   RO         3003    i.RCC_PLLSAIConfig  stm32f4xx_rcc.o
    0x0804ef94   0x0804ef94   0x0000000c   Code   RO         3004    i.RCC_RTCCLKCmd     stm32f4xx_rcc.o
    0x0804efa0   0x0804efa0   0x0000003c   Code   RO         3005    i.RCC_RTCCLKConfig  stm32f4xx_rcc.o
    0x0804efdc   0x0804efdc   0x00000064   Code   RO         6134    i.READ_COMP         test.o
    0x0804f040   0x0804f040   0x00000006   Code   RO         6408    i.REMOTEQ           scpi-def.o
    0x0804f046   0x0804f046   0x00000002   PAD
    0x0804f048   0x0804f048   0x00000028   Code   RO         6409    i.REMOTESET         scpi-def.o
    0x0804f070   0x0804f070   0x00000006   Code   RO         6410    i.RESQ              scpi-def.o
    0x0804f076   0x0804f076   0x00000016   Code   RO         3367    i.RTC_Bcd2ToByte    stm32f4xx_rtc.o
    0x0804f08c   0x0804f08c   0x0000001c   Code   RO         3369    i.RTC_ByteToBcd2    stm32f4xx_rtc.o
    0x0804f0a8   0x0804f0a8   0x0000006c   Code   RO         8189    i.RTC_CLK_Config    bsp_rtc.o
    0x0804f114   0x0804f114   0x0000001c   Code   RO         3372    i.RTC_ClearFlag     stm32f4xx_rtc.o
    0x0804f130   0x0804f130   0x00000020   Code   RO         3373    i.RTC_ClearITPendingBit  stm32f4xx_rtc.o
    0x0804f150   0x0804f150   0x00000050   Code   RO         3379    i.RTC_EnterInitMode  stm32f4xx_rtc.o
    0x0804f1a0   0x0804f1a0   0x00000014   Code   RO         3380    i.RTC_ExitInitMode  stm32f4xx_rtc.o
    0x0804f1b4   0x0804f1b4   0x0000004c   Code   RO         3383    i.RTC_GetDate       stm32f4xx_rtc.o
    0x0804f200   0x0804f200   0x00000028   Code   RO         3384    i.RTC_GetFlagStatus  stm32f4xx_rtc.o
    0x0804f228   0x0804f228   0x00000050   Code   RO         3388    i.RTC_GetTime       stm32f4xx_rtc.o
    0x0804f278   0x0804f278   0x00000064   Code   RO         3392    i.RTC_ITConfig      stm32f4xx_rtc.o
    0x0804f2dc   0x0804f2dc   0x00000064   Code   RO         3393    i.RTC_Init          stm32f4xx_rtc.o
    0x0804f340   0x0804f340   0x00000020   Code   RO         3396    i.RTC_ReadBackupRegister  stm32f4xx_rtc.o
    0x0804f360   0x0804f360   0x000000c8   Code   RO         3399    i.RTC_SetDate       stm32f4xx_rtc.o
    0x0804f428   0x0804f428   0x000000d0   Code   RO         3400    i.RTC_SetTime       stm32f4xx_rtc.o
    0x0804f4f8   0x0804f4f8   0x0000001c   Code   RO         3401    i.RTC_SetWakeUpCounter  stm32f4xx_rtc.o
    0x0804f514   0x0804f514   0x00000072   Code   RO         8191    i.RTC_Set_WakeUp    bsp_rtc.o
    0x0804f586   0x0804f586   0x00000050   Code   RO         8192    i.RTC_TimeAndDate_Set  bsp_rtc.o
    0x0804f5d6   0x0804f5d6   0x00000002   PAD
    0x0804f5d8   0x0804f5d8   0x00000028   Code   RO         8194    i.RTC_WKUP_IRQHandler  bsp_rtc.o
    0x0804f600   0x0804f600   0x00000060   Code   RO         3416    i.RTC_WaitForSynchro  stm32f4xx_rtc.o
    0x0804f660   0x0804f660   0x00000030   Code   RO         3417    i.RTC_WakeUpClockConfig  stm32f4xx_rtc.o
    0x0804f690   0x0804f690   0x00000078   Code   RO         3418    i.RTC_WakeUpCmd     stm32f4xx_rtc.o
    0x0804f708   0x0804f708   0x0000001c   Code   RO         3419    i.RTC_WriteBackupRegister  stm32f4xx_rtc.o
    0x0804f724   0x0804f724   0x0000003c   Code   RO         6135    i.ReSend            test.o
    0x0804f760   0x0804f760   0x0000004c   Code   RO         7703    i.ReadData          bsp_debug_usart.o
    0x0804f7ac   0x0804f7ac   0x0000001c   Code   RO         8156    i.Read_set_flash    flash_eerom.o
    0x0804f7c8   0x0804f7c8   0x000005cc   Code   RO         7706    i.Rec3_Handle       bsp_debug_usart.o
    0x0804fd94   0x0804fd94   0x00000330   Code   RO         7707    i.Rec_Handle        bsp_debug_usart.o
    0x080500c4   0x080500c4   0x0000002c   Code   RO        10694    i.SCPI_ChoiceToName  parser.o
    0x080500f0   0x080500f0   0x00000022   Code   RO        10696    i.SCPI_CommandNumbers  parser.o
    0x08050112   0x08050112   0x00000028   Code   RO        10106    i.SCPI_CoreCls      ieee488.o
    0x0805013a   0x0805013a   0x00000026   Code   RO        10107    i.SCPI_CoreEse      ieee488.o
    0x08050160   0x08050160   0x0000001a   Code   RO        10108    i.SCPI_CoreEseQ     ieee488.o
    0x0805017a   0x0805017a   0x00000024   Code   RO        10109    i.SCPI_CoreEsrQ     ieee488.o
    0x0805019e   0x0805019e   0x00000002   PAD
    0x080501a0   0x080501a0   0x0000004c   Code   RO        10110    i.SCPI_CoreIdnQ     ieee488.o
    0x080501ec   0x080501ec   0x00000012   Code   RO        10111    i.SCPI_CoreOpc      ieee488.o
    0x080501fe   0x080501fe   0x00000010   Code   RO        10112    i.SCPI_CoreOpcQ     ieee488.o
    0x0805020e   0x0805020e   0x0000001e   Code   RO        10113    i.SCPI_CoreRst      ieee488.o
    0x0805022c   0x0805022c   0x00000026   Code   RO        10114    i.SCPI_CoreSre      ieee488.o
    0x08050252   0x08050252   0x0000001a   Code   RO        10115    i.SCPI_CoreSreQ     ieee488.o
    0x0805026c   0x0805026c   0x0000001a   Code   RO        10116    i.SCPI_CoreStbQ     ieee488.o
    0x08050286   0x08050286   0x00000006   Code   RO        10118    i.SCPI_CoreWai      ieee488.o
    0x0805028c   0x0805028c   0x00000038   Code   RO        11177    i.SCPI_DoubleToStr  utils.o
    0x080502c4   0x080502c4   0x0000004e   Code   RO         9864    i.SCPI_ErrorAddInternal  error.o
    0x08050312   0x08050312   0x00000014   Code   RO         9865    i.SCPI_ErrorClear   error.o
    0x08050326   0x08050326   0x00000018   Code   RO         9866    i.SCPI_ErrorCount   error.o
    0x0805033e   0x0805033e   0x00000026   Code   RO         9867    i.SCPI_ErrorEmit    error.o
    0x08050364   0x08050364   0x0000003a   Code   RO         9868    i.SCPI_ErrorEmitEmpty  error.o
    0x0805039e   0x0805039e   0x00000016   Code   RO         9869    i.SCPI_ErrorInit    error.o
    0x080503b4   0x080503b4   0x0000002a   Code   RO         9870    i.SCPI_ErrorPop     error.o
    0x080503de   0x080503de   0x00000014   Code   RO         9871    i.SCPI_ErrorPush    error.o
    0x080503f2   0x080503f2   0x00000002   PAD
    0x080503f4   0x080503f4   0x00000098   Code   RO         9872    i.SCPI_ErrorPushEx  error.o
    0x0805048c   0x0805048c   0x000001ec   Code   RO         9873    i.SCPI_ErrorTranslate  error.o
    0x08050678   0x08050678   0x00000010   Code   RO        10119    i.SCPI_EventClear   ieee488.o
    0x08050688   0x08050688   0x00000100   Code   RO         9957    i.SCPI_ExprChannelListEntry  expression.o
    0x08050788   0x08050788   0x0000003c   Code   RO        11178    i.SCPI_FloatToStr   utils.o
    0x080507c4   0x080507c4   0x0000004c   Code   RO        10697    i.SCPI_Init         parser.o
    0x08050810   0x08050810   0x000000d8   Code   RO        10698    i.SCPI_Input        parser.o
    0x080508e8   0x080508e8   0x000000a8   Code   RO        10638    i.SCPI_NumberToStr  units.o
    0x08050990   0x08050990   0x00000054   Code   RO        10701    i.SCPI_ParamArbitraryBlock  parser.o
    0x080509e4   0x080509e4   0x00000074   Code   RO        10708    i.SCPI_ParamBool    parser.o
    0x08050a58   0x08050a58   0x00000044   Code   RO        10710    i.SCPI_ParamChoice  parser.o
    0x08050a9c   0x08050a9c   0x000000a8   Code   RO        10711    i.SCPI_ParamCopyText  parser.o
    0x08050b44   0x08050b44   0x00000068   Code   RO        10712    i.SCPI_ParamDouble  parser.o
    0x08050bac   0x08050bac   0x00000068   Code   RO        10714    i.SCPI_ParamFloat   parser.o
    0x08050c14   0x08050c14   0x00000016   Code   RO        10715    i.SCPI_ParamInt32   parser.o
    0x08050c2a   0x08050c2a   0x00000026   Code   RO        10717    i.SCPI_ParamIsNumber  parser.o
    0x08050c50   0x08050c50   0x00000154   Code   RO        10639    i.SCPI_ParamNumber  units.o
    0x08050da4   0x08050da4   0x00000088   Code   RO        10719    i.SCPI_ParamToChoice  parser.o
    0x08050e2c   0x08050e2c   0x00000070   Code   RO        10720    i.SCPI_ParamToDouble  parser.o
    0x08050e9c   0x08050e9c   0x0000006c   Code   RO        10721    i.SCPI_ParamToFloat  parser.o
    0x08050f08   0x08050f08   0x00000016   Code   RO        10722    i.SCPI_ParamToInt32  parser.o
    0x08050f1e   0x08050f1e   0x00000016   Code   RO        10724    i.SCPI_ParamToUInt32  parser.o
    0x08050f34   0x08050f34   0x00000016   Code   RO        10725    i.SCPI_ParamToUInt64  parser.o
    0x08050f4a   0x08050f4a   0x00000016   Code   RO        10726    i.SCPI_ParamUInt32  parser.o
    0x08050f60   0x08050f60   0x000000c8   Code   RO        10728    i.SCPI_Parameter    parser.o
    0x08051028   0x08051028   0x000000e8   Code   RO        10729    i.SCPI_Parse        parser.o
    0x08051110   0x08051110   0x00000024   Code   RO        10120    i.SCPI_RegClearBits  ieee488.o
    0x08051134   0x08051134   0x00000016   Code   RO        10121    i.SCPI_RegGet       ieee488.o
    0x0805114a   0x0805114a   0x000000f8   Code   RO        10122    i.SCPI_RegSet       ieee488.o
    0x08051242   0x08051242   0x00000024   Code   RO        10123    i.SCPI_RegSetBits   ieee488.o
    0x08051266   0x08051266   0x00000028   Code   RO        10730    i.SCPI_ResultArbitraryBlock  parser.o
    0x0805128e   0x0805128e   0x00000002   PAD
    0x08051290   0x08051290   0x00000040   Code   RO        10731    i.SCPI_ResultArbitraryBlockData  parser.o
    0x080512d0   0x080512d0   0x0000003e   Code   RO        10732    i.SCPI_ResultArbitraryBlockHeader  parser.o
    0x0805130e   0x0805130e   0x0000002c   Code   RO        10744    i.SCPI_ResultCharacters  parser.o
    0x0805133a   0x0805133a   0x0000004a   Code   RO        10745    i.SCPI_ResultDouble  parser.o
    0x08051384   0x08051384   0x00000118   Code   RO        10746    i.SCPI_ResultError  parser.o
    0x0805149c   0x0805149c   0x00000042   Code   RO        10747    i.SCPI_ResultFloat  parser.o
    0x080514de   0x080514de   0x00000014   Code   RO        10748    i.SCPI_ResultInt32  parser.o
    0x080514f2   0x080514f2   0x00000012   Code   RO        10540    i.SCPI_StatusPreset  minimal.o
    0x08051504   0x08051504   0x00000020   Code   RO        10542    i.SCPI_StatusQuestionableEnable  minimal.o
    0x08051524   0x08051524   0x0000001a   Code   RO        10543    i.SCPI_StatusQuestionableEnableQ  minimal.o
    0x0805153e   0x0805153e   0x00000024   Code   RO        10544    i.SCPI_StatusQuestionableEventQ  minimal.o
    0x08051562   0x08051562   0x00000010   Code   RO        10546    i.SCPI_StubQ        minimal.o
    0x08051572   0x08051572   0x00000018   Code   RO        10547    i.SCPI_SystemErrorCountQ  minimal.o
    0x0805158a   0x0805158a   0x00000018   Code   RO        10548    i.SCPI_SystemErrorNextQ  minimal.o
    0x080515a2   0x080515a2   0x00000002   PAD
    0x080515a4   0x080515a4   0x0000001c   Code   RO        10549    i.SCPI_SystemVersionQ  minimal.o
    0x080515c0   0x080515c0   0x0000001c   Code   RO        11185    i.SCPI_UInt32ToStrBase  utils.o
    0x080515dc   0x080515dc   0x00000014   Code   RO         6141    i.SCPI_Write        test.o
    0x080515f0   0x080515f0   0x000003a8   Code   RO         7577    i.SDRAM_GPIO_Config  bsp_sdram.o
    0x08051998   0x08051998   0x00000064   Code   RO         7578    i.SDRAM_Init        bsp_sdram.o
    0x080519fc   0x080519fc   0x000000c8   Code   RO         7579    i.SDRAM_InitSequence  bsp_sdram.o
    0x08051ac4   0x08051ac4   0x00000024   Code   RO         7583    i.SDRAM_delay       bsp_sdram.o
    0x08051ae8   0x08051ae8   0x00000018   Code   RO         4115    i.SPI_Cmd           stm32f4xx_spi.o
    0x08051b00   0x08051b00   0x00000050   Code   RO         7456    i.SPI_FLASH_BufferRead  bsp_spi_flash.o
    0x08051b50   0x08051b50   0x00000122   Code   RO         7457    i.SPI_FLASH_BufferWrite  bsp_spi_flash.o
    0x08051c72   0x08051c72   0x00000002   PAD
    0x08051c74   0x08051c74   0x000000dc   Code   RO         7459    i.SPI_FLASH_Init    bsp_spi_flash.o
    0x08051d50   0x08051d50   0x00000098   Code   RO         7460    i.SPI_FLASH_PageWrite  bsp_spi_flash.o
    0x08051de8   0x08051de8   0x00000040   Code   RO         7464    i.SPI_FLASH_SectorErase  bsp_spi_flash.o
    0x08051e28   0x08051e28   0x00000078   Code   RO         7465    i.SPI_FLASH_SendByte  bsp_spi_flash.o
    0x08051ea0   0x08051ea0   0x00000054   Code   RO         7468    i.SPI_FLASH_WaitForWriteEnd  bsp_spi_flash.o
    0x08051ef4   0x08051ef4   0x0000001c   Code   RO         7469    i.SPI_FLASH_WriteEnable  bsp_spi_flash.o
    0x08051f10   0x08051f10   0x00000012   Code   RO         4123    i.SPI_I2S_GetFlagStatus  stm32f4xx_spi.o
    0x08051f22   0x08051f22   0x00000006   Code   RO         4126    i.SPI_I2S_ReceiveData  stm32f4xx_spi.o
    0x08051f28   0x08051f28   0x00000004   Code   RO         4127    i.SPI_I2S_SendData  stm32f4xx_spi.o
    0x08051f2c   0x08051f2c   0x0000003c   Code   RO         4128    i.SPI_Init          stm32f4xx_spi.o
    0x08051f68   0x08051f68   0x00000040   Code   RO         7472    i.SPI_TIMEOUT_UserCallback  bsp_spi_flash.o
    0x08051fa8   0x08051fa8   0x00000002   Code   RO         5296    i.SVC_Handler       stm32f4xx_it.o
    0x08051faa   0x08051faa   0x00000002   PAD
    0x08051fac   0x08051fac   0x00000064   Code   RO         7708    i.Sence_SW          bsp_debug_usart.o
    0x08052010   0x08052010   0x00000144   Code   RO         6142    i.SetCurrentLimit   test.o
    0x08052154   0x08052154   0x00000180   Code   RO         7710    i.SetSlavePara      bsp_debug_usart.o
    0x080522d4   0x080522d4   0x0000000c   Code   RO         5500    i.SetSoftTimer      pbdata.o
    0x080522e0   0x080522e0   0x00000120   Code   RO           13    i.SetSysClock       system_stm32f4xx.o
    0x08052400   0x08052400   0x0000005c   Code   RO         7713    i.Set_Boot          bsp_debug_usart.o
    0x0805245c   0x0805245c   0x00000064   Code   RO         7714    i.Set_Comm          bsp_debug_usart.o
    0x080524c0   0x080524c0   0x000000d0   Code   RO         7715    i.Set_Dac           bsp_debug_usart.o
    0x08052590   0x08052590   0x00001150   Code   RO         7716    i.Set_Para          bsp_debug_usart.o
    0x080536e0   0x080536e0   0x00000064   Code   RO         7717    i.Set_Tcp           bsp_debug_usart.o
    0x08053744   0x08053744   0x00000064   Code   RO         7718    i.Set_Test_Mode     bsp_debug_usart.o
    0x080537a8   0x080537a8   0x000006b0   Code   RO         6143    i.Setup_Process     test.o
    0x08053e58   0x08053e58   0x000000c4   Code   RO         5621    i.SlaveDataProc     user.o
    0x08053f1c   0x08053f1c   0x00000074   Code   RO         7719    i.SlaveOnOff        bsp_debug_usart.o
    0x08053f90   0x08053f90   0x000000c4   Code   RO         6934    i.Spin_Init         keyboard.o
    0x08054054   0x08054054   0x0000001c   Code   RO         8157    i.Store_set_flash   flash_eerom.o
    0x08054070   0x08054070   0x00000014   Code   RO         5622    i.Swap              user.o
    0x08054084   0x08054084   0x00000010   Code   RO         6767    i.SwitchLedOff      gpio.o
    0x08054094   0x08054094   0x00000010   Code   RO         6768    i.SwitchLedOn       gpio.o
    0x080540a4   0x080540a4   0x0000003c   Code   RO         5297    i.SysTick_Handler   stm32f4xx_it.o
    0x080540e0   0x080540e0   0x00000068   Code   RO         8062    i.SysTick_Init      bsp_systick.o
    0x08054148   0x08054148   0x0000006c   Code   RO           15    i.SystemInit        system_stm32f4xx.o
    0x080541b4   0x080541b4   0x00000020   Code   RO         6412    i.TEST_ArbQ         scpi-def.o
    0x080541d4   0x080541d4   0x0000001a   Code   RO         6413    i.TEST_Bool         scpi-def.o
    0x080541ee   0x080541ee   0x0000019c   Code   RO         6414    i.TEST_Chanlst      scpi-def.o
    0x0805438a   0x0805438a   0x00000002   PAD
    0x0805438c   0x0805438c   0x00000034   Code   RO         6415    i.TEST_ChoiceQ      scpi-def.o
    0x080543c0   0x080543c0   0x00000014   Code   RO         6416    i.TEST_Numbers      scpi-def.o
    0x080543d4   0x080543d4   0x00000024   Code   RO         6417    i.TEST_Text         scpi-def.o
    0x080543f8   0x080543f8   0x0000003a   Code   RO         4337    i.TI1_Config        stm32f4xx_tim.o
    0x08054432   0x08054432   0x00000050   Code   RO         4338    i.TI2_Config        stm32f4xx_tim.o
    0x08054482   0x08054482   0x00000048   Code   RO         4339    i.TI3_Config        stm32f4xx_tim.o
    0x080544ca   0x080544ca   0x00000050   Code   RO         4340    i.TI4_Config        stm32f4xx_tim.o
    0x0805451a   0x0805451a   0x00000008   Code   RO         8998    i.TIM2_IRQHandler   usbh_it.o
    0x08054522   0x08054522   0x0000000c   Code   RO         7635    i.TIM6_Configuration  bsp_basic_tim.o
    0x0805452e   0x0805452e   0x00000002   PAD
    0x08054530   0x08054530   0x00000800   Code   RO         5298    i.TIM6_DAC_IRQHandler  stm32f4xx_it.o
    0x08054d30   0x08054d30   0x0000002a   Code   RO         7636    i.TIM6_NVIC_Configuration  bsp_basic_tim.o
    0x08054d5a   0x08054d5a   0x00000018   Code   RO         4341    i.TIM_ARRPreloadConfig  stm32f4xx_tim.o
    0x08054d72   0x08054d72   0x00000006   Code   RO         4347    i.TIM_ClearFlag     stm32f4xx_tim.o
    0x08054d78   0x08054d78   0x00000006   Code   RO         4348    i.TIM_ClearITPendingBit  stm32f4xx_tim.o
    0x08054d7e   0x08054d7e   0x00000018   Code   RO         4353    i.TIM_Cmd           stm32f4xx_tim.o
    0x08054d96   0x08054d96   0x00000002   PAD
    0x08054d98   0x08054d98   0x00000190   Code   RO         4358    i.TIM_DeInit        stm32f4xx_tim.o
    0x08054f28   0x08054f28   0x00000042   Code   RO         4362    i.TIM_EncoderInterfaceConfig  stm32f4xx_tim.o
    0x08054f6a   0x08054f6a   0x00000022   Code   RO         4374    i.TIM_GetITStatus   stm32f4xx_tim.o
    0x08054f8c   0x08054f8c   0x0000006e   Code   RO         4376    i.TIM_ICInit        stm32f4xx_tim.o
    0x08054ffa   0x08054ffa   0x00000012   Code   RO         4377    i.TIM_ICStructInit  stm32f4xx_tim.o
    0x0805500c   0x0805500c   0x00000012   Code   RO         4378    i.TIM_ITConfig      stm32f4xx_tim.o
    0x0805501e   0x0805501e   0x00000002   PAD
    0x08055020   0x08055020   0x00000040   Code   RO         7637    i.TIM_Mode_Config   bsp_basic_tim.o
    0x08055060   0x08055060   0x00000012   Code   RO         4420    i.TIM_SetIC1Prescaler  stm32f4xx_tim.o
    0x08055072   0x08055072   0x0000001a   Code   RO         4421    i.TIM_SetIC2Prescaler  stm32f4xx_tim.o
    0x0805508c   0x0805508c   0x00000012   Code   RO         4422    i.TIM_SetIC3Prescaler  stm32f4xx_tim.o
    0x0805509e   0x0805509e   0x0000001a   Code   RO         4423    i.TIM_SetIC4Prescaler  stm32f4xx_tim.o
    0x080550b8   0x080550b8   0x00000084   Code   RO         4425    i.TIM_TimeBaseInit  stm32f4xx_tim.o
    0x0805513c   0x0805513c   0x00000012   Code   RO         4426    i.TIM_TimeBaseStructInit  stm32f4xx_tim.o
    0x0805514e   0x0805514e   0x00000032   Code   RO         7720    i.TailSort          bsp_debug_usart.o
    0x08055180   0x08055180   0x00000024   Code   RO         6144    i.Test_Beep         test.o
    0x080551a4   0x080551a4   0x00000200   Code   RO         6145    i.Test_Comp         test.o
    0x080553a4   0x080553a4   0x000002cc   Code   RO         5624    i.Test_Disp         user.o
    0x08055670   0x08055670   0x000007f4   Code   RO         6146    i.Test_Process      test.o
    0x08055e64   0x08055e64   0x00000018   Code   RO         8063    i.TimingDelay_Decrement  bsp_systick.o
    0x08055e7c   0x08055e7c   0x000000ec   Code   RO        11188    i.UInt32ToStrBaseSign  utils.o
    0x08055f68   0x08055f68   0x00000074   Code   RO         7721    i.UP_FILESIZE       bsp_debug_usart.o
    0x08055fdc   0x08055fdc   0x00000078   Code   RO         5299    i.USART1_IRQHandler  stm32f4xx_it.o
    0x08056054   0x08056054   0x000000c4   Code   RO         5300    i.USART3_IRQHandler  stm32f4xx_it.o
    0x08056118   0x08056118   0x00000018   Code   RO         4907    i.USART_Cmd         stm32f4xx_usart.o
    0x08056130   0x08056130   0x00000012   Code   RO         4908    i.USART_DMACmd      stm32f4xx_usart.o
    0x08056142   0x08056142   0x0000001a   Code   RO         4910    i.USART_GetFlagStatus  stm32f4xx_usart.o
    0x0805615c   0x0805615c   0x00000054   Code   RO         4911    i.USART_GetITStatus  stm32f4xx_usart.o
    0x080561b0   0x080561b0   0x0000004a   Code   RO         4913    i.USART_ITConfig    stm32f4xx_usart.o
    0x080561fa   0x080561fa   0x00000002   PAD
    0x080561fc   0x080561fc   0x000000d4   Code   RO         4914    i.USART_Init        stm32f4xx_usart.o
    0x080562d0   0x080562d0   0x00000008   Code   RO         4924    i.USART_SendData    stm32f4xx_usart.o
    0x080562d8   0x080562d8   0x00000026   Code   RO         9453    i.USBH_Alloc_Channel  usbh_hcs.o
    0x080562fe   0x080562fe   0x00000060   Code   RO         9506    i.USBH_BulkReceiveData  usbh_ioreq.o
    0x0805635e   0x0805635e   0x0000005e   Code   RO         9507    i.USBH_BulkSendData  usbh_ioreq.o
    0x080563bc   0x080563bc   0x0000004c   Code   RO         9589    i.USBH_ClrFeature   usbh_stdreq.o
    0x08056408   0x08056408   0x0000000c   Code   RO         9376    i.USBH_Connected    usbh_core.o
    0x08056414   0x08056414   0x00000046   Code   RO         9508    i.USBH_CtlReceiveData  usbh_ioreq.o
    0x0805645a   0x0805645a   0x00000064   Code   RO         9509    i.USBH_CtlReq       usbh_ioreq.o
    0x080564be   0x080564be   0x0000006e   Code   RO         9510    i.USBH_CtlSendData  usbh_ioreq.o
    0x0805652c   0x0805652c   0x00000042   Code   RO         9511    i.USBH_CtlSendSetup  usbh_ioreq.o
    0x0805656e   0x0805656e   0x0000001c   Code   RO         9454    i.USBH_DeAllocate_AllChannel  usbh_hcs.o
    0x0805658a   0x0805658a   0x0000003a   Code   RO         9377    i.USBH_DeInit       usbh_core.o
    0x080565c4   0x080565c4   0x0000000c   Code   RO         9378    i.USBH_Disconnected  usbh_core.o
    0x080565d0   0x080565d0   0x0000002e   Code   RO         9379    i.USBH_ErrorHandle  usbh_core.o
    0x080565fe   0x080565fe   0x0000001e   Code   RO         9455    i.USBH_Free_Channel  usbh_hcs.o
    0x0805661c   0x0805661c   0x00000044   Code   RO         9590    i.USBH_GetDescriptor  usbh_stdreq.o
    0x08056660   0x08056660   0x00000028   Code   RO         9456    i.USBH_GetFreeChannel  usbh_hcs.o
    0x08056688   0x08056688   0x00000012   Code   RO         9591    i.USBH_GetNextDesc  usbh_stdreq.o
    0x0805669a   0x0805669a   0x00000002   PAD
    0x0805669c   0x0805669c   0x0000005c   Code   RO         9592    i.USBH_Get_CfgDesc  usbh_stdreq.o
    0x080566f8   0x080566f8   0x00000038   Code   RO         9593    i.USBH_Get_DevDesc  usbh_stdreq.o
    0x08056730   0x08056730   0x0000003c   Code   RO         9594    i.USBH_Get_StringDesc  usbh_stdreq.o
    0x0805676c   0x0805676c   0x00000224   Code   RO         9380    i.USBH_HandleControl  usbh_core.o
    0x08056990   0x08056990   0x000001dc   Code   RO         9381    i.USBH_HandleEnum   usbh_core.o
    0x08056b6c   0x08056b6c   0x00000044   Code   RO         9382    i.USBH_Init         usbh_core.o
    0x08056bb0   0x08056bb0   0x00000024   Code   RO         9742    i.USBH_MSC_BOTReset  usbh_msc_core.o
    0x08056bd4   0x08056bd4   0x00000060   Code   RO         9693    i.USBH_MSC_BOT_Abort  usbh_msc_bot.o
    0x08056c34   0x08056c34   0x00000014   Code   RO         9743    i.USBH_MSC_ClassRequest  usbh_msc_core.o
    0x08056c48   0x08056c48   0x00000080   Code   RO         9694    i.USBH_MSC_DecodeCSW  usbh_msc_bot.o
    0x08056cc8   0x08056cc8   0x00000044   Code   RO         9744    i.USBH_MSC_ErrorHandle  usbh_msc_core.o
    0x08056d0c   0x08056d0c   0x0000002c   Code   RO         9745    i.USBH_MSC_GETMaxLUN  usbh_msc_core.o
    0x08056d38   0x08056d38   0x000001a8   Code   RO         9746    i.USBH_MSC_Handle   usbh_msc_core.o
    0x08056ee0   0x08056ee0   0x00000350   Code   RO         9695    i.USBH_MSC_HandleBOTXfer  usbh_msc_bot.o
    0x08057230   0x08057230   0x00000044   Code   RO         9696    i.USBH_MSC_Init     usbh_msc_bot.o
    0x08057274   0x08057274   0x0000004c   Code   RO         9747    i.USBH_MSC_InterfaceDeInit  usbh_msc_core.o
    0x080572c0   0x080572c0   0x000000d0   Code   RO         9748    i.USBH_MSC_InterfaceInit  usbh_msc_core.o
    0x08057390   0x08057390   0x000000d0   Code   RO         9803    i.USBH_MSC_ModeSense6  usbh_msc_scsi.o
    0x08057460   0x08057460   0x00000100   Code   RO         9804    i.USBH_MSC_Read10   usbh_msc_scsi.o
    0x08057560   0x08057560   0x000000dc   Code   RO         9805    i.USBH_MSC_ReadCapacity10  usbh_msc_scsi.o
    0x0805763c   0x0805763c   0x000000e0   Code   RO         9806    i.USBH_MSC_RequestSense  usbh_msc_scsi.o
    0x0805771c   0x0805771c   0x000000b0   Code   RO         9807    i.USBH_MSC_TestUnitReady  usbh_msc_scsi.o
    0x080577cc   0x080577cc   0x000000e4   Code   RO         9808    i.USBH_MSC_Write10  usbh_msc_scsi.o
    0x080578b0   0x080578b0   0x00000064   Code   RO         9457    i.USBH_Modify_Channel  usbh_hcs.o
    0x08057914   0x08057914   0x000000a8   Code   RO         9031    i.USBH_OTG_ISR_Handler  usb_hcd_int.o
    0x080579bc   0x080579bc   0x0000009a   Code   RO         9458    i.USBH_Open_Channel  usbh_hcs.o
    0x08057a56   0x08057a56   0x00000002   PAD
    0x08057a58   0x08057a58   0x0000011c   Code   RO         9595    i.USBH_ParseCfgDesc  usbh_stdreq.o
    0x08057b74   0x08057b74   0x00000058   Code   RO         9596    i.USBH_ParseDevDesc  usbh_stdreq.o
    0x08057bcc   0x08057bcc   0x00000020   Code   RO         9597    i.USBH_ParseEPDesc  usbh_stdreq.o
    0x08057bec   0x08057bec   0x00000026   Code   RO         9598    i.USBH_ParseInterfaceDesc  usbh_stdreq.o
    0x08057c12   0x08057c12   0x00000036   Code   RO         9599    i.USBH_ParseStringDesc  usbh_stdreq.o
    0x08057c48   0x08057c48   0x000001a6   Code   RO         9383    i.USBH_Process      usbh_core.o
    0x08057dee   0x08057dee   0x00000006   Code   RO         9384    i.USBH_SOF          usbh_core.o
    0x08057df4   0x08057df4   0x00000026   Code   RO         9600    i.USBH_SetAddress   usbh_stdreq.o
    0x08057e1a   0x08057e1a   0x00000026   Code   RO         9601    i.USBH_SetCfg       usbh_stdreq.o
    0x08057e40   0x08057e40   0x00000018   Code   RO         9516    i.USBH_SubmitSetupRequest  usbh_ioreq.o
    0x08057e58   0x08057e58   0x0000001c   Code   RO         8814    i.USBH_USR_Configuration_DescAvailable  usbh_usr.o
    0x08057e74   0x08057e74   0x00000002   Code   RO         8815    i.USBH_USR_DeInit   usbh_usr.o
    0x08057e76   0x08057e76   0x00000002   Code   RO         8816    i.USBH_USR_DeviceAddressAssigned  usbh_usr.o
    0x08057e78   0x08057e78   0x00000014   Code   RO         8817    i.USBH_USR_DeviceAttached  usbh_usr.o
    0x08057e8c   0x08057e8c   0x00000018   Code   RO         8818    i.USBH_USR_DeviceDisconnected  usbh_usr.o
    0x08057ea4   0x08057ea4   0x00000006   Code   RO         8819    i.USBH_USR_DeviceNotSupported  usbh_usr.o
    0x08057eaa   0x08057eaa   0x0000001c   Code   RO         8820    i.USBH_USR_DeviceSpeedDetected  usbh_usr.o
    0x08057ec6   0x08057ec6   0x0000000c   Code   RO         8821    i.USBH_USR_Device_DescAvailable  usbh_usr.o
    0x08057ed2   0x08057ed2   0x00000006   Code   RO         8822    i.USBH_USR_EnumerationDone  usbh_usr.o
    0x08057ed8   0x08057ed8   0x00000020   Code   RO         8823    i.USBH_USR_Init     usbh_usr.o
    0x08057ef8   0x08057ef8   0x00000004   Code   RO         8824    i.USBH_USR_MSC_Application  usbh_usr.o
    0x08057efc   0x08057efc   0x00000006   Code   RO         8825    i.USBH_USR_Manufacturer_String  usbh_usr.o
    0x08057f02   0x08057f02   0x00000006   Code   RO         8826    i.USBH_USR_OverCurrentDetected  usbh_usr.o
    0x08057f08   0x08057f08   0x00000006   Code   RO         8827    i.USBH_USR_Product_String  usbh_usr.o
    0x08057f0e   0x08057f0e   0x00000006   Code   RO         8828    i.USBH_USR_ResetDevice  usbh_usr.o
    0x08057f14   0x08057f14   0x00000006   Code   RO         8829    i.USBH_USR_SerialNum_String  usbh_usr.o
    0x08057f1a   0x08057f1a   0x00000006   Code   RO         8830    i.USBH_USR_UnrecoveredError  usbh_usr.o
    0x08057f20   0x08057f20   0x00000004   Code   RO         8831    i.USBH_USR_UserInput  usbh_usr.o
    0x08057f24   0x08057f24   0x00000014   Code   RO         8738    i.USB_OTG_BSP_ConfigVBUS  usb_bsp.o
    0x08057f38   0x08057f38   0x00000002   Code   RO         8739    i.USB_OTG_BSP_DriveVBUS  usb_bsp.o
    0x08057f3a   0x08057f3a   0x0000002c   Code   RO         8740    i.USB_OTG_BSP_EnableInterrupt  usb_bsp.o
    0x08057f66   0x08057f66   0x00000002   PAD
    0x08057f68   0x08057f68   0x00000058   Code   RO         8741    i.USB_OTG_BSP_Init  usb_bsp.o
    0x08057fc0   0x08057fc0   0x00000038   Code   RO         8742    i.USB_OTG_BSP_TimeInit  usb_bsp.o
    0x08057ff8   0x08057ff8   0x00000038   Code   RO         8743    i.USB_OTG_BSP_TimerIRQ  usb_bsp.o
    0x08058030   0x08058030   0x0000000e   Code   RO         8744    i.USB_OTG_BSP_mDelay  usb_bsp.o
    0x0805803e   0x0805803e   0x0000000e   Code   RO         8745    i.USB_OTG_BSP_uDelay  usb_bsp.o
    0x0805804c   0x0805804c   0x00000126   Code   RO         9186    i.USB_OTG_CoreInit  usb_core.o
    0x08058172   0x08058172   0x000000d6   Code   RO         9187    i.USB_OTG_CoreInitHost  usb_core.o
    0x08058248   0x08058248   0x00000070   Code   RO         9188    i.USB_OTG_CoreReset  usb_core.o
    0x080582b8   0x080582b8   0x00000022   Code   RO         9189    i.USB_OTG_DisableGlobalInt  usb_core.o
    0x080582da   0x080582da   0x0000005c   Code   RO         9190    i.USB_OTG_DriveVbus  usb_core.o
    0x08058336   0x08058336   0x00000034   Code   RO         9191    i.USB_OTG_EnableCommonInt  usb_core.o
    0x0805836a   0x0805836a   0x00000022   Code   RO         9192    i.USB_OTG_EnableGlobalInt  usb_core.o
    0x0805838c   0x0805838c   0x00000074   Code   RO         9193    i.USB_OTG_EnableHostInt  usb_core.o
    0x08058400   0x08058400   0x0000004c   Code   RO         9194    i.USB_OTG_FlushRxFifo  usb_core.o
    0x0805844c   0x0805844c   0x00000054   Code   RO         9195    i.USB_OTG_FlushTxFifo  usb_core.o
    0x080584a0   0x080584a0   0x0000000c   Code   RO         9196    i.USB_OTG_GetMode   usb_core.o
    0x080584ac   0x080584ac   0x0000005a   Code   RO         9197    i.USB_OTG_HC_DoPing  usb_core.o
    0x08058506   0x08058506   0x00000082   Code   RO         9198    i.USB_OTG_HC_Halt   usb_core.o
    0x08058588   0x08058588   0x00000238   Code   RO         9199    i.USB_OTG_HC_Init   usb_core.o
    0x080587c0   0x080587c0   0x000001f6   Code   RO         9200    i.USB_OTG_HC_StartXfer  usb_core.o
    0x080589b6   0x080589b6   0x00000018   Code   RO         9201    i.USB_OTG_InitFSLSPClkSel  usb_core.o
    0x080589ce   0x080589ce   0x00000010   Code   RO         9203    i.USB_OTG_IsEvenFrame  usb_core.o
    0x080589de   0x080589de   0x00000014   Code   RO         9204    i.USB_OTG_IsHostMode  usb_core.o
    0x080589f2   0x080589f2   0x00000010   Code   RO         9205    i.USB_OTG_ReadCoreItr  usb_core.o
    0x08058a02   0x08058a02   0x00000030   Code   RO         9206    i.USB_OTG_ReadHPRT0  usb_core.o
    0x08058a32   0x08058a32   0x00000008   Code   RO         9207    i.USB_OTG_ReadHostAllChannels_intr  usb_core.o
    0x08058a3a   0x08058a3a   0x00000028   Code   RO         9209    i.USB_OTG_ReadPacket  usb_core.o
    0x08058a62   0x08058a62   0x00000040   Code   RO         9210    i.USB_OTG_ResetPort  usb_core.o
    0x08058aa2   0x08058aa2   0x00000002   PAD
    0x08058aa4   0x08058aa4   0x000000d0   Code   RO         9211    i.USB_OTG_SelectCore  usb_core.o
    0x08058b74   0x08058b74   0x0000004e   Code   RO         9212    i.USB_OTG_SetCurrentMode  usb_core.o
    0x08058bc2   0x08058bc2   0x00000002   PAD
    0x08058bc4   0x08058bc4   0x0000002c   Code   RO         9032    i.USB_OTG_USBH_handle_Disconnect_ISR  usb_hcd_int.o
    0x08058bf0   0x08058bf0   0x00000046   Code   RO         9033    i.USB_OTG_USBH_handle_IncompletePeriodicXfer_ISR  usb_hcd_int.o
    0x08058c36   0x08058c36   0x00000056   Code   RO         9034    i.USB_OTG_USBH_handle_hc_ISR  usb_hcd_int.o
    0x08058c8c   0x08058c8c   0x0000042a   Code   RO         9035    i.USB_OTG_USBH_handle_hc_n_In_ISR  usb_hcd_int.o
    0x080590b6   0x080590b6   0x000003d0   Code   RO         9036    i.USB_OTG_USBH_handle_hc_n_Out_ISR  usb_hcd_int.o
    0x08059486   0x08059486   0x0000012e   Code   RO         9037    i.USB_OTG_USBH_handle_nptxfempty_ISR  usb_hcd_int.o
    0x080595b4   0x080595b4   0x00000120   Code   RO         9038    i.USB_OTG_USBH_handle_port_ISR  usb_hcd_int.o
    0x080596d4   0x080596d4   0x0000012e   Code   RO         9039    i.USB_OTG_USBH_handle_ptxfempty_ISR  usb_hcd_int.o
    0x08059802   0x08059802   0x00000164   Code   RO         9040    i.USB_OTG_USBH_handle_rx_qlvl_ISR  usb_hcd_int.o
    0x08059966   0x08059966   0x00000002   PAD
    0x08059968   0x08059968   0x0000002c   Code   RO         9041    i.USB_OTG_USBH_handle_sof_ISR  usb_hcd_int.o
    0x08059994   0x08059994   0x00000040   Code   RO         9214    i.USB_OTG_WritePacket  usb_core.o
    0x080599d4   0x080599d4   0x00000074   Code   RO         7722    i.Uart1SendBuff     bsp_debug_usart.o
    0x08059a48   0x08059a48   0x00000074   Code   RO         7723    i.Uart3SendBuff     bsp_debug_usart.o
    0x08059abc   0x08059abc   0x00000094   Code   RO         6147    i.UpError           test.o
    0x08059b50   0x08059b50   0x000002e8   Code   RO         6148    i.UpdateProcess     test.o
    0x08059e38   0x08059e38   0x00000004   Code   RO         5301    i.UsageFault_Handler  stm32f4xx_it.o
    0x08059e3c   0x08059e3c   0x00000504   Code   RO         6149    i.Use_DebugProcess  test.o
    0x0805a340   0x0805a340   0x00000618   Code   RO         5626    i.Use_SysSetProcess  user.o
    0x0805a958   0x0805a958   0x00000006   Code   RO         6418    i.VOFFQ             scpi-def.o
    0x0805a95e   0x0805a95e   0x00000002   PAD
    0x0805a960   0x0805a960   0x00000028   Code   RO         6419    i.VOFFSET           scpi-def.o
    0x0805a988   0x0805a988   0x00000064   Code   RO         6420    i.VOLTAGEQ          scpi-def.o
    0x0805a9ec   0x0805a9ec   0x00000006   Code   RO         6421    i.VONQ              scpi-def.o
    0x0805a9f2   0x0805a9f2   0x00000002   PAD
    0x0805a9f4   0x0805a9f4   0x00000028   Code   RO         6422    i.VONSET            scpi-def.o
    0x0805aa1c   0x0805aa1c   0x00000006   Code   RO         6423    i.VPROTECTQ         scpi-def.o
    0x0805aa22   0x0805aa22   0x00000002   PAD
    0x0805aa24   0x0805aa24   0x00000028   Code   RO         6424    i.VPROTECTSET       scpi-def.o
    0x0805aa4c   0x0805aa4c   0x00000006   Code   RO         6425    i.VRANGEQ           scpi-def.o
    0x0805aa52   0x0805aa52   0x00000002   PAD
    0x0805aa54   0x0805aa54   0x00000028   Code   RO         6426    i.VRANGESET         scpi-def.o
    0x0805aa7c   0x0805aa7c   0x00000064   Code   RO         7727    i.V_Gear_SW         bsp_debug_usart.o
    0x0805aae0   0x0805aae0   0x0000001a   Code   RO         7071    i.WriteOneHzChar_16  bsp_lcd.o
    0x0805aafa   0x0805aafa   0x00000002   PAD
    0x0805aafc   0x0805aafc   0x000000cc   Code   RO         7072    i.WriteString_16    bsp_lcd.o
    0x0805abc8   0x0805abc8   0x00000020   Code   RO        11712    i.__0printf         mc_w.l(printfa.o)
    0x0805abe8   0x0805abe8   0x00000030   Code   RO        11713    i.__0snprintf       mc_w.l(printfa.o)
    0x0805ac18   0x0805ac18   0x00000028   Code   RO        11714    i.__0sprintf        mc_w.l(printfa.o)
    0x0805ac40   0x0805ac40   0x00000030   Code   RO        11794    i.__ARM_fpclassify  m_wm.l(fpclassify.o)
    0x0805ac70   0x0805ac70   0x00000008   Code   RO        11836    i.__aeabi_errno_addr  mc_w.l(errno.o)
    0x0805ac78   0x0805ac78   0x00000c50   Code   RO        11398    i.__hardfp_pow      m_wm.l(pow.o)
    0x0805b8c8   0x0805b8c8   0x00000028   Code   RO        11412    i.__hardfp_strtod   m_wm.l(strtod.o)
    0x0805b8f0   0x0805b8f0   0x00000038   Code   RO        11418    i.__hardfp_strtof   m_wm.l(strtof.o)
    0x0805b928   0x0805b928   0x000000f8   Code   RO        11796    i.__kernel_poly     m_wm.l(poly.o)
    0x0805ba20   0x0805ba20   0x00000030   Code   RO        11774    i.__mathlib_dbl_divzero  m_wm.l(dunder.o)
    0x0805ba50   0x0805ba50   0x00000014   Code   RO        11776    i.__mathlib_dbl_infnan2  m_wm.l(dunder.o)
    0x0805ba64   0x0805ba64   0x00000004   PAD
    0x0805ba68   0x0805ba68   0x00000020   Code   RO        11777    i.__mathlib_dbl_invalid  m_wm.l(dunder.o)
    0x0805ba88   0x0805ba88   0x00000020   Code   RO        11778    i.__mathlib_dbl_overflow  m_wm.l(dunder.o)
    0x0805baa8   0x0805baa8   0x00000020   Code   RO        11780    i.__mathlib_dbl_underflow  m_wm.l(dunder.o)
    0x0805bac8   0x0805bac8   0x0000000e   Code   RO        11881    i.__scatterload_copy  mc_w.l(handlers.o)
    0x0805bad6   0x0805bad6   0x00000002   Code   RO        11882    i.__scatterload_null  mc_w.l(handlers.o)
    0x0805bad8   0x0805bad8   0x0000000e   Code   RO        11883    i.__scatterload_zeroinit  mc_w.l(handlers.o)
    0x0805bae6   0x0805bae6   0x00000002   PAD
    0x0805bae8   0x0805bae8   0x0000000c   Code   RO        11838    i.__set_errno       mc_w.l(errno.o)
    0x0805baf4   0x0805baf4   0x00000184   Code   RO        11719    i._fp_digits        mc_w.l(printfa.o)
    0x0805bc78   0x0805bc78   0x0000000e   Code   RO        11868    i._is_digit         mc_w.l(scanf_fp.o)
    0x0805bc86   0x0805bc86   0x00000002   PAD
    0x0805bc88   0x0805bc88   0x000006dc   Code   RO        11720    i._printf_core      mc_w.l(printfa.o)
    0x0805c364   0x0805c364   0x00000024   Code   RO        11721    i._printf_post_padding  mc_w.l(printfa.o)
    0x0805c388   0x0805c388   0x0000002e   Code   RO        11722    i._printf_pre_padding  mc_w.l(printfa.o)
    0x0805c3b6   0x0805c3b6   0x00000016   Code   RO        11723    i._snputc           mc_w.l(printfa.o)
    0x0805c3cc   0x0805c3cc   0x0000000a   Code   RO        11724    i._sputc            mc_w.l(printfa.o)
    0x0805c3d6   0x0805c3d6   0x00000080   Code   RO         9961    i.channelRange      expression.o
    0x0805c456   0x0805c456   0x00000056   Code   RO         9962    i.channelSpec       expression.o
    0x0805c4ac   0x0805c4ac   0x00000090   Code   RO         8364    i.check_fs          ff.o
    0x0805c53c   0x0805c53c   0x00000014   Code   RO         8365    i.chk_chr           ff.o
    0x0805c550   0x0805c550   0x0000001a   Code   RO         8366    i.clust2sect        ff.o
    0x0805c56a   0x0805c56a   0x00000002   PAD
    0x0805c56c   0x0805c56c   0x00000024   Code   RO        11191    i.cmdSeparatorPos   utils.o
    0x0805c590   0x0805c590   0x00000090   Code   RO         8367    i.cmp_lfn           ff.o
    0x0805c620   0x0805c620   0x0000002a   Code   RO        11192    i.compareStr        utils.o
    0x0805c64a   0x0805c64a   0x0000007a   Code   RO        11193    i.compareStrAndNum  utils.o
    0x0805c6c4   0x0805c6c4   0x00000078   Code   RO        11194    i.composeCompoundCommand  utils.o
    0x0805c73c   0x0805c73c   0x000000d6   Code   RO         8368    i.create_chain      ff.o
    0x0805c812   0x0805c812   0x00000002   PAD
    0x0805c814   0x0805c814   0x00000270   Code   RO         8369    i.create_name       ff.o
    0x0805ca84   0x0805ca84   0x0000000a   Code   RO         5501    i.delay             pbdata.o
    0x0805ca8e   0x0805ca8e   0x00000036   Code   RO         8065    i.delay_1us         bsp_systick.o
    0x0805cac4   0x0805cac4   0x0000000a   Code   RO         8066    i.delay_us          bsp_systick.o
    0x0805cace   0x0805cace   0x0000005c   Code   RO         8370    i.dir_alloc         ff.o
    0x0805cb2a   0x0805cb2a   0x000000ea   Code   RO         8371    i.dir_find          ff.o
    0x0805cc14   0x0805cc14   0x0000013c   Code   RO         8372    i.dir_next          ff.o
    0x0805cd50   0x0805cd50   0x0000012a   Code   RO         8374    i.dir_register      ff.o
    0x0805ce7a   0x0805ce7a   0x000000c8   Code   RO         8376    i.dir_sdi           ff.o
    0x0805cf42   0x0805cf42   0x00000002   PAD
    0x0805cf44   0x0805cf44   0x0000001c   Code   RO         8300    i.disk_initialize   diskio.o
    0x0805cf60   0x0805cf60   0x00000044   Code   RO         8301    i.disk_ioctl        diskio.o
    0x0805cfa4   0x0805cfa4   0x00000068   Code   RO         8302    i.disk_read         diskio.o
    0x0805d00c   0x0805d00c   0x00000008   Code   RO         8303    i.disk_status       diskio.o
    0x0805d014   0x0805d014   0x00000054   Code   RO         8304    i.disk_write        diskio.o
    0x0805d068   0x0805d068   0x0000005c   Code   RO         8386    i.f_mount           ff.o
    0x0805d0c4   0x0805d0c4   0x0000016a   Code   RO         8387    i.f_open            ff.o
    0x0805d22e   0x0805d22e   0x000001d0   Code   RO         8392    i.f_read            ff.o
    0x0805d3fe   0x0805d3fe   0x00000018   Code   RO        11790    i.fabs              m_wm.l(fabs.o)
    0x0805d416   0x0805d416   0x00000002   PAD
    0x0805d418   0x0805d418   0x0000007c   Code   RO         8704    i.ff_convert        cc936.o
    0x0805d494   0x0805d494   0x00000038   Code   RO         8705    i.ff_wtoupper       cc936.o
    0x0805d4cc   0x0805d4cc   0x00000048   Code   RO        10037    i.fifo_add          fifo.o
    0x0805d514   0x0805d514   0x0000000a   Code   RO        10038    i.fifo_clear        fifo.o
    0x0805d51e   0x0805d51e   0x0000000a   Code   RO        10039    i.fifo_count        fifo.o
    0x0805d528   0x0805d528   0x0000000e   Code   RO        10040    i.fifo_init         fifo.o
    0x0805d536   0x0805d536   0x0000000e   Code   RO        10041    i.fifo_is_empty     fifo.o
    0x0805d544   0x0805d544   0x00000016   Code   RO        10042    i.fifo_is_full      fifo.o
    0x0805d55a   0x0805d55a   0x00000044   Code   RO        10043    i.fifo_remove       fifo.o
    0x0805d59e   0x0805d59e   0x00000046   Code   RO        10044    i.fifo_remove_last  fifo.o
    0x0805d5e4   0x0805d5e4   0x00000048   Code   RO        10753    i.findCommandHeader  parser.o
    0x0805d62c   0x0805d62c   0x00000040   Code   RO         7074    i.findHzIndex_16    bsp_lcd.o
    0x0805d66c   0x0805d66c   0x000003c8   Code   RO         8402    i.find_volume       ff.o
    0x0805da34   0x0805da34   0x00000080   Code   RO         8403    i.fit_lfn           ff.o
    0x0805dab4   0x0805dab4   0x0000001e   Code   RO        10754    i.flushData         parser.o
    0x0805dad2   0x0805dad2   0x00000090   Code   RO         8404    i.follow_path       ff.o
    0x0805db62   0x0805db62   0x00000002   PAD
    0x0805db64   0x0805db64   0x00000024   Code   RO         7729    i.fputc             bsp_debug_usart.o
    0x0805db88   0x0805db88   0x000000c8   Code   RO         8405    i.gen_numname       ff.o
    0x0805dc50   0x0805dc50   0x0000002c   Code   RO        10755    i.getBasePrefix     parser.o
    0x0805dc7c   0x0805dc7c   0x0000013e   Code   RO         8406    i.get_fat           ff.o
    0x0805ddba   0x0805ddba   0x00000044   Code   RO         8305    i.get_fattime       diskio.o
    0x0805ddfe   0x0805ddfe   0x0000004a   Code   RO         8408    i.get_ldnumber      ff.o
    0x0805de48   0x0805de48   0x00000260   Code   RO         5627    i.input_num         user.o
    0x0805e0a8   0x0805e0a8   0x00000318   Code   RO         5628    i.input_password    user.o
    0x0805e3c0   0x0805e3c0   0x00000034   Code   RO         5629    i.insert_element    user.o
    0x0805e3f4   0x0805e3f4   0x0000000c   Code   RO        10756    i.invalidateToken   parser.o
    0x0805e400   0x0805e400   0x00000012   Code   RO        10252    i.isB               lexer.o
    0x0805e412   0x0805e412   0x00000012   Code   RO        10253    i.isE               lexer.o
    0x0805e424   0x0805e424   0x00000012   Code   RO        10254    i.isH               lexer.o
    0x0805e436   0x0805e436   0x0000001c   Code   RO        10255    i.isNonzeroDigit    lexer.o
    0x0805e452   0x0805e452   0x0000002a   Code   RO        10256    i.isProgramExpression  lexer.o
    0x0805e47c   0x0805e47c   0x00000012   Code   RO        10257    i.isQ               lexer.o
    0x0805e48e   0x0805e48e   0x00000012   Code   RO        10258    i.isascii7bit       lexer.o
    0x0805e4a0   0x0805e4a0   0x00000012   Code   RO        10259    i.isbdigit          lexer.o
    0x0805e4b2   0x0805e4b2   0x00000012   Code   RO        10260    i.ischr             lexer.o
    0x0805e4c4   0x0805e4c4   0x00000016   Code   RO        10261    i.iseos             lexer.o
    0x0805e4da   0x0805e4da   0x00000012   Code   RO        10262    i.isplusmn          lexer.o
    0x0805e4ec   0x0805e4ec   0x0000002a   Code   RO        10263    i.isqdigit          lexer.o
    0x0805e516   0x0805e516   0x00000012   Code   RO        10264    i.isws              lexer.o
    0x0805e528   0x0805e528   0x0000000a   Code   RO         6772    i.keydelay          gpio.o
    0x0805e532   0x0805e532   0x00000002   PAD
    0x0805e534   0x0805e534   0x00000030   Code   RO         7075    i.lcd_image         bsp_lcd.o
    0x0805e564   0x0805e564   0x00000020   Code   RO         8409    i.ld_clust          ff.o
    0x0805e584   0x0805e584   0x00000024   Code   RO         6150    i.listreset         test.o
    0x0805e5a8   0x0805e5a8   0x0000001c   Code   RO         6151    i.lockcheck         test.o
    0x0805e5c4   0x0805e5c4   0x000000c0   Code   RO         5161    i.main              main.o
    0x0805e684   0x0805e684   0x0000027c   Code   RO        11195    i.matchCommand      utils.o
    0x0805e900   0x0805e900   0x0000007e   Code   RO        11196    i.matchPattern      utils.o
    0x0805e97e   0x0805e97e   0x00000026   Code   RO         8410    i.mem_cmp           ff.o
    0x0805e9a4   0x0805e9a4   0x0000001a   Code   RO         8411    i.mem_cpy           ff.o
    0x0805e9be   0x0805e9be   0x00000014   Code   RO         8412    i.mem_set           ff.o
    0x0805e9d2   0x0805e9d2   0x00000034   Code   RO         8413    i.move_window       ff.o
    0x0805ea06   0x0805ea06   0x00000002   PAD
    0x0805ea08   0x0805ea08   0x00000024   Code   RO        11197    i.patternSeparatorPos  utils.o
    0x0805ea2c   0x0805ea2c   0x0000002e   Code   RO        11198    i.patternSeparatorShortPos  utils.o
    0x0805ea5a   0x0805ea5a   0x00000070   Code   RO        10757    i.processCommand    parser.o
    0x0805eaca   0x0805eaca   0x00000188   Code   RO         8415    i.put_fat           ff.o
    0x0805ec52   0x0805ec52   0x0000001c   Code   RO        10124    i.regUpdate         ieee488.o
    0x0805ec6e   0x0805ec6e   0x0000002c   Code   RO        10125    i.regUpdateEvent    ieee488.o
    0x0805ec9a   0x0805ec9a   0x00000032   Code   RO        10126    i.regUpdateSTB      ieee488.o
    0x0805eccc   0x0805eccc   0x0000006c   Code   RO         8417    i.remove_chain      ff.o
    0x0805ed38   0x0805ed38   0x0000005e   Code   RO        10759    i.resultUInt32BaseSign  parser.o
    0x0805ed96   0x0805ed96   0x00000100   Code   RO        10265    i.scpiLex_ArbitraryBlockProgramData  lexer.o
    0x0805ee96   0x0805ee96   0x00000076   Code   RO        10266    i.scpiLex_CharacterProgramData  lexer.o
    0x0805ef0c   0x0805ef0c   0x0000002a   Code   RO        10267    i.scpiLex_Colon     lexer.o
    0x0805ef36   0x0805ef36   0x0000002a   Code   RO        10268    i.scpiLex_Comma     lexer.o
    0x0805ef60   0x0805ef60   0x00000046   Code   RO        10269    i.scpiLex_DecimalNumericProgramData  lexer.o
    0x0805efa6   0x0805efa6   0x0000000c   Code   RO        10270    i.scpiLex_IsEos     lexer.o
    0x0805efb2   0x0805efb2   0x0000003e   Code   RO        10271    i.scpiLex_NewLine   lexer.o
    0x0805eff0   0x0805eff0   0x000000a4   Code   RO        10272    i.scpiLex_NondecimalNumericData  lexer.o
    0x0805f094   0x0805f094   0x0000006a   Code   RO        10273    i.scpiLex_ProgramExpression  lexer.o
    0x0805f0fe   0x0805f0fe   0x00000086   Code   RO        10274    i.scpiLex_ProgramHeader  lexer.o
    0x0805f184   0x0805f184   0x00000028   Code   RO        10275    i.scpiLex_Semicolon  lexer.o
    0x0805f1ac   0x0805f1ac   0x0000002c   Code   RO        10276    i.scpiLex_SpecificCharacter  lexer.o
    0x0805f1d8   0x0805f1d8   0x000000be   Code   RO        10277    i.scpiLex_StringProgramData  lexer.o
    0x0805f296   0x0805f296   0x0000006c   Code   RO        10278    i.scpiLex_SuffixProgramData  lexer.o
    0x0805f302   0x0805f302   0x0000002c   Code   RO        10279    i.scpiLex_WhiteSpace  lexer.o
    0x0805f32e   0x0805f32e   0x000000c8   Code   RO        10761    i.scpiParser_detectProgramMessageUnit  parser.o
    0x0805f3f6   0x0805f3f6   0x00000088   Code   RO        10762    i.scpiParser_parseAllProgramData  parser.o
    0x0805f47e   0x0805f47e   0x00000098   Code   RO        10763    i.scpiParser_parseProgramData  parser.o
    0x0805f516   0x0805f516   0x00000030   Code   RO        10280    i.skipAlpha         lexer.o
    0x0805f546   0x0805f546   0x00000028   Code   RO        10281    i.skipBinNum        lexer.o
    0x0805f56e   0x0805f56e   0x00000026   Code   RO        10282    i.skipChr           lexer.o
    0x0805f594   0x0805f594   0x00000024   Code   RO        10283    i.skipColon         lexer.o
    0x0805f5b8   0x0805f5b8   0x0000003e   Code   RO        10284    i.skipCommonProgramHeader  lexer.o
    0x0805f5f6   0x0805f5f6   0x00000054   Code   RO        10285    i.skipCompoundProgramHeader  lexer.o
    0x0805f64a   0x0805f64a   0x0000002a   Code   RO        10286    i.skipDigit         lexer.o
    0x0805f674   0x0805f674   0x0000000e   Code   RO        10287    i.skipDoubleQuoteProgramData  lexer.o
    0x0805f682   0x0805f682   0x00000036   Code   RO        10288    i.skipExponent      lexer.o
    0x0805f6b8   0x0805f6b8   0x00000034   Code   RO        10289    i.skipHexNum        lexer.o
    0x0805f6ec   0x0805f6ec   0x0000002a   Code   RO        10290    i.skipMantisa       lexer.o
    0x0805f716   0x0805f716   0x0000002c   Code   RO        10291    i.skipNumbers       lexer.o
    0x0805f742   0x0805f742   0x00000028   Code   RO        10292    i.skipOctNum        lexer.o
    0x0805f76a   0x0805f76a   0x00000024   Code   RO        10293    i.skipPlusmn        lexer.o
    0x0805f78e   0x0805f78e   0x00000022   Code   RO        10294    i.skipProgramExpression  lexer.o
    0x0805f7b0   0x0805f7b0   0x0000006c   Code   RO        10295    i.skipProgramMnemonic  lexer.o
    0x0805f81c   0x0805f81c   0x00000066   Code   RO        10296    i.skipQuoteProgramData  lexer.o
    0x0805f882   0x0805f882   0x0000000e   Code   RO        10297    i.skipSingleQuoteProgramData  lexer.o
    0x0805f890   0x0805f890   0x00000030   Code   RO        10298    i.skipSlashDot      lexer.o
    0x0805f8c0   0x0805f8c0   0x00000024   Code   RO        10299    i.skipStar          lexer.o
    0x0805f8e4   0x0805f8e4   0x00000028   Code   RO        11200    i.skipWhitespace    utils.o
    0x0805f90c   0x0805f90c   0x00000028   Code   RO        10300    i.skipWs            lexer.o
    0x0805f934   0x0805f934   0x0000006e   Code   RO        11801    i.sqrt              m_wm.l(sqrt.o)
    0x0805f9a2   0x0805f9a2   0x00000010   Code   RO         8418    i.st_clust          ff.o
    0x0805f9b2   0x0805f9b2   0x0000001a   Code   RO        11201    i.strBaseToInt32    utils.o
    0x0805f9cc   0x0805f9cc   0x0000001c   Code   RO        11202    i.strBaseToInt64    utils.o
    0x0805f9e8   0x0805f9e8   0x0000001a   Code   RO        11203    i.strBaseToUInt32   utils.o
    0x0805fa02   0x0805fa02   0x0000001c   Code   RO        11204    i.strBaseToUInt64   utils.o
    0x0805fa1e   0x0805fa1e   0x00000018   Code   RO        11205    i.strToDouble       utils.o
    0x0805fa36   0x0805fa36   0x00000018   Code   RO        11206    i.strToFloat        utils.o
    0x0805fa4e   0x0805fa4e   0x0000002c   Code   RO        11207    i.strnpbrk          utils.o
    0x0805fa7a   0x0805fa7a   0x00000020   Code   RO         8419    i.sum_sfn           ff.o
    0x0805fa9a   0x0805fa9a   0x00000052   Code   RO         8421    i.sync_window       ff.o
    0x0805faec   0x0805faec   0x00000076   Code   RO        10640    i.transformNumber   units.o
    0x0805fb62   0x0805fb62   0x0000004a   Code   RO        10641    i.translateUnit     units.o
    0x0805fbac   0x0805fbac   0x0000005c   Code   RO        10642    i.translateUnitInverse  units.o
    0x0805fc08   0x0805fc08   0x00000036   Code   RO         8422    i.validate          ff.o
    0x0805fc3e   0x0805fc3e   0x00000026   Code   RO        10127    i.writeControl      ieee488.o
    0x0805fc64   0x0805fc64   0x0000001c   Code   RO        10764    i.writeData         parser.o
    0x0805fc80   0x0805fc80   0x00000020   Code   RO        10765    i.writeDelimiter    parser.o
    0x0805fca0   0x0805fca0   0x00000028   Code   RO        10766    i.writeNewLine      parser.o
    0x0805fcc8   0x0805fcc8   0x00000020   Code   RO        10767    i.writeSemicolon    parser.o
    0x0805fce8   0x0805fce8   0x00001328   Data   RO         5631    .constdata          user.o
    0x08061010   0x08061010   0x0005fa00   Data   RO         6153    .constdata          test.o
    0x080c0a10   0x080c0a10   0x000004c4   Data   RO         6430    .constdata          scpi-def.o
    0x080c0ed4   0x080c0ed4   0x00004411   Data   RO         7077    .constdata          bsp_lcd.o
    0x080c52e5   0x080c52e5   0x00000001   PAD
    0x080c52e6   0x080c52e6   0x00009d00   Data   RO         7414    .constdata          fonts.o
    0x080cefe6   0x080cefe6   0x0000003a   Data   RO         8424    .constdata          ff.o
    0x080cf020   0x080cf020   0x0002acc8   Data   RO         8706    .constdata          cc936.o
    0x080f9ce8   0x080f9ce8   0x00000036   Data   RO         9874    .constdata          error.o
    0x080f9d1e   0x080f9d1e   0x00000002   PAD
    0x080f9d20   0x080f9d20   0x00000200   Data   RO        10643    .constdata          units.o
    0x080f9f20   0x080f9f20   0x00000024   Data   RO        10768    .constdata          parser.o
    0x080f9f44   0x080f9f44   0x00000004   PAD
    0x080f9f48   0x080f9f48   0x00000088   Data   RO        11401    .constdata          m_wm.l(pow.o)
    0x080f9fd0   0x080f9fd0   0x00000081   Data   RO        11430    .constdata          mc_w.l(ctype_o.o)
    0x080fa051   0x080fa051   0x00000003   PAD
    0x080fa054   0x080fa054   0x00000004   Data   RO        11431    .constdata          mc_w.l(ctype_o.o)
    0x080fa058   0x080fa058   0x00000008   Data   RO        11798    .constdata          m_wm.l(qnan.o)
    0x080fa060   0x080fa060   0x0000060a   Data   RO         6431    .conststring        scpi-def.o
    0x080fa66a   0x080fa66a   0x00000002   PAD
    0x080fa66c   0x080fa66c   0x000000b5   Data   RO        10644    .conststring        units.o
    0x080fa721   0x080fa721   0x00000003   PAD
    0x080fa724   0x080fa724   0x00000020   Data   RO        11879    Region$$Table       anon$$obj.o


    Execution Region RW_IRAM2 (Exec base: 0x10000000, Load base: 0x080fa8bc, Size: 0x00000000, Max: 0x00010000, ABSOLUTE)

    **** No section assigned to this execution region ****


    Execution Region RW_IRAM1 (Exec base: 0x20000000, Load base: 0x080fa744, Size: 0x00018480, Max: 0x00030000, ABSOLUTE, COMPRESSED[0x00000178])

    Exec Addr    Load Addr    Size         Type   Attr      Idx    E Section Name        Object

    0x20000000   COMPRESSED   0x00000014   Data   RW           16    .data               system_stm32f4xx.o
    0x20000014   COMPRESSED   0x00000010   Data   RW         3013    .data               stm32f4xx_rcc.o
    0x20000024   COMPRESSED   0x00000032   Data   RW         5303    .data               stm32f4xx_it.o
    0x20000056   COMPRESSED   0x00000002   PAD
    0x20000058   COMPRESSED   0x00000015   Data   RW         5503    .data               pbdata.o
    0x2000006d   COMPRESSED   0x00000003   PAD
    0x20000070   COMPRESSED   0x00000108   Data   RW         6154    .data               test.o
    0x20000178   COMPRESSED   0x000000d0   Data   RW         6432    .data               scpi-def.o
    0x20000248   COMPRESSED   0x00000010   Data   RW         6936    .data               keyboard.o
    0x20000258   COMPRESSED   0x0000001d   Data   RW         7078    .data               bsp_lcd.o
    0x20000275   COMPRESSED   0x00000003   PAD
    0x20000278   COMPRESSED   0x00000021   Data   RW         7415    .data               fonts.o
    0x20000299   COMPRESSED   0x00000003   PAD
    0x2000029c   COMPRESSED   0x00000004   Data   RW         7473    .data               bsp_spi_flash.o
    0x200002a0   COMPRESSED   0x00000065   Data   RW         7731    .data               bsp_debug_usart.o
    0x20000305   COMPRESSED   0x00000003   PAD
    0x20000308   COMPRESSED   0x00000004   Data   RW         8067    .data               bsp_systick.o
    0x2000030c   COMPRESSED   0x00000002   Data   RW         8425    .data               ff.o
    0x2000030e   COMPRESSED   0x00000002   PAD
    0x20000310   COMPRESSED   0x00000008   Data   RW         8746    .data               usb_bsp.o
    0x20000318   COMPRESSED   0x00000049   Data   RW         8834    .data               usbh_usr.o
    0x20000361   COMPRESSED   0x00000003   PAD
    0x20000364   COMPRESSED   0x00000012   Data   RW         9385    .data               usbh_core.o
    0x20000376   COMPRESSED   0x00000003   Data   RW         9604    .data               usbh_stdreq.o
    0x20000379   COMPRESSED   0x00000003   PAD
    0x2000037c   COMPRESSED   0x00000011   Data   RW         9698    .data               usbh_msc_bot.o
    0x2000038d   COMPRESSED   0x00000003   PAD
    0x20000390   COMPRESSED   0x0000001d   Data   RW         9750    .data               usbh_msc_core.o
    0x200003ad   COMPRESSED   0x00000001   Data   RW         9810    .data               usbh_msc_scsi.o
    0x200003ae   COMPRESSED   0x00000002   PAD
    0x200003b0   COMPRESSED   0x00000004   Data   RW        11825    .data               mc_w.l(stdout.o)
    0x200003b4   COMPRESSED   0x00000004   Data   RW        11839    .data               mc_w.l(errno.o)
    0x200003b8        -       0x000002cb   Zero   RW         5302    .bss                stm32f4xx_it.o
    0x20000683   COMPRESSED   0x00000001   PAD
    0x20000684        -       0x00000548   Zero   RW         5502    .bss                pbdata.o
    0x20000bcc        -       0x0000008c   Zero   RW         5630    .bss                user.o
    0x20000c58        -       0x00012176   Zero   RW         6152    .bss                test.o
    0x20012dce   COMPRESSED   0x00000002   PAD
    0x20012dd0        -       0x000003b0   Zero   RW         6429    .bss                scpi-def.o
    0x20013180        -       0x00000628   Zero   RW         7730    .bss                bsp_debug_usart.o
    0x200137a8        -       0x0000000c   Zero   RW         8423    .bss                ff.o
    0x200137b4        -       0x00000630   Zero   RW         8832    .bss                usbh_usr.o
    0x20013de4        -       0x00000200   Zero   RW         9603    .bss                usbh_stdreq.o
    0x20013fe4        -       0x00000040   Zero   RW         9697    .bss                usbh_msc_bot.o
    0x20014024        -       0x0000004a   Zero   RW         9749    .bss                usbh_msc_core.o
    0x2001406e   COMPRESSED   0x00000002   PAD
    0x20014070        -       0x00000410   Zero   RW         9809    .bss                usbh_msc_scsi.o
    0x20014480        -       0x00004000   Zero   RW            1    STACK               startup_stm32f429_439xx.o


==============================================================================

Image component sizes


      Code (inc. data)   RO Data    RW Data    ZI Data      Debug   Object Name

       118          6          0          0          0       1537   bsp_basic_tim.o
     13622        802          0        101       1576      30655   bsp_debug_usart.o
      3658        194      17425         29          0      27496   bsp_lcd.o
       342         32          0          0          0       2342   bsp_rtc.o
      1272         30          0          0          0       3089   bsp_sdram.o
      1102        148          0          4          0       6615   bsp_spi_flash.o
       192         20          0          4          0      29205   bsp_systick.o
       180         18     175304          0          0       2455   cc936.o
       360         26          0          0          0       7676   diskio.o
       946        328         54          0          0      13039   error.o
       470          4          0          0          0      10364   expression.o
      5914         64         58          2         12      29646   ff.o
       280          0          0          0          0      10729   fifo.o
        56          8          0          0          0       1295   flash_eerom.o
        32          6      40192         33          0       3447   fonts.o
       302         40          0          0          0       3872   gpio.o
       894         18          0          0          0      12630   ieee488.o
      3616        208          0         16          0      10256   keyboard.o
      2742          0          0          0          0      31374   lexer.o
       192         44          0          0          0      16093   main.o
       204         10          0          0          0       4677   minimal.o
       160         32          0          0          0       2297   misc.o
      4016        164         36          0          0      41556   parser.o
        42         10          0         21       1352      11401   pbdata.o
      2334        230       2766        208        944      41828   scpi-def.o
        36          8        428          0      16384        956   startup_stm32f429_439xx.o
       624         54          0          0          0       7132   stm32f4xx_dma.o
       294         20          0          0          0       3080   stm32f4xx_dma2d.o
       184         16          0          0          0       2308   stm32f4xx_exti.o
       452         20          0          0          0       3743   stm32f4xx_fmc.o
       258          0          0          0          0       4405   stm32f4xx_gpio.o
      3070        278          0         50        715      65348   stm32f4xx_it.o
       742         26          0          0          0       4518   stm32f4xx_ltdc.o
        12          6          0          0          0        574   stm32f4xx_pwr.o
       728        108          0         16          0      12405   stm32f4xx_rcc.o
      1366        104          0          0          0      13720   stm32f4xx_rtc.o
       112          0          0          0          0       3790   stm32f4xx_spi.o
      1234         82          0          0          0      14356   stm32f4xx_tim.o
       446          8          0          0          0       5908   stm32f4xx_usart.o
       396         38          0         20          0     361281   system_stm32f4xx.o
     19492       1708     391680        264      74102      33901   test.o
       792         36        693          0          0       5044   units.o
       444         22          0          8          0       6076   usb_bsp.o
      2996         18          0          0          0      19475   usb_core.o
       202          0          0          0          0       5435   usb_hcd.o
      3702         16          0          0          0      10735   usb_hcd_int.o
      1648         42          0         18          0       9377   usbh_core.o
       390          0          0          0          0       4792   usbh_hcs.o
       560          0          0          0          0       5846   usbh_ioreq.o
        24          6          0          0          0        958   usbh_it.o
      1140        100          0         17         64       6965   usbh_msc_bot.o
       876         62          0         29         74       6853   usbh_msc_core.o
      1312         88          0          1       1040       7540   usbh_msc_scsi.o
       942         14          0          3        512      10813   usbh_stdreq.o
       204         24          0         73       1584      10769   usbh_usr.o
     29644       3280       4904          0        140      61893   user.o
      1808         50          0          0          0      23224   utils.o

    ----------------------------------------------------------------------
    119292       8676     633584        944      98504    1088794   Object Totals
         0          0         32          0          0          0   (incl. Generated)
       116          0         12         27          5          0   (incl. Padding)

    ----------------------------------------------------------------------

      Code (inc. data)   RO Data    RW Data    ZI Data      Debug   Library Member Name

       164         44          0          0          0        620   dunder.o
        24          0          0          0          0        124   fabs.o
        48          0          0          0          0        124   fpclassify.o
       248          0          0          0          0        152   poly.o
      3152        296        136          0          0        352   pow.o
         0          0          8          0          0          0   qnan.o
       110          0          0          0          0        148   sqrt.o
        40         10          0          0          0        128   strtod.o
        56         14          0          0          0        128   strtof.o
        86          0          0          0          0          0   __dczerorl2.o
       144          0          0          0          0         88   __strtoll.o
       124          0          0          0          0         92   __strtoull.o
        28          0          0          0          0         68   _chval.o
        64          0          0          0          0         84   _sgetc.o
       158          0          0          0          0         92   _strtoul.o
       194          0          0          0          0         96   _strtoull.o
         8          4        133          0          0         68   ctype_o.o
         0          0          0          0          0          0   entry.o
         0          0          0          0          0          0   entry10a.o
         0          0          0          0          0          0   entry11a.o
         8          4          0          0          0          0   entry2.o
         4          0          0          0          0          0   entry5.o
         0          0          0          0          0          0   entry7b.o
         0          0          0          0          0          0   entry8b.o
         8          4          0          0          0          0   entry9a.o
        20         10          0          4          0        136   errno.o
        30          0          0          0          0          0   handlers.o
        36          8          0          0          0         68   init.o
        18          0          0          0          0         76   isspace_o.o
         0          0          0          0          0          0   iusefp.o
        30          0          0          0          0         68   llshl.o
        36          0          0          0          0         68   llsshr.o
        32          0          0          0          0         68   llushr.o
        64          0          0          0          0         76   memmovea.o
        36          0          0          0          0        108   memseta.o
      2378        100          0          0          0        756   printfa.o
       838         12          0          0          0        216   scanf_fp.o
         0          0          0          4          0          0   stdout.o
        28          0          0          0          0         76   strcmp.o
        14          0          0          0          0         68   strlen.o
        50          0          0          0          0         84   strncasecmp.o
        40          0          0          0          0         76   strncat.o
        24          0          0          0          0         76   strncpy.o
       156         12          0          0          0        120   strtod.o
       112          0          0          0          0         88   strtol.o
         4          0          0          0          0         68   strtoll.o
       114          0          0          0          0         92   strtoul.o
         4          0          0          0          0         68   strtoull.o
        12          0          0          0          0         68   tolower.o
        44          0          0          0          0         80   uidiv.o
        98          0          0          0          0         92   uldiv.o
        48          0          0          0          0         68   cdcmple.o
        48          0          0          0          0         68   cdrcmple.o
        56          0          0          0          0         88   d2f.o
       334          0          0          0          0        148   dadd.o
       222          0          0          0          0        100   ddiv.o
       186          0          0          0          0        176   depilogue.o
        50          0          0          0          0         76   dfixui.o
        48          0          0          0          0         68   dfixul.o
        34          0          0          0          0         76   dflti.o
        26          0          0          0          0         76   dfltui.o
        24          0          0          0          0         76   dfltul.o
       228          0          0          0          0         96   dmul.o
        46          0          0          0          0         80   dscalb.o
       162          0          0          0          0        100   dsqrt.o
        38          0          0          0          0         68   f2d.o
       110          0          0          0          0        168   fepilogue.o

    ----------------------------------------------------------------------
     10560        518        280          8          0       6592   Library Totals
        14          0          3          0          0          0   (incl. Padding)

    ----------------------------------------------------------------------

      Code (inc. data)   RO Data    RW Data    ZI Data      Debug   Library Name

      3842        364        144          0          0       1776   m_wm.l
      5044        154        133          8          0       3284   mc_w.l
      1660          0          0          0          0       1532   mf_w.l

    ----------------------------------------------------------------------
     10560        518        280          8          0       6592   Library Totals

    ----------------------------------------------------------------------

==============================================================================


      Code (inc. data)   RO Data    RW Data    ZI Data      Debug   

    129852       9194     633864        952      98504    1020166   Grand Totals
    129852       9194     633864        376      98504    1020166   ELF Image Totals (compressed)
    129852       9194     633864        376          0          0   ROM Totals

==============================================================================

    Total RO  Size (Code + RO Data)               763716 ( 745.82kB)
    Total RW  Size (RW Data + ZI Data)             99456 (  97.13kB)
    Total ROM Size (Code + RO Data + RW Data)     764092 ( 746.18kB)

==============================================================================

